Archive member included to satisfy reference by file (symbol)

/Applications/STM32CubeIDE.app/Contents/Eclipse/plugins/com.st.stm32cube.ide.mcu.externaltools.gnu-tools-for-stm32.12.3.rel1.macos64_1.0.200.202406191456/tools/bin/../lib/gcc/arm-none-eabi/12.3.1/../../../../arm-none-eabi/lib/thumb/v7-m/nofp/libc_nano.a(libc_a-atoi.o)
                              ./Core/Src/main.o (atoi)
/Applications/STM32CubeIDE.app/Contents/Eclipse/plugins/com.st.stm32cube.ide.mcu.externaltools.gnu-tools-for-stm32.12.3.rel1.macos64_1.0.200.202406191456/tools/bin/../lib/gcc/arm-none-eabi/12.3.1/../../../../arm-none-eabi/lib/thumb/v7-m/nofp/libc_nano.a(libc_a-exit.o)
                              /Applications/STM32CubeIDE.app/Contents/Eclipse/plugins/com.st.stm32cube.ide.mcu.externaltools.gnu-tools-for-stm32.12.3.rel1.macos64_1.0.200.202406191456/tools/bin/../lib/gcc/arm-none-eabi/12.3.1/../../../../arm-none-eabi/lib/thumb/v7-m/nofp/crt0.o (exit)
/Applications/STM32CubeIDE.app/Contents/Eclipse/plugins/com.st.stm32cube.ide.mcu.externaltools.gnu-tools-for-stm32.12.3.rel1.macos64_1.0.200.202406191456/tools/bin/../lib/gcc/arm-none-eabi/12.3.1/../../../../arm-none-eabi/lib/thumb/v7-m/nofp/libc_nano.a(libc_a-sprintf.o)
                              ./Core/Src/main.o (sprintf)
/Applications/STM32CubeIDE.app/Contents/Eclipse/plugins/com.st.stm32cube.ide.mcu.externaltools.gnu-tools-for-stm32.12.3.rel1.macos64_1.0.200.202406191456/tools/bin/../lib/gcc/arm-none-eabi/12.3.1/../../../../arm-none-eabi/lib/thumb/v7-m/nofp/libc_nano.a(libc_a-findfp.o)
                              /Applications/STM32CubeIDE.app/Contents/Eclipse/plugins/com.st.stm32cube.ide.mcu.externaltools.gnu-tools-for-stm32.12.3.rel1.macos64_1.0.200.202406191456/tools/bin/../lib/gcc/arm-none-eabi/12.3.1/../../../../arm-none-eabi/lib/thumb/v7-m/nofp/libc_nano.a(libc_a-exit.o) (__stdio_exit_handler)
/Applications/STM32CubeIDE.app/Contents/Eclipse/plugins/com.st.stm32cube.ide.mcu.externaltools.gnu-tools-for-stm32.12.3.rel1.macos64_1.0.200.202406191456/tools/bin/../lib/gcc/arm-none-eabi/12.3.1/../../../../arm-none-eabi/lib/thumb/v7-m/nofp/libc_nano.a(libc_a-strtol.o)
                              /Applications/STM32CubeIDE.app/Contents/Eclipse/plugins/com.st.stm32cube.ide.mcu.externaltools.gnu-tools-for-stm32.12.3.rel1.macos64_1.0.200.202406191456/tools/bin/../lib/gcc/arm-none-eabi/12.3.1/../../../../arm-none-eabi/lib/thumb/v7-m/nofp/libc_nano.a(libc_a-atoi.o) (_strtol_r)
/Applications/STM32CubeIDE.app/Contents/Eclipse/plugins/com.st.stm32cube.ide.mcu.externaltools.gnu-tools-for-stm32.12.3.rel1.macos64_1.0.200.202406191456/tools/bin/../lib/gcc/arm-none-eabi/12.3.1/../../../../arm-none-eabi/lib/thumb/v7-m/nofp/libc_nano.a(libc_a-fwalk.o)
                              /Applications/STM32CubeIDE.app/Contents/Eclipse/plugins/com.st.stm32cube.ide.mcu.externaltools.gnu-tools-for-stm32.12.3.rel1.macos64_1.0.200.202406191456/tools/bin/../lib/gcc/arm-none-eabi/12.3.1/../../../../arm-none-eabi/lib/thumb/v7-m/nofp/libc_nano.a(libc_a-findfp.o) (_fwalk_sglue)
/Applications/STM32CubeIDE.app/Contents/Eclipse/plugins/com.st.stm32cube.ide.mcu.externaltools.gnu-tools-for-stm32.12.3.rel1.macos64_1.0.200.202406191456/tools/bin/../lib/gcc/arm-none-eabi/12.3.1/../../../../arm-none-eabi/lib/thumb/v7-m/nofp/libc_nano.a(libc_a-memset.o)
                              /Applications/STM32CubeIDE.app/Contents/Eclipse/plugins/com.st.stm32cube.ide.mcu.externaltools.gnu-tools-for-stm32.12.3.rel1.macos64_1.0.200.202406191456/tools/bin/../lib/gcc/arm-none-eabi/12.3.1/../../../../arm-none-eabi/lib/thumb/v7-m/nofp/crt0.o (memset)
/Applications/STM32CubeIDE.app/Contents/Eclipse/plugins/com.st.stm32cube.ide.mcu.externaltools.gnu-tools-for-stm32.12.3.rel1.macos64_1.0.200.202406191456/tools/bin/../lib/gcc/arm-none-eabi/12.3.1/../../../../arm-none-eabi/lib/thumb/v7-m/nofp/libc_nano.a(libc_a-impure.o)
                              /Applications/STM32CubeIDE.app/Contents/Eclipse/plugins/com.st.stm32cube.ide.mcu.externaltools.gnu-tools-for-stm32.12.3.rel1.macos64_1.0.200.202406191456/tools/bin/../lib/gcc/arm-none-eabi/12.3.1/../../../../arm-none-eabi/lib/thumb/v7-m/nofp/libc_nano.a(libc_a-sprintf.o) (_impure_ptr)
/Applications/STM32CubeIDE.app/Contents/Eclipse/plugins/com.st.stm32cube.ide.mcu.externaltools.gnu-tools-for-stm32.12.3.rel1.macos64_1.0.200.202406191456/tools/bin/../lib/gcc/arm-none-eabi/12.3.1/../../../../arm-none-eabi/lib/thumb/v7-m/nofp/libc_nano.a(libc_a-errno.o)
                              ./Core/Src/syscalls.o (__errno)
/Applications/STM32CubeIDE.app/Contents/Eclipse/plugins/com.st.stm32cube.ide.mcu.externaltools.gnu-tools-for-stm32.12.3.rel1.macos64_1.0.200.202406191456/tools/bin/../lib/gcc/arm-none-eabi/12.3.1/../../../../arm-none-eabi/lib/thumb/v7-m/nofp/libc_nano.a(libc_a-init.o)
[...]
Memory Configuration

Name             Origin             Length             Attributes
RAM              0x20000000         0x00005000         xrw
FLASH            0x08000000         0x00020000         xr
*default*        0x00000000         0xffffffff

Linker script and memory map

LOAD /Applications/STM32CubeIDE.app/Contents/Eclipse/plugins/com.st.stm32cube.ide.mcu.externaltools.gnu-tools-for-stm32.12.3.rel1.macos64_1.0.200.202406191456/tools/bin/../lib/gcc/arm-none-eabi/12.3.1/thumb/v7-m/nofp/crti.o
LOAD /Applications/STM32CubeIDE.app/Contents/Eclipse/plugins/com.st.stm32cube.ide.mcu.externaltools.gnu-tools-for-stm32.12.3.rel1.macos64_1.0.200.202406191456/tools/bin/../lib/gcc/arm-none-eabi/12.3.1/thumb/v7-m/nofp/crtbegin.o
LOAD /Applications/STM32CubeIDE.app/Contents/Eclipse/plugins/com.st.stm32cube.ide.mcu.externaltools.gnu-tools-for-stm32.12.3.rel1.macos64_1.0.200.202406191456/tools/bin/../lib/gcc/arm-none-eabi/12.3.1/../../../../arm-none-eabi/lib/thumb/v7-m/nofp/crt0.o
LOAD ./Core/Src/dma.o
LOAD ./Core/Src/gpio.o
LOAD ./Core/Src/main.o
LOAD ./Core/Src/stm32f1xx_hal_msp.o
LOAD ./Core/Src/stm32f1xx_it.o
LOAD ./Core/Src/syscalls.o
LOAD ./Core/Src/sysmem.o
LOAD ./Core/Src/system_stm32f1xx.o
LOAD ./Core/Src/tim.o
LOAD ./Core/Src/usart.o
LOAD ./Core/Startup/startup_stm32f103rbtx.o
LOAD ./Drivers/STM32F1xx_HAL_Driver/Src/stm32f1xx_hal.o
LOAD ./Drivers/STM32F1xx_HAL_Driver/Src/stm32f1xx_hal_cortex.o
LOAD ./Drivers/STM32F1xx_HAL_Driver/Src/stm32f1xx_hal_dma.o
LOAD ./Drivers/STM32F1xx_HAL_Driver/Src/stm32f1xx_hal_exti.o
LOAD ./Drivers/STM32F1xx_HAL_Driver/Src/stm32f1xx_hal_flash.o
LOAD ./Drivers/STM32F1xx_HAL_Driver/Src/stm32f1xx_hal_flash_ex.o
LOAD ./Drivers/STM32F1xx_HAL_Driver/Src/stm32f1xx_hal_gpio.o
LOAD ./Drivers/STM32F1xx_HAL_Driver/Src/stm32f1xx_hal_gpio_ex.o
LOAD ./Drivers/STM32F1xx_HAL_Driver/Src/stm32f1xx_hal_pwr.o
LOAD ./Drivers/STM32F1xx_HAL_Driver/Src/stm32f1xx_hal_rcc.o
LOAD ./Drivers/STM32F1xx_HAL_Driver/Src/stm32f1xx_hal_rcc_ex.o
LOAD ./Drivers/STM32F1xx_HAL_Driver/Src/stm32f1xx_hal_tim.o
LOAD ./Drivers/STM32F1xx_HAL_Driver/Src/stm32f1xx_hal_tim_ex.o
LOAD ./Drivers/STM32F1xx_HAL_Driver/Src/stm32f1xx_hal_uart.o
LOAD ./Middlewares/Third_Party/NimaLTD_Driver/WS28XX/ws28xx.o
START GROUP
LOAD /Applications/STM32CubeIDE.app/Contents/Eclipse/plugins/com.st.stm32cube.ide.mcu.externaltools.gnu-tools-for-stm32.12.3.rel1.macos64_1.0.200.202406191456/tools/bin/../lib/gcc/arm-none-eabi/12.3.1/../../../../arm-none-eabi/lib/thumb/v7-m/nofp/libc_nano.a
LOAD /Applications/STM32CubeIDE.app/Contents/Eclipse/plugins/com.st.stm32cube.ide.mcu.externaltools.gnu-tools-for-stm32.12.3.rel1.macos64_1.0.200.202406191456/tools/bin/../lib/gcc/arm-none-eabi/12.3.1/../../../../arm-none-eabi/lib/thumb/v7-m/nofp/libm.a
END GROUP
START GROUP
LOAD /Applications/STM32CubeIDE.app/Contents/Eclipse/plugins/com.st.stm32cube.ide.mcu.externaltools.gnu-tools-for-stm32.12.3.rel1.macos64_1.0.200.202406191456/tools/bin/../lib/gcc/arm-none-eabi/12.3.1/thumb/v7-m/nofp/libgcc.a
LOAD /Applications/STM32CubeIDE.app/Contents/Eclipse/plugins/com.st.stm32cube.ide.mcu.externaltools.gnu-tools-for-stm32.12.3.rel1.macos64_1.0.200.202406191456/tools/bin/../lib/gcc/arm-none-eabi/12.3.1/../../../../arm-none-eabi/lib/thumb/v7-m/nofp/libc_nano.a
END GROUP
START GROUP
LOAD /Applications/STM32CubeIDE.app/Contents/Eclipse/plugins/com.st.stm32cube.ide.mcu.externaltools.gnu-tools-for-stm32.12.3.rel1.macos64_1.0.200.202406191456/tools/bin/../lib/gcc/arm-none-eabi/12.3.1/thumb/v7-m/nofp/libgcc.a
LOAD /Applications/STM32CubeIDE.app/Contents/Eclipse/plugins/com.st.stm32cube.ide.mcu.externaltools.gnu-tools-for-stm32.12.3.rel1.macos64_1.0.200.202406191456/tools/bin/../lib/gcc/arm-none-eabi/12.3.1/../../../../arm-none-eabi/lib/thumb/v7-m/nofp/libc_nano.a
LOAD /Applications/STM32CubeIDE.app/Contents/Eclipse/plugins/com.st.stm32cube.ide.mcu.externaltools.gnu-tools-for-stm32.12.3.rel1.macos64_1.0.200.202406191456/tools/bin/../lib/gcc/arm-none-eabi/12.3.1/../../../../arm-none-eabi/lib/thumb/v7-m/nofp/libnosys.a
END GROUP
START GROUP
LOAD /Applications/STM32CubeIDE.app/Contents/Eclipse/plugins/com.st.stm32cube.ide.mcu.externaltools.gnu-tools-for-stm32.12.3.rel1.macos64_1.0.200.202406191456/tools/bin/../lib/gcc/arm-none-eabi/12.3.1/thumb/v7-m/nofp/libgcc.a
LOAD /Applications/STM32CubeIDE.app/Contents/Eclipse/plugins/com.st.stm32cube.ide.mcu.externaltools.gnu-tools-for-stm32.12.3.rel1.macos64_1.0.200.202406191456/tools/bin/../lib/gcc/arm-none-eabi/12.3.1/../../../../arm-none-eabi/lib/thumb/v7-m/nofp/libc_nano.a
LOAD /Applications/STM32CubeIDE.app/Contents/Eclipse/plugins/com.st.stm32cube.ide.mcu.externaltools.gnu-tools-for-stm32.12.3.rel1.macos64_1.0.200.202406191456/tools/bin/../lib/gcc/arm-none-eabi/12.3.1/../../../../arm-none-eabi/lib/thumb/v7-m/nofp/libnosys.a
END GROUP
LOAD /Applications/STM32CubeIDE.app/Contents/Eclipse/plugins/com.st.stm32cube.ide.mcu.externaltools.gnu-tools-for-stm32.12.3.rel1.macos64_1.0.200.202406191456/tools/bin/../lib/gcc/arm-none-eabi/12.3.1/thumb/v7-m/nofp/crtend.o
LOAD /Applications/STM32CubeIDE.app/Contents/Eclipse/plugins/com.st.stm32cube.ide.mcu.externaltools.gnu-tools-for-stm32.12.3.rel1.macos64_1.0.200.202406191456/tools/bin/../lib/gcc/arm-none-eabi/12.3.1/thumb/v7-m/nofp/crtn.o
                0x20005000                        _estack = (ORIGIN (RAM) + LENGTH (RAM))
                0x00000200                        _Min_Heap_Size = 0x200
                0x00000400                        _Min_Stack_Size = 0x400

.isr_vector     0x08000000      0x10c
                0x08000000                        . = ALIGN (0x4)
 *(.isr_vector)
 .isr_vector    0x08000000      0x10c ./Core/Startup/startup_stm32f103rbtx.o
                0x08000000                g_pfnVectors
                0x0800010c                        . = ALIGN (0x4)

.text           0x0800010c     0x55e4
                0x0800010c                        . = ALIGN (0x4)
 *(.text)
 .text          0x0800010c       0x40 /Applications/STM32CubeIDE.app/Contents/Eclipse/plugins/com.st.stm32cube.ide.mcu.externaltools.gnu-tools-for-stm32.12.3.rel1.macos64_1.0.200.202406191456/tools/bin/../lib/gcc/arm-none-eabi/12.3.1/thumb/v7-m/nofp/crtbegin.o
 .text          0x0800014c       0x10 /Applications/STM32CubeIDE.app/Contents/Eclipse/plugins/com.st.stm32cube.ide.mcu.externaltools.gnu-tools-for-stm32.12.3.rel1.macos64_1.0.200.202406191456/tools/bin/../lib/gcc/arm-none-eabi/12.3.1/../../../../arm-none-eabi/lib/thumb/v7-m/nofp/libc_nano.a(libc_a-strlen.o)
                0x0800014c                strlen
 .text          0x0800015c      0x21c /Applications/STM32CubeIDE.app/Contents/Eclipse/plugins/com.st.stm32cube.ide.mcu.externaltools.gnu-tools-for-stm32.12.3.rel1.macos64_1.0.200.202406191456/tools/bin/../lib/gcc/arm-none-eabi/12.3.1/thumb/v7-m/nofp/libgcc.a(_arm_addsubsf3.o)
                0x0800015c                __aeabi_frsub
                0x08000164                __aeabi_fsub
                0x08000164                __subsf3
                0x08000168                __aeabi_fadd
                0x08000168                __addsf3
                0x080002c8                __aeabi_ui2f
                0x080002c8                __floatunsisf
                0x080002d0                __floatsisf
                0x080002d0                __aeabi_i2f
                0x080002ec                __aeabi_ul2f
                0x080002ec                __floatundisf
                0x080002fc                __aeabi_l2f
                0x080002fc                __floatdisf
 .text          0x08000378      0x2a0 /Applications/STM32CubeIDE.app/Contents/Eclipse/plugins/com.st.stm32cube.ide.mcu.externaltools.gnu-tools-for-stm32.12.3.rel1.macos64_1.0.200.202406191456/tools/bin/../lib/gcc/arm-none-eabi/12.3.1/thumb/v7-m/nofp/libgcc.a(_arm_muldivsf3.o)
                0x08000378                __mulsf3
                0x08000378                __aeabi_fmul
                0x080004e0                __divsf3
                0x080004e0                __aeabi_fdiv
 .text          0x08000618       0x40 /Applications/STM32CubeIDE.app/Contents/Eclipse/plugins/com.st.stm32cube.ide.mcu.externaltools.gnu-tools-for-stm32.12.3.rel1.macos64_1.0.200.202406191456/tools/bin/../lib/gcc/arm-none-eabi/12.3.1/thumb/v7-m/nofp/libgcc.a(_arm_fixunssfsi.o)
                0x08000618                __aeabi_f2uiz
                0x08000618                __fixunssfsi
 *(.text*)
 .text.MX_DMA_Init
                0x08000658       0x3c ./Core/Src/dma.o
                0x08000658                MX_DMA_Init
 .text.MX_GPIO_Init
                0x08000694      0x158 ./Core/Src/gpio.o
                0x08000694                MX_GPIO_Init
 .text.Draw_Arrow
                0x080007ec       0x60 ./Core/Src/main.o
                0x080007ec                Draw_Arrow
 .text.Clear_Arrow
                0x0800084c       0x58 ./Core/Src/main.o
                0x0800084c                Clear_Arrow
 .text.Shift_Arrow
                0x080008a4       0x78 ./Core/Src/main.o
                0x080008a4                Shift_Arrow
 .text.Draw_Strips
                0x0800091c       0x62 ./Core/Src/main.o
                0x0800091c                Draw_Strips
 .text.Draw_Cross
                0x0800097e       0x48 ./Core/Src/main.o
                0x0800097e                Draw_Cross
 .text.Clear_Cross
                0x080009c6       0x40 ./Core/Src/main.o
                0x080009c6                Clear_Cross
 *fill*         0x08000a06        0x2 
 .text.Arrow_Animation
                0x08000a08       0x80 ./Core/Src/main.o
                0x08000a08                Arrow_Animation
 .text.Cross_Animation
                0x08000a88       0xd8 ./Core/Src/main.o
                0x08000a88                Cross_Animation
 .text.Speed_Control
                0x08000b60       0x20 ./Core/Src/main.o
                0x08000b60                Speed_Control
 .text.Direction
                0x08000b80       0x50 ./Core/Src/main.o
                0x08000b80                Direction
 .text.encoder  0x08000bd0       0x30 ./Core/Src/main.o
                0x08000bd0                encoder
 .text.HAL_GPIO_EXTI_Callback
                0x08000c00       0x28 ./Core/Src/main.o
                0x08000c00                HAL_GPIO_EXTI_Callback
 .text.quarter_cycle_open
                0x08000c28       0x32 ./Core/Src/main.o
                0x08000c28                quarter_cycle_open
 .text.quarter_cycle_closed
                0x08000c5a       0x32 ./Core/Src/main.o
                0x08000c5a                quarter_cycle_closed
 .text.ready_state
                0x08000c8c       0x44 ./Core/Src/main.o
                0x08000c8c                ready_state
 .text.reading_state
                0x08000cd0       0x64 ./Core/Src/main.o
                0x08000cd0                reading_state
 .text.open_state
                0x08000d34       0x3c ./Core/Src/main.o
                0x08000d34                open_state
 .text.closed_state
                0x08000d70       0x60 ./Core/Src/main.o
                0x08000d70                closed_state
 .text.main     0x08000dd0       0xd4 ./Core/Src/main.o
                0x08000dd0                main
 .text.SystemClock_Config
                0x08000ea4       0x8a ./Core/Src/main.o
                0x08000ea4                SystemClock_Config
 *fill*         0x08000f2e        0x2 
 .text.HAL_UART_RxCpltCallback
                0x08000f30      0x130 ./Core/Src/main.o
                0x08000f30                HAL_UART_RxCpltCallback
 .text.Error_Handler
                0x08001060        0xc ./Core/Src/main.o
                0x08001060                Error_Handler
 .text.HAL_MspInit
                0x0800106c       0x64 ./Core/Src/stm32f1xx_hal_msp.o
                0x0800106c                HAL_MspInit
 .text.NMI_Handler
                0x080010d0        0x8 ./Core/Src/stm32f1xx_it.o
                0x080010d0                NMI_Handler
 .text.HardFault_Handler
                0x080010d8        0x8 ./Core/Src/stm32f1xx_it.o
                0x080010d8                HardFault_Handler
 .text.MemManage_Handler
                0x080010e0        0x8 ./Core/Src/stm32f1xx_it.o
                0x080010e0                MemManage_Handler
 .text.BusFault_Handler
                0x080010e8        0x8 ./Core/Src/stm32f1xx_it.o
                0x080010e8                BusFault_Handler
 .text.UsageFault_Handler
                0x080010f0        0x8 ./Core/Src/stm32f1xx_it.o
                0x080010f0                UsageFault_Handler
 .text.SVC_Handler
                0x080010f8        0xc ./Core/Src/stm32f1xx_it.o
                0x080010f8                SVC_Handler
 .text.DebugMon_Handler
                0x08001104        0xc ./Core/Src/stm32f1xx_it.o
                0x08001104                DebugMon_Handler
 .text.PendSV_Handler
                0x08001110        0xc ./Core/Src/stm32f1xx_it.o
                0x08001110                PendSV_Handler
 .text.SysTick_Handler
                0x0800111c        0xc ./Core/Src/stm32f1xx_it.o
                0x0800111c                SysTick_Handler
 .text.EXTI2_IRQHandler
                0x08001128        0xe ./Core/Src/stm32f1xx_it.o
                0x08001128                EXTI2_IRQHandler
 .text.EXTI3_IRQHandler
                0x08001136        0xe ./Core/Src/stm32f1xx_it.o
                0x08001136                EXTI3_IRQHandler
 .text.DMA1_Channel6_IRQHandler
                0x08001144       0x14 ./Core/Src/stm32f1xx_it.o
                0x08001144                DMA1_Channel6_IRQHandler
 .text.USART1_IRQHandler
                0x08001158       0x14 ./Core/Src/stm32f1xx_it.o
                0x08001158                USART1_IRQHandler
 .text.USART2_IRQHandler
                0x0800116c       0x14 ./Core/Src/stm32f1xx_it.o
                0x0800116c                USART2_IRQHandler
 .text.USART3_IRQHandler
                0x08001180       0x14 ./Core/Src/stm32f1xx_it.o
                0x08001180                USART3_IRQHandler
 .text._sbrk    0x08001194       0x6c ./Core/Src/sysmem.o
                0x08001194                _sbrk
 .text.SystemInit
                0x08001200        0xc ./Core/Src/system_stm32f1xx.o
                0x08001200                SystemInit
 .text.MX_TIM3_Init
                0x0800120c       0xb4 ./Core/Src/tim.o
                0x0800120c                MX_TIM3_Init
 .text.MX_TIM4_Init
                0x080012c0       0xec ./Core/Src/tim.o
                0x080012c0                MX_TIM4_Init
 .text.HAL_TIM_PWM_MspInit
                0x080013ac       0xa0 ./Core/Src/tim.o
                0x080013ac                HAL_TIM_PWM_MspInit
 .text.HAL_TIM_Base_MspInit
                0x0800144c       0x3c ./Core/Src/tim.o
                0x0800144c                HAL_TIM_Base_MspInit
 .text.HAL_TIM_MspPostInit
                0x08001488       0xa8 ./Core/Src/tim.o
                0x08001488                HAL_TIM_MspPostInit
 .text.MX_USART1_UART_Init
                0x08001530       0x54 ./Core/Src/usart.o
                0x08001530                MX_USART1_UART_Init
 .text.MX_USART2_UART_Init
                0x08001584       0x54 ./Core/Src/usart.o
                0x08001584                MX_USART2_UART_Init
 .text.MX_USART3_UART_Init
                0x080015d8       0x54 ./Core/Src/usart.o
                0x080015d8                MX_USART3_UART_Init
 .text.HAL_UART_MspInit
                0x0800162c      0x198 ./Core/Src/usart.o
                0x0800162c                HAL_UART_MspInit
 .text.Reset_Handler
                0x080017c4       0x48 ./Core/Startup/startup_stm32f103rbtx.o
                0x080017c4                Reset_Handler
 .text.Default_Handler
                0x0800180c        0x2 ./Core/Startup/startup_stm32f103rbtx.o
                0x0800180c                USBWakeUp_IRQHandler
                0x0800180c                TIM1_CC_IRQHandler
                0x0800180c                PVD_IRQHandler
                0x0800180c                EXTI0_IRQHandler
                0x0800180c                I2C2_EV_IRQHandler
                0x0800180c                ADC1_2_IRQHandler
                0x0800180c                SPI1_IRQHandler
                0x0800180c                TAMPER_IRQHandler
                0x0800180c                DMA1_Channel4_IRQHandler
                0x0800180c                RTC_IRQHandler
                0x0800180c                DMA1_Channel7_IRQHandler
                0x0800180c                CAN1_RX1_IRQHandler
                0x0800180c                TIM4_IRQHandler
                0x0800180c                I2C1_EV_IRQHandler
                0x0800180c                TIM3_IRQHandler
                0x0800180c                RCC_IRQHandler
                0x0800180c                TIM1_TRG_COM_IRQHandler
                0x0800180c                DMA1_Channel1_IRQHandler
                0x0800180c                Default_Handler
                0x0800180c                EXTI15_10_IRQHandler
                0x0800180c                EXTI9_5_IRQHandler
                0x0800180c                SPI2_IRQHandler
                0x0800180c                DMA1_Channel5_IRQHandler
                0x0800180c                EXTI4_IRQHandler
                0x0800180c                USB_LP_CAN1_RX0_IRQHandler
                0x0800180c                USB_HP_CAN1_TX_IRQHandler
                0x0800180c                DMA1_Channel3_IRQHandler
                0x0800180c                TIM1_UP_IRQHandler
                0x0800180c                WWDG_IRQHandler
                0x0800180c                TIM2_IRQHandler
                0x0800180c                TIM1_BRK_IRQHandler
                0x0800180c                EXTI1_IRQHandler
                0x0800180c                I2C2_ER_IRQHandler
                0x0800180c                DMA1_Channel2_IRQHandler
                0x0800180c                CAN1_SCE_IRQHandler
                0x0800180c                FLASH_IRQHandler
                0x0800180c                I2C1_ER_IRQHandler
                0x0800180c                RTC_Alarm_IRQHandler
 *fill*         0x0800180e        0x2 
 .text.HAL_Init
                0x08001810       0x2c ./Drivers/STM32F1xx_HAL_Driver/Src/stm32f1xx_hal.o
                0x08001810                HAL_Init
 .text.HAL_InitTick
                0x0800183c       0x60 ./Drivers/STM32F1xx_HAL_Driver/Src/stm32f1xx_hal.o
                0x0800183c                HAL_InitTick
 .text.HAL_IncTick
                0x0800189c       0x24 ./Drivers/STM32F1xx_HAL_Driver/Src/stm32f1xx_hal.o
                0x0800189c                HAL_IncTick
 .text.HAL_GetTick
                0x080018c0       0x14 ./Drivers/STM32F1xx_HAL_Driver/Src/stm32f1xx_hal.o
                0x080018c0                HAL_GetTick
 .text.HAL_Delay
                0x080018d4       0x48 ./Drivers/STM32F1xx_HAL_Driver/Src/stm32f1xx_hal.o
                0x080018d4                HAL_Delay
 .text.__NVIC_SetPriorityGrouping
                0x0800191c       0x48 ./Drivers/STM32F1xx_HAL_Driver/Src/stm32f1xx_hal_cortex.o
 .text.__NVIC_GetPriorityGrouping
                0x08001964       0x1c ./Drivers/STM32F1xx_HAL_Driver/Src/stm32f1xx_hal_cortex.o
 .text.__NVIC_EnableIRQ
                0x08001980       0x38 ./Drivers/STM32F1xx_HAL_Driver/Src/stm32f1xx_hal_cortex.o
 .text.__NVIC_SetPriority
                0x080019b8       0x54 ./Drivers/STM32F1xx_HAL_Driver/Src/stm32f1xx_hal_cortex.o
 .text.NVIC_EncodePriority
                0x08001a0c       0x64 ./Drivers/STM32F1xx_HAL_Driver/Src/stm32f1xx_hal_cortex.o
 .text.SysTick_Config
                0x08001a70       0x44 ./Drivers/STM32F1xx_HAL_Driver/Src/stm32f1xx_hal_cortex.o
 .text.HAL_NVIC_SetPriorityGrouping
                0x08001ab4       0x16 ./Drivers/STM32F1xx_HAL_Driver/Src/stm32f1xx_hal_cortex.o
                0x08001ab4                HAL_NVIC_SetPriorityGrouping
 .text.HAL_NVIC_SetPriority
                0x08001aca       0x38 ./Drivers/STM32F1xx_HAL_Driver/Src/stm32f1xx_hal_cortex.o
                0x08001aca                HAL_NVIC_SetPriority
 .text.HAL_NVIC_EnableIRQ
                0x08001b02       0x1c ./Drivers/STM32F1xx_HAL_Driver/Src/stm32f1xx_hal_cortex.o
                0x08001b02                HAL_NVIC_EnableIRQ
 .text.HAL_SYSTICK_Config
                0x08001b1e       0x18 ./Drivers/STM32F1xx_HAL_Driver/Src/stm32f1xx_hal_cortex.o
                0x08001b1e                HAL_SYSTICK_Config
 *fill*         0x08001b36        0x2 
 .text.HAL_DMA_Init
                0x08001b38       0xb4 ./Drivers/STM32F1xx_HAL_Driver/Src/stm32f1xx_hal_dma.o
                0x08001b38                HAL_DMA_Init
 .text.HAL_DMA_Start_IT
                0x08001bec       0xc0 ./Drivers/STM32F1xx_HAL_Driver/Src/stm32f1xx_hal_dma.o
                0x08001bec                HAL_DMA_Start_IT
 .text.HAL_DMA_Abort
                0x08001cac       0x76 ./Drivers/STM32F1xx_HAL_Driver/Src/stm32f1xx_hal_dma.o
                0x08001cac                HAL_DMA_Abort
 *fill*         0x08001d22        0x2 
 .text.HAL_DMA_Abort_IT
                0x08001d24       0xf0 ./Drivers/STM32F1xx_HAL_Driver/Src/stm32f1xx_hal_dma.o
                0x08001d24                HAL_DMA_Abort_IT
 .text.HAL_DMA_IRQHandler
                0x08001e14      0x20c ./Drivers/STM32F1xx_HAL_Driver/Src/stm32f1xx_hal_dma.o
                0x08001e14                HAL_DMA_IRQHandler
 .text.DMA_SetConfig
                0x08002020       0x5a ./Drivers/STM32F1xx_HAL_Driver/Src/stm32f1xx_hal_dma.o
 *fill*         0x0800207a        0x2 
 .text.HAL_GPIO_Init
                0x0800207c      0x308 ./Drivers/STM32F1xx_HAL_Driver/Src/stm32f1xx_hal_gpio.o
                0x0800207c                HAL_GPIO_Init
 .text.HAL_GPIO_WritePin
                0x08002384       0x30 ./Drivers/STM32F1xx_HAL_Driver/Src/stm32f1xx_hal_gpio.o
                0x08002384                HAL_GPIO_WritePin
 .text.HAL_GPIO_TogglePin
                0x080023b4       0x32 ./Drivers/STM32F1xx_HAL_Driver/Src/stm32f1xx_hal_gpio.o
                0x080023b4                HAL_GPIO_TogglePin
 *fill*         0x080023e6        0x2 
 .text.HAL_GPIO_EXTI_IRQHandler
                0x080023e8       0x30 ./Drivers/STM32F1xx_HAL_Driver/Src/stm32f1xx_hal_gpio.o
                0x080023e8                HAL_GPIO_EXTI_IRQHandler
 .text.HAL_RCC_OscConfig
                0x08002418      0x504 ./Drivers/STM32F1xx_HAL_Driver/Src/stm32f1xx_hal_rcc.o
                0x08002418                HAL_RCC_OscConfig
 .text.HAL_RCC_ClockConfig
                0x0800291c      0x1d4 ./Drivers/STM32F1xx_HAL_Driver/Src/stm32f1xx_hal_rcc.o
                0x0800291c                HAL_RCC_ClockConfig
 .text.HAL_RCC_GetSysClockFreq
                0x08002af0       0xa8 ./Drivers/STM32F1xx_HAL_Driver/Src/stm32f1xx_hal_rcc.o
                0x08002af0                HAL_RCC_GetSysClockFreq
 .text.HAL_RCC_GetHCLKFreq
                0x08002b98       0x14 ./Drivers/STM32F1xx_HAL_Driver/Src/stm32f1xx_hal_rcc.o
                0x08002b98                HAL_RCC_GetHCLKFreq
 .text.HAL_RCC_GetPCLK1Freq
                0x08002bac       0x28 ./Drivers/STM32F1xx_HAL_Driver/Src/stm32f1xx_hal_rcc.o
                0x08002bac                HAL_RCC_GetPCLK1Freq
 .text.HAL_RCC_GetPCLK2Freq
                0x08002bd4       0x28 ./Drivers/STM32F1xx_HAL_Driver/Src/stm32f1xx_hal_rcc.o
                0x08002bd4                HAL_RCC_GetPCLK2Freq
 .text.RCC_Delay
                0x08002bfc       0x3c ./Drivers/STM32F1xx_HAL_Driver/Src/stm32f1xx_hal_rcc.o
 .text.HAL_TIM_Base_Init
                0x08002c38       0x9e ./Drivers/STM32F1xx_HAL_Driver/Src/stm32f1xx_hal_tim.o
                0x08002c38                HAL_TIM_Base_Init
 *fill*         0x08002cd6        0x2 
 .text.HAL_TIM_Base_Start
                0x08002cd8       0x94 ./Drivers/STM32F1xx_HAL_Driver/Src/stm32f1xx_hal_tim.o
                0x08002cd8                HAL_TIM_Base_Start
 .text.HAL_TIM_PWM_Init
                0x08002d6c       0x9e ./Drivers/STM32F1xx_HAL_Driver/Src/stm32f1xx_hal_tim.o
                0x08002d6c                HAL_TIM_PWM_Init
 *fill*         0x08002e0a        0x2 
 .text.HAL_TIM_PWM_Start
                0x08002e0c      0x144 ./Drivers/STM32F1xx_HAL_Driver/Src/stm32f1xx_hal_tim.o
                0x08002e0c                HAL_TIM_PWM_Start
 .text.HAL_TIM_PWM_Start_DMA
                0x08002f50      0x344 ./Drivers/STM32F1xx_HAL_Driver/Src/stm32f1xx_hal_tim.o
                0x08002f50                HAL_TIM_PWM_Start_DMA
 .text.HAL_TIM_PWM_ConfigChannel
                0x08003294      0x184 ./Drivers/STM32F1xx_HAL_Driver/Src/stm32f1xx_hal_tim.o
                0x08003294                HAL_TIM_PWM_ConfigChannel
 .text.HAL_TIM_ConfigClockSource
                0x08003418      0x18e ./Drivers/STM32F1xx_HAL_Driver/Src/stm32f1xx_hal_tim.o
                0x08003418                HAL_TIM_ConfigClockSource
 .text.HAL_TIM_PWM_PulseFinishedCallback
                0x080035a6       0x12 ./Drivers/STM32F1xx_HAL_Driver/Src/stm32f1xx_hal_tim.o
                0x080035a6                HAL_TIM_PWM_PulseFinishedCallback
 .text.HAL_TIM_PWM_PulseFinishedHalfCpltCallback
                0x080035b8       0x12 ./Drivers/STM32F1xx_HAL_Driver/Src/stm32f1xx_hal_tim.o
                0x080035b8                HAL_TIM_PWM_PulseFinishedHalfCpltCallback
 .text.HAL_TIM_ErrorCallback
                0x080035ca       0x12 ./Drivers/STM32F1xx_HAL_Driver/Src/stm32f1xx_hal_tim.o
                0x080035ca                HAL_TIM_ErrorCallback
 .text.TIM_DMAError
                0x080035dc       0x92 ./Drivers/STM32F1xx_HAL_Driver/Src/stm32f1xx_hal_tim.o
                0x080035dc                TIM_DMAError
 .text.TIM_DMADelayPulseCplt
                0x0800366e       0xa8 ./Drivers/STM32F1xx_HAL_Driver/Src/stm32f1xx_hal_tim.o
 .text.TIM_DMADelayPulseHalfCplt
                0x08003716       0x68 ./Drivers/STM32F1xx_HAL_Driver/Src/stm32f1xx_hal_tim.o
                0x08003716                TIM_DMADelayPulseHalfCplt
 *fill*         0x0800377e        0x2 
 .text.TIM_Base_SetConfig
                0x08003780       0xdc ./Drivers/STM32F1xx_HAL_Driver/Src/stm32f1xx_hal_tim.o
                0x08003780                TIM_Base_SetConfig
 .text.TIM_OC1_SetConfig
                0x0800385c       0xcc ./Drivers/STM32F1xx_HAL_Driver/Src/stm32f1xx_hal_tim.o
 .text.TIM_OC2_SetConfig
                0x08003928       0xd4 ./Drivers/STM32F1xx_HAL_Driver/Src/stm32f1xx_hal_tim.o
                0x08003928                TIM_OC2_SetConfig
 .text.TIM_OC3_SetConfig
                0x080039fc       0xd4 ./Drivers/STM32F1xx_HAL_Driver/Src/stm32f1xx_hal_tim.o
 .text.TIM_OC4_SetConfig
                0x08003ad0       0x9c ./Drivers/STM32F1xx_HAL_Driver/Src/stm32f1xx_hal_tim.o
 .text.TIM_TI1_ConfigInputStage
                0x08003b6c       0x5c ./Drivers/STM32F1xx_HAL_Driver/Src/stm32f1xx_hal_tim.o
 .text.TIM_TI2_ConfigInputStage
                0x08003bc8       0x5e ./Drivers/STM32F1xx_HAL_Driver/Src/stm32f1xx_hal_tim.o
 .text.TIM_ITRx_SetConfig
                0x08003c26       0x34 ./Drivers/STM32F1xx_HAL_Driver/Src/stm32f1xx_hal_tim.o
 .text.TIM_ETR_SetConfig
                0x08003c5a       0x3e ./Drivers/STM32F1xx_HAL_Driver/Src/stm32f1xx_hal_tim.o
                0x08003c5a                TIM_ETR_SetConfig
 .text.TIM_CCxChannelCmd
                0x08003c98       0x48 ./Drivers/STM32F1xx_HAL_Driver/Src/stm32f1xx_hal_tim.o
                0x08003c98                TIM_CCxChannelCmd
 .text.HAL_TIMEx_MasterConfigSynchronization
                0x08003ce0       0xbc ./Drivers/STM32F1xx_HAL_Driver/Src/stm32f1xx_hal_tim_ex.o
                0x08003ce0                HAL_TIMEx_MasterConfigSynchronization
 .text.HAL_UART_Init
                0x08003d9c       0xa0 ./Drivers/STM32F1xx_HAL_Driver/Src/stm32f1xx_hal_uart.o
                0x08003d9c                HAL_UART_Init
 .text.HAL_UART_Transmit_IT
                0x08003e3c       0x6a ./Drivers/STM32F1xx_HAL_Driver/Src/stm32f1xx_hal_uart.o
                0x08003e3c                HAL_UART_Transmit_IT
 .text.HAL_UART_Receive_IT
                0x08003ea6       0x4a ./Drivers/STM32F1xx_HAL_Driver/Src/stm32f1xx_hal_uart.o
                0x08003ea6                HAL_UART_Receive_IT
 .text.HAL_UART_IRQHandler
                0x08003ef0      0x524 ./Drivers/STM32F1xx_HAL_Driver/Src/stm32f1xx_hal_uart.o
                0x08003ef0                HAL_UART_IRQHandler
 .text.HAL_UART_TxCpltCallback
                0x08004414       0x12 ./Drivers/STM32F1xx_HAL_Driver/Src/stm32f1xx_hal_uart.o
                0x08004414                HAL_UART_TxCpltCallback
 .text.HAL_UART_ErrorCallback
                0x08004426       0x12 ./Drivers/STM32F1xx_HAL_Driver/Src/stm32f1xx_hal_uart.o
                0x08004426                HAL_UART_ErrorCallback
 .text.HAL_UARTEx_RxEventCallback
                0x08004438       0x16 ./Drivers/STM32F1xx_HAL_Driver/Src/stm32f1xx_hal_uart.o
                0x08004438                HAL_UARTEx_RxEventCallback
 .text.UART_Start_Receive_IT
                0x0800444e       0x72 ./Drivers/STM32F1xx_HAL_Driver/Src/stm32f1xx_hal_uart.o
                0x0800444e                UART_Start_Receive_IT
 .text.UART_EndRxTransfer
                0x080044c0       0xc4 ./Drivers/STM32F1xx_HAL_Driver/Src/stm32f1xx_hal_uart.o
 .text.UART_DMAAbortOnError
                0x08004584       0x28 ./Drivers/STM32F1xx_HAL_Driver/Src/stm32f1xx_hal_uart.o
 .text.UART_Transmit_IT
                0x080045ac       0x9e ./Drivers/STM32F1xx_HAL_Driver/Src/stm32f1xx_hal_uart.o
 .text.UART_EndTransmit_IT
                0x0800464a       0x30 ./Drivers/STM32F1xx_HAL_Driver/Src/stm32f1xx_hal_uart.o
 .text.UART_Receive_IT
                0x0800467a      0x17c ./Drivers/STM32F1xx_HAL_Driver/Src/stm32f1xx_hal_uart.o
 *fill*         0x080047f6        0x2 
 .text.UART_SetConfig
                0x080047f8      0x11c ./Drivers/STM32F1xx_HAL_Driver/Src/stm32f1xx_hal_uart.o
 .text.WS28XX_Delay
                0x08004914       0x16 ./Middlewares/Third_Party/NimaLTD_Driver/WS28XX/ws28xx.o
                0x08004914                WS28XX_Delay
 .text.WS28XX_Lock
                0x0800492a       0x26 ./Middlewares/Third_Party/NimaLTD_Driver/WS28XX/ws28xx.o
                0x0800492a                WS28XX_Lock
 .text.WS28XX_UnLock
                0x08004950       0x18 ./Middlewares/Third_Party/NimaLTD_Driver/WS28XX/ws28xx.o
                0x08004950                WS28XX_UnLock
 .text.WS28XX_Init
                0x08004968      0x130 ./Middlewares/Third_Party/NimaLTD_Driver/WS28XX/ws28xx.o
                0x08004968                WS28XX_Init
 .text.WS28XX_SetPixel_RGBW_565
                0x08004a98       0xe8 ./Middlewares/Third_Party/NimaLTD_Driver/WS28XX/ws28xx.o
                0x08004a98                WS28XX_SetPixel_RGBW_565
 .text.WS28XX_Update
                0x08004b80       0xe6 ./Middlewares/Third_Party/NimaLTD_Driver/WS28XX/ws28xx.o
                0x08004b80                WS28XX_Update
 .text.atoi     0x08004c66        0x8 /Applications/STM32CubeIDE.app/Contents/Eclipse/plugins/com.st.stm32cube.ide.mcu.externaltools.gnu-tools-for-stm32.12.3.rel1.macos64_1.0.200.202406191456/tools/bin/../lib/gcc/arm-none-eabi/12.3.1/../../../../arm-none-eabi/lib/thumb/v7-m/nofp/libc_nano.a(libc_a-atoi.o)
                0x08004c66                atoi
 *fill*         0x08004c6e        0x2 
 .text.sprintf  0x08004c70       0x40 /Applications/STM32CubeIDE.app/Contents/Eclipse/plugins/com.st.stm32cube.ide.mcu.externaltools.gnu-tools-for-stm32.12.3.rel1.macos64_1.0.200.202406191456/tools/bin/../lib/gcc/arm-none-eabi/12.3.1/../../../../arm-none-eabi/lib/thumb/v7-m/nofp/libc_nano.a(libc_a-sprintf.o)
                0x08004c70                sprintf
                0x08004c70                siprintf
 .text._strtol_l.constprop.0
                0x08004cb0       0xf4 /Applications/STM32CubeIDE.app/Contents/Eclipse/plugins/com.st.stm32cube.ide.mcu.externaltools.gnu-tools-for-stm32.12.3.rel1.macos64_1.0.200.202406191456/tools/bin/../lib/gcc/arm-none-eabi/12.3.1/../../../../arm-none-eabi/lib/thumb/v7-m/nofp/libc_nano.a(libc_a-strtol.o)
 .text.strtol   0x08004da4       0x14 /Applications/STM32CubeIDE.app/Contents/Eclipse/plugins/com.st.stm32cube.ide.mcu.externaltools.gnu-tools-for-stm32.12.3.rel1.macos64_1.0.200.202406191456/tools/bin/../lib/gcc/arm-none-eabi/12.3.1/../../../../arm-none-eabi/lib/thumb/v7-m/nofp/libc_nano.a(libc_a-strtol.o)
                0x08004da4                strtol
 .text.memset   0x08004db8       0x10 /Applications/STM32CubeIDE.app/Contents/Eclipse/plugins/com.st.stm32cube.ide.mcu.externaltools.gnu-tools-for-stm32.12.3.rel1.macos64_1.0.200.202406191456/tools/bin/../lib/gcc/arm-none-eabi/12.3.1/../../../../arm-none-eabi/lib/thumb/v7-m/nofp/libc_nano.a(libc_a-memset.o)
                0x08004db8                memset
 .text.__errno  0x08004dc8        0xc /Applications/STM32CubeIDE.app/Contents/Eclipse/plugins/com.st.stm32cube.ide.mcu.externaltools.gnu-tools-for-stm32.12.3.rel1.macos64_1.0.200.202406191456/tools/bin/../lib/gcc/arm-none-eabi/12.3.1/../../../../arm-none-eabi/lib/thumb/v7-m/nofp/libc_nano.a(libc_a-errno.o)
                0x08004dc8                __errno
 .text.__libc_init_array
                0x08004dd4       0x48 /Applications/STM32CubeIDE.app/Contents/Eclipse/plugins/com.st.stm32cube.ide.mcu.externaltools.gnu-tools-for-stm32.12.3.rel1.macos64_1.0.200.202406191456/tools/bin/../lib/gcc/arm-none-eabi/12.3.1/../../../../arm-none-eabi/lib/thumb/v7-m/nofp/libc_nano.a(libc_a-init.o)
                0x08004dd4                __libc_init_array
 .text.__retarget_lock_acquire_recursive
                0x08004e1c        0x2 /Applications/STM32CubeIDE.app/Contents/Eclipse/plugins/com.st.stm32cube.ide.mcu.externaltools.gnu-tools-for-stm32.12.3.rel1.macos64_1.0.200.202406191456/tools/bin/../lib/gcc/arm-none-eabi/12.3.1/../../../../arm-none-eabi/lib/thumb/v7-m/nofp/libc_nano.a(libc_a-lock.o)
                0x08004e1c                __retarget_lock_acquire_recursive
 .text.__retarget_lock_release_recursive
                0x08004e1e        0x2 /Applications/STM32CubeIDE.app/Contents/Eclipse/plugins/com.st.stm32cube.ide.mcu.externaltools.gnu-tools-for-stm32.12.3.rel1.macos64_1.0.200.202406191456/tools/bin/../lib/gcc/arm-none-eabi/12.3.1/../../../../arm-none-eabi/lib/thumb/v7-m/nofp/libc_nano.a(libc_a-lock.o)
                0x08004e1e                __retarget_lock_release_recursive
 .text.__ssputs_r
                0x08004e20       0xb6 /Applications/STM32CubeIDE.app/Contents/Eclipse/plugins/com.st.stm32cube.ide.mcu.externaltools.gnu-tools-for-stm32.12.3.rel1.macos64_1.0.200.202406191456/tools/bin/../lib/gcc/arm-none-eabi/12.3.1/../../../../arm-none-eabi/lib/thumb/v7-m/nofp/libc_nano.a(libc_a-nano-svfprintf.o)
                0x08004e20                __ssputs_r
 *fill*         0x08004ed6        0x2 
 .text._svfprintf_r
                0x08004ed8      0x1f8 /Applications/STM32CubeIDE.app/Contents/Eclipse/plugins/com.st.stm32cube.ide.mcu.externaltools.gnu-tools-for-stm32.12.3.rel1.macos64_1.0.200.202406191456/tools/bin/../lib/gcc/arm-none-eabi/12.3.1/../../../../arm-none-eabi/lib/thumb/v7-m/nofp/libc_nano.a(libc_a-nano-svfprintf.o)
                0x08004ed8                _svfprintf_r
                0x08004ed8                _svfiprintf_r
 .text.sbrk_aligned
                0x080050d0       0x44 /Applications/STM32CubeIDE.app/Contents/Eclipse/plugins/com.st.stm32cube.ide.mcu.externaltools.gnu-tools-for-stm32.12.3.rel1.macos64_1.0.200.202406191456/tools/bin/../lib/gcc/arm-none-eabi/12.3.1/../../../../arm-none-eabi/lib/thumb/v7-m/nofp/libc_nano.a(libc_a-mallocr.o)
 .text._malloc_r
                0x08005114      0x100 /Applications/STM32CubeIDE.app/Contents/Eclipse/plugins/com.st.stm32cube.ide.mcu.externaltools.gnu-tools-for-stm32.12.3.rel1.macos64_1.0.200.202406191456/tools/bin/../lib/gcc/arm-none-eabi/12.3.1/../../../../arm-none-eabi/lib/thumb/v7-m/nofp/libc_nano.a(libc_a-mallocr.o)
                0x08005114                _malloc_r
 .text._printf_common
                0x08005214       0xe4 /Applications/STM32CubeIDE.app/Contents/Eclipse/plugins/com.st.stm32cube.ide.mcu.externaltools.gnu-tools-for-stm32.12.3.rel1.macos64_1.0.200.202406191456/tools/bin/../lib/gcc/arm-none-eabi/12.3.1/../../../../arm-none-eabi/lib/thumb/v7-m/nofp/libc_nano.a(libc_a-nano-vfprintf_i.o)
                0x08005214                _printf_common
 .text._printf_i
                0x080052f8      0x240 /Applications/STM32CubeIDE.app/Contents/Eclipse/plugins/com.st.stm32cube.ide.mcu.externaltools.gnu-tools-for-stm32.12.3.rel1.macos64_1.0.200.202406191456/tools/bin/../lib/gcc/arm-none-eabi/12.3.1/../../../../arm-none-eabi/lib/thumb/v7-m/nofp/libc_nano.a(libc_a-nano-vfprintf_i.o)
                0x080052f8                _printf_i
 .text.__malloc_lock
                0x08005538        0xc /Applications/STM32CubeIDE.app/Contents/Eclipse/plugins/com.st.stm32cube.ide.mcu.externaltools.gnu-tools-for-stm32.12.3.rel1.macos64_1.0.200.202406191456/tools/bin/../lib/gcc/arm-none-eabi/12.3.1/../../../../arm-none-eabi/lib/thumb/v7-m/nofp/libc_nano.a(libc_a-mlock.o)
                0x08005538                __malloc_lock
 .text.__malloc_unlock
                0x08005544        0xc /Applications/STM32CubeIDE.app/Contents/Eclipse/plugins/com.st.stm32cube.ide.mcu.externaltools.gnu-tools-for-stm32.12.3.rel1.macos64_1.0.200.202406191456/tools/bin/../lib/gcc/arm-none-eabi/12.3.1/../../../../arm-none-eabi/lib/thumb/v7-m/nofp/libc_nano.a(libc_a-mlock.o)
                0x08005544                __malloc_unlock
 .text._realloc_r
                0x08005550       0x5c /Applications/STM32CubeIDE.app/Contents/Eclipse/plugins/com.st.stm32cube.ide.mcu.externaltools.gnu-tools-for-stm32.12.3.rel1.macos64_1.0.200.202406191456/tools/bin/../lib/gcc/arm-none-eabi/12.3.1/../../../../arm-none-eabi/lib/thumb/v7-m/nofp/libc_nano.a(libc_a-reallocr.o)
                0x08005550                _realloc_r
 .text.memmove  0x080055ac       0x34 /Applications/STM32CubeIDE.app/Contents/Eclipse/plugins/com.st.stm32cube.ide.mcu.externaltools.gnu-tools-for-stm32.12.3.rel1.macos64_1.0.200.202406191456/tools/bin/../lib/gcc/arm-none-eabi/12.3.1/../../../../arm-none-eabi/lib/thumb/v7-m/nofp/libc_nano.a(libc_a-memmove.o)
                0x080055ac                memmove
 .text._sbrk_r  0x080055e0       0x20 /Applications/STM32CubeIDE.app/Contents/Eclipse/plugins/com.st.stm32cube.ide.mcu.externaltools.gnu-tools-for-stm32.12.3.rel1.macos64_1.0.200.202406191456/tools/bin/../lib/gcc/arm-none-eabi/12.3.1/../../../../arm-none-eabi/lib/thumb/v7-m/nofp/libc_nano.a(libc_a-sbrkr.o)
                0x080055e0                _sbrk_r
 .text.memchr   0x08005600       0x1c /Applications/STM32CubeIDE.app/Contents/Eclipse/plugins/com.st.stm32cube.ide.mcu.externaltools.gnu-tools-for-stm32.12.3.rel1.macos64_1.0.200.202406191456/tools/bin/../lib/gcc/arm-none-eabi/12.3.1/../../../../arm-none-eabi/lib/thumb/v7-m/nofp/libc_nano.a(libc_a-memchr-stub.o)
                0x08005600                memchr
 .text.memcpy   0x0800561c       0x1c /Applications/STM32CubeIDE.app/Contents/Eclipse/plugins/com.st.stm32cube.ide.mcu.externaltools.gnu-tools-for-stm32.12.3.rel1.macos64_1.0.200.202406191456/tools/bin/../lib/gcc/arm-none-eabi/12.3.1/../../../../arm-none-eabi/lib/thumb/v7-m/nofp/libc_nano.a(libc_a-memcpy-stub.o)
                0x0800561c                memcpy
 .text._free_r  0x08005638       0x90 /Applications/STM32CubeIDE.app/Contents/Eclipse/plugins/com.st.stm32cube.ide.mcu.externaltools.gnu-tools-for-stm32.12.3.rel1.macos64_1.0.200.202406191456/tools/bin/../lib/gcc/arm-none-eabi/12.3.1/../../../../arm-none-eabi/lib/thumb/v7-m/nofp/libc_nano.a(libc_a-freer.o)
                0x08005638                _free_r
 .text._malloc_usable_size_r
                0x080056c8       0x10 /Applications/STM32CubeIDE.app/Contents/Eclipse/plugins/com.st.stm32cube.ide.mcu.externaltools.gnu-tools-for-stm32.12.3.rel1.macos64_1.0.200.202406191456/tools/bin/../lib/gcc/arm-none-eabi/12.3.1/../../../../arm-none-eabi/lib/thumb/v7-m/nofp/libc_nano.a(libc_a-msizer.o)
                0x080056c8                _malloc_usable_size_r
 *(.glue_7)
 .glue_7        0x080056d8        0x0 linker stubs
 *(.glue_7t)
 .glue_7t       0x080056d8        0x0 linker stubs
 *(.eh_frame)
 .eh_frame      0x080056d8        0x0 /Applications/STM32CubeIDE.app/Contents/Eclipse/plugins/com.st.stm32cube.ide.mcu.externaltools.gnu-tools-for-stm32.12.3.rel1.macos64_1.0.200.202406191456/tools/bin/../lib/gcc/arm-none-eabi/12.3.1/thumb/v7-m/nofp/crtbegin.o
 *(.init)
 .init          0x080056d8        0x4 /Applications/STM32CubeIDE.app/Contents/Eclipse/plugins/com.st.stm32cube.ide.mcu.externaltools.gnu-tools-for-stm32.12.3.rel1.macos64_1.0.200.202406191456/tools/bin/../lib/gcc/arm-none-eabi/12.3.1/thumb/v7-m/nofp/crti.o
                0x080056d8                _init
 .init          0x080056dc        0x8 /Applications/STM32CubeIDE.app/Contents/Eclipse/plugins/com.st.stm32cube.ide.mcu.externaltools.gnu-tools-for-stm32.12.3.rel1.macos64_1.0.200.202406191456/tools/bin/../lib/gcc/arm-none-eabi/12.3.1/thumb/v7-m/nofp/crtn.o
 *(.fini)
 .fini          0x080056e4        0x4 /Applications/STM32CubeIDE.app/Contents/Eclipse/plugins/com.st.stm32cube.ide.mcu.externaltools.gnu-tools-for-stm32.12.3.rel1.macos64_1.0.200.202406191456/tools/bin/../lib/gcc/arm-none-eabi/12.3.1/thumb/v7-m/nofp/crti.o
                0x080056e4                _fini
 .fini          0x080056e8        0x8 /Applications/STM32CubeIDE.app/Contents/Eclipse/plugins/com.st.stm32cube.ide.mcu.externaltools.gnu-tools-for-stm32.12.3.rel1.macos64_1.0.200.202406191456/tools/bin/../lib/gcc/arm-none-eabi/12.3.1/thumb/v7-m/nofp/crtn.o
                0x080056f0                        . = ALIGN (0x4)
                0x080056f0                        _etext = .

.vfp11_veneer   0x080056f0        0x0
 .vfp11_veneer  0x080056f0        0x0 linker stubs

.v4_bx          0x080056f0        0x0
 .v4_bx         0x080056f0        0x0 linker stubs

.iplt           0x080056f0        0x0
 .iplt          0x080056f0        0x0 /Applications/STM32CubeIDE.app/Contents/Eclipse/plugins/com.st.stm32cube.ide.mcu.externaltools.gnu-tools-for-stm32.12.3.rel1.macos64_1.0.200.202406191456/tools/bin/../lib/gcc/arm-none-eabi/12.3.1/thumb/v7-m/nofp/crtbegin.o

.rodata         0x080056f0      0x264
                0x080056f0                        . = ALIGN (0x4)
 *(.rodata)
 .rodata        0x080056f0        0x3 ./Core/Src/main.o
 *(.rodata*)
 *fill*         0x080056f3        0x1 
 .rodata.AHBPrescTable
                0x080056f4       0x10 ./Core/Src/system_stm32f1xx.o
                0x080056f4                AHBPrescTable
 .rodata.APBPrescTable
                0x08005704        0x8 ./Core/Src/system_stm32f1xx.o
                0x08005704                APBPrescTable
 .rodata.aPLLMULFactorTable.1
                0x0800570c       0x10 ./Drivers/STM32F1xx_HAL_Driver/Src/stm32f1xx_hal_rcc.o
 .rodata.aPredivFactorTable.0
                0x0800571c        0x2 ./Drivers/STM32F1xx_HAL_Driver/Src/stm32f1xx_hal_rcc.o
 *fill*         0x0800571e        0x2 
 .rodata.WS28XX_GammaTable
                0x08005720      0x100 ./Middlewares/Third_Party/NimaLTD_Driver/WS28XX/ws28xx.o
                0x08005720                WS28XX_GammaTable
 .rodata._ctype_
                0x08005820      0x101 /Applications/STM32CubeIDE.app/Contents/Eclipse/plugins/com.st.stm32cube.ide.mcu.externaltools.gnu-tools-for-stm32.12.3.rel1.macos64_1.0.200.202406191456/tools/bin/../lib/gcc/arm-none-eabi/12.3.1/../../../../arm-none-eabi/lib/thumb/v7-m/nofp/libc_nano.a(libc_a-ctype_.o)
                0x08005820                _ctype_
 .rodata._svfprintf_r.str1.1
                0x08005921       0x11 /Applications/STM32CubeIDE.app/Contents/Eclipse/plugins/com.st.stm32cube.ide.mcu.externaltools.gnu-tools-for-stm32.12.3.rel1.macos64_1.0.200.202406191456/tools/bin/../lib/gcc/arm-none-eabi/12.3.1/../../../../arm-none-eabi/lib/thumb/v7-m/nofp/libc_nano.a(libc_a-nano-svfprintf.o)
 .rodata._printf_i.str1.1
                0x08005932       0x22 /Applications/STM32CubeIDE.app/Contents/Eclipse/plugins/com.st.stm32cube.ide.mcu.externaltools.gnu-tools-for-stm32.12.3.rel1.macos64_1.0.200.202406191456/tools/bin/../lib/gcc/arm-none-eabi/12.3.1/../../../../arm-none-eabi/lib/thumb/v7-m/nofp/libc_nano.a(libc_a-nano-vfprintf_i.o)
                0x08005954                        . = ALIGN (0x4)

.ARM.extab      0x08005954        0x0
                0x08005954                        . = ALIGN (0x4)
 *(.ARM.extab* .gnu.linkonce.armextab.*)
                0x08005954                        . = ALIGN (0x4)

.ARM            0x08005954        0x8
                0x08005954                        . = ALIGN (0x4)
                0x08005954                        __exidx_start = .
 *(.ARM.exidx*)
 .ARM.exidx     0x08005954        0x8 /Applications/STM32CubeIDE.app/Contents/Eclipse/plugins/com.st.stm32cube.ide.mcu.externaltools.gnu-tools-for-stm32.12.3.rel1.macos64_1.0.200.202406191456/tools/bin/../lib/gcc/arm-none-eabi/12.3.1/../../../../arm-none-eabi/lib/thumb/v7-m/nofp/libc_nano.a(libc_a-strlen.o)
                0x0800595c                        __exidx_end = .
                0x0800595c                        . = ALIGN (0x4)

.preinit_array  0x0800595c        0x0
                0x0800595c                        . = ALIGN (0x4)
                0x0800595c                        PROVIDE (__preinit_array_start = .)
 *(.preinit_array*)
                0x0800595c                        PROVIDE (__preinit_array_end = .)
                0x0800595c                        . = ALIGN (0x4)

.init_array     0x0800595c        0x4
                0x0800595c                        . = ALIGN (0x4)
                0x0800595c                        PROVIDE (__init_array_start = .)
 *(SORT_BY_NAME(.init_array.*))
 *(.init_array*)
 .init_array    0x0800595c        0x4 /Applications/STM32CubeIDE.app/Contents/Eclipse/plugins/com.st.stm32cube.ide.mcu.externaltools.gnu-tools-for-stm32.12.3.rel1.macos64_1.0.200.202406191456/tools/bin/../lib/gcc/arm-none-eabi/12.3.1/thumb/v7-m/nofp/crtbegin.o
                0x08005960                        PROVIDE (__init_array_end = .)
                0x08005960                        . = ALIGN (0x4)

.fini_array     0x08005960        0x4
                0x08005960                        . = ALIGN (0x4)
                [!provide]                        PROVIDE (__fini_array_start = .)
 *(SORT_BY_NAME(.fini_array.*))
 *(.fini_array*)
 .fini_array    0x08005960        0x4 /Applications/STM32CubeIDE.app/Contents/Eclipse/plugins/com.st.stm32cube.ide.mcu.externaltools.gnu-tools-for-stm32.12.3.rel1.macos64_1.0.200.202406191456/tools/bin/../lib/gcc/arm-none-eabi/12.3.1/thumb/v7-m/nofp/crtbegin.o
                [!provide]                        PROVIDE (__fini_array_end = .)
                0x08005964                        . = ALIGN (0x4)
                0x08005964                        _sidata = LOADADDR (.data)

.rel.dyn        0x08005964        0x0
 .rel.iplt      0x08005964        0x0 /Applications/STM32CubeIDE.app/Contents/Eclipse/plugins/com.st.stm32cube.ide.mcu.externaltools.gnu-tools-for-stm32.12.3.rel1.macos64_1.0.200.202406191456/tools/bin/../lib/gcc/arm-none-eabi/12.3.1/thumb/v7-m/nofp/crtbegin.o

.data           0x20000000      0x184 load address 0x08005964
                0x20000000                        . = ALIGN (0x4)
                0x20000000                        _sdata = .
 *(.data)
 *(.data*)
 .data.arrow    0x20000000       0x68 ./Core/Src/main.o
                0x20000000                arrow
 .data.topCross
                0x20000068       0x40 ./Core/Src/main.o
                0x20000068                topCross
 .data.middleCross
                0x200000a8       0x40 ./Core/Src/main.o
                0x200000a8                middleCross
 .data.bottomCross
                0x200000e8       0x40 ./Core/Src/main.o
                0x200000e8                bottomCross
 .data.SystemCoreClock
                0x20000128        0x4 ./Core/Src/system_stm32f1xx.o
                0x20000128                SystemCoreClock
 .data.uwTickPrio
                0x2000012c        0x4 ./Drivers/STM32F1xx_HAL_Driver/Src/stm32f1xx_hal.o
                0x2000012c                uwTickPrio
 .data.uwTickFreq
                0x20000130        0x1 ./Drivers/STM32F1xx_HAL_Driver/Src/stm32f1xx_hal.o
                0x20000130                uwTickFreq
 *fill*         0x20000131        0x3 
 .data._impure_ptr
                0x20000134        0x4 /Applications/STM32CubeIDE.app/Contents/Eclipse/plugins/com.st.stm32cube.ide.mcu.externaltools.gnu-tools-for-stm32.12.3.rel1.macos64_1.0.200.202406191456/tools/bin/../lib/gcc/arm-none-eabi/12.3.1/../../../../arm-none-eabi/lib/thumb/v7-m/nofp/libc_nano.a(libc_a-impure.o)
                0x20000134                _impure_ptr
 .data._impure_data
                0x20000138       0x4c /Applications/STM32CubeIDE.app/Contents/Eclipse/plugins/com.st.stm32cube.ide.mcu.externaltools.gnu-tools-for-stm32.12.3.rel1.macos64_1.0.200.202406191456/tools/bin/../lib/gcc/arm-none-eabi/12.3.1/../../../../arm-none-eabi/lib/thumb/v7-m/nofp/libc_nano.a(libc_a-impure.o)
                0x20000138                _impure_data
 *(.RamFunc)
 *(.RamFunc*)
                0x20000184                        . = ALIGN (0x4)
                0x20000184                        _edata = .

.igot.plt       0x20000184        0x0 load address 0x08005ae8
 .igot.plt      0x20000184        0x0 /Applications/STM32CubeIDE.app/Contents/Eclipse/plugins/com.st.stm32cube.ide.mcu.externaltools.gnu-tools-for-stm32.12.3.rel1.macos64_1.0.200.202406191456/tools/bin/../lib/gcc/arm-none-eabi/12.3.1/thumb/v7-m/nofp/crtbegin.o
                0x20000184                        . = ALIGN (0x4)

.bss            0x20000184     0x1e7c load address 0x08005ae8
                0x20000184                        _sbss = .
                0x20000184                        __bss_start__ = _sbss
 *(.bss)
 .bss           0x20000184       0x1c /Applications/STM32CubeIDE.app/Contents/Eclipse/plugins/com.st.stm32cube.ide.mcu.externaltools.gnu-tools-for-stm32.12.3.rel1.macos64_1.0.200.202406191456/tools/bin/../lib/gcc/arm-none-eabi/12.3.1/thumb/v7-m/nofp/crtbegin.o
 *(.bss*)
 .bss.ws        0x200001a0     0x1b10 ./Core/Src/main.o
                0x200001a0                ws
 .bss.currentState
                0x20001cb0        0x1 ./Core/Src/main.o
                0x20001cb0                currentState
 *fill*         0x20001cb1        0x3 
 .bss.rxData    0x20001cb4        0xe ./Core/Src/main.o
                0x20001cb4                rxData
 *fill*         0x20001cc2        0x2 
 .bss.processedData
                0x20001cc4        0xe ./Core/Src/main.o
                0x20001cc4                processedData
 *fill*         0x20001cd2        0x2 
 .bss.usermsg   0x20001cd4        0xe ./Core/Src/main.o
                0x20001cd4                usermsg
 .bss.flag_rev  0x20001ce2        0x1 ./Core/Src/main.o
                0x20001ce2                flag_rev
 .bss.uart_source
                0x20001ce3        0x1 ./Core/Src/main.o
                0x20001ce3                uart_source
 .bss.responseData
                0x20001ce4        0x1 ./Core/Src/main.o
                0x20001ce4                responseData
 .bss.intresponseData
                0x20001ce5        0x1 ./Core/Src/main.o
                0x20001ce5                intresponseData
 *fill*         0x20001ce6        0x2 
 .bss.counter   0x20001ce8        0x4 ./Core/Src/main.o
                0x20001ce8                counter
 .bss.initialized.7
                0x20001cec        0x1 ./Core/Src/main.o
 *fill*         0x20001ced        0x3 
 .bss.lastUpdate.6
                0x20001cf0        0x4 ./Core/Src/main.o
 .bss.initialized.5
                0x20001cf4        0x1 ./Core/Src/main.o
 .bss.isOn.4    0x20001cf5        0x1 ./Core/Src/main.o
 *fill*         0x20001cf6        0x2 
 .bss.lastUpdate.3
                0x20001cf8        0x4 ./Core/Src/main.o
 .bss.state_initialized.2
                0x20001cfc        0x1 ./Core/Src/main.o
 .bss.state_initialized.1
                0x20001cfd        0x1 ./Core/Src/main.o
 *fill*         0x20001cfe        0x2 
 .bss.timestamp.0
                0x20001d00        0x4 ./Core/Src/main.o
 .bss.__sbrk_heap_end
                0x20001d04        0x4 ./Core/Src/sysmem.o
 .bss.htim3     0x20001d08       0x48 ./Core/Src/tim.o
                0x20001d08                htim3
 .bss.htim4     0x20001d50       0x48 ./Core/Src/tim.o
                0x20001d50                htim4
 .bss.hdma_tim3_ch1_trig
                0x20001d98       0x44 ./Core/Src/tim.o
                0x20001d98                hdma_tim3_ch1_trig
 .bss.huart1    0x20001ddc       0x48 ./Core/Src/usart.o
                0x20001ddc                huart1
 .bss.huart2    0x20001e24       0x48 ./Core/Src/usart.o
                0x20001e24                huart2
 .bss.huart3    0x20001e6c       0x48 ./Core/Src/usart.o
                0x20001e6c                huart3
 .bss.uwTick    0x20001eb4        0x4 ./Drivers/STM32F1xx_HAL_Driver/Src/stm32f1xx_hal.o
                0x20001eb4                uwTick
 .bss.__sf      0x20001eb8      0x138 /Applications/STM32CubeIDE.app/Contents/Eclipse/plugins/com.st.stm32cube.ide.mcu.externaltools.gnu-tools-for-stm32.12.3.rel1.macos64_1.0.200.202406191456/tools/bin/../lib/gcc/arm-none-eabi/12.3.1/../../../../arm-none-eabi/lib/thumb/v7-m/nofp/libc_nano.a(libc_a-findfp.o)
                0x20001eb8                __sf
 .bss.__lock___malloc_recursive_mutex
                0x20001ff0        0x1 /Applications/STM32CubeIDE.app/Contents/Eclipse/plugins/com.st.stm32cube.ide.mcu.externaltools.gnu-tools-for-stm32.12.3.rel1.macos64_1.0.200.202406191456/tools/bin/../lib/gcc/arm-none-eabi/12.3.1/../../../../arm-none-eabi/lib/thumb/v7-m/nofp/libc_nano.a(libc_a-lock.o)
                0x20001ff0                __lock___malloc_recursive_mutex
 *fill*         0x20001ff1        0x3 
 .bss.__malloc_sbrk_start
                0x20001ff4        0x4 /Applications/STM32CubeIDE.app/Contents/Eclipse/plugins/com.st.stm32cube.ide.mcu.externaltools.gnu-tools-for-stm32.12.3.rel1.macos64_1.0.200.202406191456/tools/bin/../lib/gcc/arm-none-eabi/12.3.1/../../../../arm-none-eabi/lib/thumb/v7-m/nofp/libc_nano.a(libc_a-mallocr.o)
                0x20001ff4                __malloc_sbrk_start
 .bss.__malloc_free_list
                0x20001ff8        0x4 /Applications/STM32CubeIDE.app/Contents/Eclipse/plugins/com.st.stm32cube.ide.mcu.externaltools.gnu-tools-for-stm32.12.3.rel1.macos64_1.0.200.202406191456/tools/bin/../lib/gcc/arm-none-eabi/12.3.1/../../../../arm-none-eabi/lib/thumb/v7-m/nofp/libc_nano.a(libc_a-mallocr.o)
                0x20001ff8                __malloc_free_list
 .bss.errno     0x20001ffc        0x4 /Applications/STM32CubeIDE.app/Contents/Eclipse/plugins/com.st.stm32cube.ide.mcu.externaltools.gnu-tools-for-stm32.12.3.rel1.macos64_1.0.200.202406191456/tools/bin/../lib/gcc/arm-none-eabi/12.3.1/../../../../arm-none-eabi/lib/thumb/v7-m/nofp/libc_nano.a(libc_a-reent.o)
                0x20001ffc                errno
 *(COMMON)
                0x20002000                        . = ALIGN (0x4)
                0x20002000                        _ebss = .
                0x20002000                        __bss_end__ = _ebss

._user_heap_stack
                0x20002000      0x600 load address 0x08005ae8
                0x20002000                        . = ALIGN (0x8)
                [!provide]                        PROVIDE (end = .)
                0x20002000                        PROVIDE (_end = .)
                0x20002200                        . = (. + _Min_Heap_Size)
 *fill*         0x20002000      0x200 
                0x20002600                        . = (. + _Min_Stack_Size)
 *fill*         0x20002200      0x400 
                0x20002600                        . = ALIGN (0x8)

/DISCARD/
 libc.a(*)
 libm.a(*)
 libgcc.a(*)

.ARM.attributes
                0x00000000       0x29
 *(.ARM.attributes)
 .ARM.attributes
                0x00000000       0x1d /Applications/STM32CubeIDE.app/Contents/Eclipse/plugins/com.st.stm32cube.ide.mcu.externaltools.gnu-tools-for-stm32.12.3.rel1.macos64_1.0.200.202406191456/tools/bin/../lib/gcc/arm-none-eabi/12.3.1/thumb/v7-m/nofp/crti.o
 .ARM.attributes
                0x0000001d       0x2d /Applications/STM32CubeIDE.app/Contents/Eclipse/plugins/com.st.stm32cube.ide.mcu.externaltools.gnu-tools-for-stm32.12.3.rel1.macos64_1.0.200.202406191456/tools/bin/../lib/gcc/arm-none-eabi/12.3.1/thumb/v7-m/nofp/crtbegin.o
 .ARM.attributes
                0x0000004a       0x2d ./Core/Src/dma.o
 .ARM.attributes
                0x00000077       0x2d ./Core/Src/gpio.o
 .ARM.attributes
                0x000000a4       0x2d ./Core/Src/main.o
 .ARM.attributes
                0x000000d1       0x2d ./Core/Src/stm32f1xx_hal_msp.o
 .ARM.attributes
                0x000000fe       0x2d ./Core/Src/stm32f1xx_it.o
 .ARM.attributes
                0x0000012b       0x2d ./Core/Src/sysmem.o
 .ARM.attributes
                0x00000158       0x2d ./Core/Src/system_stm32f1xx.o
 .ARM.attributes
                0x00000185       0x2d ./Core/Src/tim.o
 .ARM.attributes
                0x000001b2       0x2d ./Core/Src/usart.o
 .ARM.attributes
                0x000001df       0x21 ./Core/Startup/startup_stm32f103rbtx.o
 .ARM.attributes
                0x00000200       0x2d ./Drivers/STM32F1xx_HAL_Driver/Src/stm32f1xx_hal.o
 .ARM.attributes
                0x0000022d       0x2d ./Drivers/STM32F1xx_HAL_Driver/Src/stm32f1xx_hal_cortex.o
 .ARM.attributes
                0x0000025a       0x2d ./Drivers/STM32F1xx_HAL_Driver/Src/stm32f1xx_hal_dma.o
 .ARM.attributes
                0x00000287       0x2d ./Drivers/STM32F1xx_HAL_Driver/Src/stm32f1xx_hal_gpio.o
 .ARM.attributes
                0x000002b4       0x2d ./Drivers/STM32F1xx_HAL_Driver/Src/stm32f1xx_hal_rcc.o
 .ARM.attributes
                0x000002e1       0x2d ./Drivers/STM32F1xx_HAL_Driver/Src/stm32f1xx_hal_tim.o
 .ARM.attributes
                0x0000030e       0x2d ./Drivers/STM32F1xx_HAL_Driver/Src/stm32f1xx_hal_tim_ex.o
 .ARM.attributes
                0x0000033b       0x2d ./Drivers/STM32F1xx_HAL_Driver/Src/stm32f1xx_hal_uart.o
 .ARM.attributes
                0x00000368       0x2d ./Middlewares/Third_Party/NimaLTD_Driver/WS28XX/ws28xx.o
 .ARM.attributes
                0x00000395       0x2d /Applications/STM32CubeIDE.app/Contents/Eclipse/plugins/com.st.stm32cube.ide.mcu.externaltools.gnu-tools-for-stm32.12.3.rel1.macos64_1.0.200.202406191456/tools/bin/../lib/gcc/arm-none-eabi/12.3.1/../../../../arm-none-eabi/lib/thumb/v7-m/nofp/libc_nano.a(libc_a-atoi.o)
 .ARM.attributes
                0x000003c2       0x2d /Applications/STM32CubeIDE.app/Contents/Eclipse/plugins/com.st.stm32cube.ide.mcu.externaltools.gnu-tools-for-stm32.12.3.rel1.macos64_1.0.200.202406191456/tools/bin/../lib/gcc/arm-none-eabi/12.3.1/../../../../arm-none-eabi/lib/thumb/v7-m/nofp/libc_nano.a(libc_a-sprintf.o)
 .ARM.attributes
                0x000003ef       0x2d /Applications/STM32CubeIDE.app/Contents/Eclipse/plugins/com.st.stm32cube.ide.mcu.externaltools.gnu-tools-for-stm32.12.3.rel1.macos64_1.0.200.202406191456/tools/bin/../lib/gcc/arm-none-eabi/12.3.1/../../../../arm-none-eabi/lib/thumb/v7-m/nofp/libc_nano.a(libc_a-findfp.o)
 .ARM.attributes
                0x0000041c       0x2d /Applications/STM32CubeIDE.app/Contents/Eclipse/plugins/com.st.stm32cube.ide.mcu.externaltools.gnu-tools-for-stm32.12.3.rel1.macos64_1.0.200.202406191456/tools/bin/../lib/gcc/arm-none-eabi/12.3.1/../../../../arm-none-eabi/lib/thumb/v7-m/nofp/libc_nano.a(libc_a-strtol.o)
 .ARM.attributes
                0x00000449       0x2d /Applications/STM32CubeIDE.app/Contents/Eclipse/plugins/com.st.stm32cube.ide.mcu.externaltools.gnu-tools-for-stm32.12.3.rel1.macos64_1.0.200.202406191456/tools/bin/../lib/gcc/arm-none-eabi/12.3.1/../../../../arm-none-eabi/lib/thumb/v7-m/nofp/libc_nano.a(libc_a-memset.o)
 .ARM.attributes
                0x00000476       0x2d /Applications/STM32CubeIDE.app/Contents/Eclipse/plugins/com.st.stm32cube.ide.mcu.externaltools.gnu-tools-for-stm32.12.3.rel1.macos64_1.0.200.202406191456/tools/bin/../lib/gcc/arm-none-eabi/12.3.1/../../../../arm-none-eabi/lib/thumb/v7-m/nofp/libc_nano.a(libc_a-impure.o)
 .ARM.attributes
                0x000004a3       0x2d /Applications/STM32CubeIDE.app/Contents/Eclipse/plugins/com.st.stm32cube.ide.mcu.externaltools.gnu-tools-for-stm32.12.3.rel1.macos64_1.0.200.202406191456/tools/bin/../lib/gcc/arm-none-eabi/12.3.1/../../../../arm-none-eabi/lib/thumb/v7-m/nofp/libc_nano.a(libc_a-errno.o)
 .ARM.attributes
                0x000004d0       0x2d /Applications/STM32CubeIDE.app/Contents/Eclipse/plugins/com.st.stm32cube.ide.mcu.externaltools.gnu-tools-for-stm32.12.3.rel1.macos64_1.0.200.202406191456/tools/bin/../lib/gcc/arm-none-eabi/12.3.1/../../../../arm-none-eabi/lib/thumb/v7-m/nofp/libc_nano.a(libc_a-init.o)
 .ARM.attributes
                0x000004fd       0x2d /Applications/STM32CubeIDE.app/Contents/Eclipse/plugins/com.st.stm32cube.ide.mcu.externaltools.gnu-tools-for-stm32.12.3.rel1.macos64_1.0.200.202406191456/tools/bin/../lib/gcc/arm-none-eabi/12.3.1/../../../../arm-none-eabi/lib/thumb/v7-m/nofp/libc_nano.a(libc_a-lock.o)
 .ARM.attributes
                0x0000052a       0x17 /Applications/STM32CubeIDE.app/Contents/Eclipse/plugins/com.st.stm32cube.ide.mcu.externaltools.gnu-tools-for-stm32.12.3.rel1.macos64_1.0.200.202406191456/tools/bin/../lib/gcc/arm-none-eabi/12.3.1/../../../../arm-none-eabi/lib/thumb/v7-m/nofp/libc_nano.a(libc_a-strlen.o)
 .ARM.attributes
                0x00000541       0x2d /Applications/STM32CubeIDE.app/Contents/Eclipse/plugins/com.st.stm32cube.ide.mcu.externaltools.gnu-tools-for-stm32.12.3.rel1.macos64_1.0.200.202406191456/tools/bin/../lib/gcc/arm-none-eabi/12.3.1/../../../../arm-none-eabi/lib/thumb/v7-m/nofp/libc_nano.a(libc_a-ctype_.o)
 .ARM.attributes
                0x0000056e       0x2d /Applications/STM32CubeIDE.app/Contents/Eclipse/plugins/com.st.stm32cube.ide.mcu.externaltools.gnu-tools-for-stm32.12.3.rel1.macos64_1.0.200.202406191456/tools/bin/../lib/gcc/arm-none-eabi/12.3.1/../../../../arm-none-eabi/lib/thumb/v7-m/nofp/libc_nano.a(libc_a-nano-svfprintf.o)
 .ARM.attributes
                0x0000059b       0x2d /Applications/STM32CubeIDE.app/Contents/Eclipse/plugins/com.st.stm32cube.ide.mcu.externaltools.gnu-tools-for-stm32.12.3.rel1.macos64_1.0.200.202406191456/tools/bin/../lib/gcc/arm-none-eabi/12.3.1/../../../../arm-none-eabi/lib/thumb/v7-m/nofp/libc_nano.a(libc_a-mallocr.o)
 .ARM.attributes
                0x000005c8       0x2d /Applications/STM32CubeIDE.app/Contents/Eclipse/plugins/com.st.stm32cube.ide.mcu.externaltools.gnu-tools-for-stm32.12.3.rel1.macos64_1.0.200.202406191456/tools/bin/../lib/gcc/arm-none-eabi/12.3.1/../../../../arm-none-eabi/lib/thumb/v7-m/nofp/libc_nano.a(libc_a-nano-vfprintf_i.o)
 .ARM.attributes
                0x000005f5       0x2d /Applications/STM32CubeIDE.app/Contents/Eclipse/plugins/com.st.stm32cube.ide.mcu.externaltools.gnu-tools-for-stm32.12.3.rel1.macos64_1.0.200.202406191456/tools/bin/../lib/gcc/arm-none-eabi/12.3.1/../../../../arm-none-eabi/lib/thumb/v7-m/nofp/libc_nano.a(libc_a-mlock.o)
 .ARM.attributes
                0x00000622       0x2d /Applications/STM32CubeIDE.app/Contents/Eclipse/plugins/com.st.stm32cube.ide.mcu.externaltools.gnu-tools-for-stm32.12.3.rel1.macos64_1.0.200.202406191456/tools/bin/../lib/gcc/arm-none-eabi/12.3.1/../../../../arm-none-eabi/lib/thumb/v7-m/nofp/libc_nano.a(libc_a-reallocr.o)
 .ARM.attributes
                0x0000064f       0x2d /Applications/STM32CubeIDE.app/Contents/Eclipse/plugins/com.st.stm32cube.ide.mcu.externaltools.gnu-tools-for-stm32.12.3.rel1.macos64_1.0.200.202406191456/tools/bin/../lib/gcc/arm-none-eabi/12.3.1/../../../../arm-none-eabi/lib/thumb/v7-m/nofp/libc_nano.a(libc_a-memmove.o)
 .ARM.attributes
                0x0000067c       0x2d /Applications/STM32CubeIDE.app/Contents/Eclipse/plugins/com.st.stm32cube.ide.mcu.externaltools.gnu-tools-for-stm32.12.3.rel1.macos64_1.0.200.202406191456/tools/bin/../lib/gcc/arm-none-eabi/12.3.1/../../../../arm-none-eabi/lib/thumb/v7-m/nofp/libc_nano.a(libc_a-reent.o)
 .ARM.attributes
                0x000006a9       0x2d /Applications/STM32CubeIDE.app/Contents/Eclipse/plugins/com.st.stm32cube.ide.mcu.externaltools.gnu-tools-for-stm32.12.3.rel1.macos64_1.0.200.202406191456/tools/bin/../lib/gcc/arm-none-eabi/12.3.1/../../../../arm-none-eabi/lib/thumb/v7-m/nofp/libc_nano.a(libc_a-sbrkr.o)
 .ARM.attributes
                0x000006d6       0x2d /Applications/STM32CubeIDE.app/Contents/Eclipse/plugins/com.st.stm32cube.ide.mcu.externaltools.gnu-tools-for-stm32.12.3.rel1.macos64_1.0.200.202406191456/tools/bin/../lib/gcc/arm-none-eabi/12.3.1/../../../../arm-none-eabi/lib/thumb/v7-m/nofp/libc_nano.a(libc_a-memchr-stub.o)
 .ARM.attributes
                0x00000703       0x2d /Applications/STM32CubeIDE.app/Contents/Eclipse/plugins/com.st.stm32cube.ide.mcu.externaltools.gnu-tools-for-stm32.12.3.rel1.macos64_1.0.200.202406191456/tools/bin/../lib/gcc/arm-none-eabi/12.3.1/../../../../arm-none-eabi/lib/thumb/v7-m/nofp/libc_nano.a(libc_a-memcpy-stub.o)
 .ARM.attributes
                0x00000730       0x2d /Applications/STM32CubeIDE.app/Contents/Eclipse/plugins/com.st.stm32cube.ide.mcu.externaltools.gnu-tools-for-stm32.12.3.rel1.macos64_1.0.200.202406191456/tools/bin/../lib/gcc/arm-none-eabi/12.3.1/../../../../arm-none-eabi/lib/thumb/v7-m/nofp/libc_nano.a(libc_a-freer.o)
 .ARM.attributes
                0x0000075d       0x2d /Applications/STM32CubeIDE.app/Contents/Eclipse/plugins/com.st.stm32cube.ide.mcu.externaltools.gnu-tools-for-stm32.12.3.rel1.macos64_1.0.200.202406191456/tools/bin/../lib/gcc/arm-none-eabi/12.3.1/../../../../arm-none-eabi/lib/thumb/v7-m/nofp/libc_nano.a(libc_a-msizer.o)
 .ARM.attributes
                0x0000078a       0x1d /Applications/STM32CubeIDE.app/Contents/Eclipse/plugins/com.st.stm32cube.ide.mcu.externaltools.gnu-tools-for-stm32.12.3.rel1.macos64_1.0.200.202406191456/tools/bin/../lib/gcc/arm-none-eabi/12.3.1/thumb/v7-m/nofp/libgcc.a(_arm_addsubsf3.o)
 .ARM.attributes
                0x000007a7       0x1d /Applications/STM32CubeIDE.app/Contents/Eclipse/plugins/com.st.stm32cube.ide.mcu.externaltools.gnu-tools-for-stm32.12.3.rel1.macos64_1.0.200.202406191456/tools/bin/../lib/gcc/arm-none-eabi/12.3.1/thumb/v7-m/nofp/libgcc.a(_arm_muldivsf3.o)
 .ARM.attributes
                0x000007c4       0x1d /Applications/STM32CubeIDE.app/Contents/Eclipse/plugins/com.st.stm32cube.ide.mcu.externaltools.gnu-tools-for-stm32.12.3.rel1.macos64_1.0.200.202406191456/tools/bin/../lib/gcc/arm-none-eabi/12.3.1/thumb/v7-m/nofp/libgcc.a(_arm_fixunssfsi.o)
 .ARM.attributes
                0x000007e1       0x1d /Applications/STM32CubeIDE.app/Contents/Eclipse/plugins/com.st.stm32cube.ide.mcu.externaltools.gnu-tools-for-stm32.12.3.rel1.macos64_1.0.200.202406191456/tools/bin/../lib/gcc/arm-none-eabi/12.3.1/thumb/v7-m/nofp/crtn.o
OUTPUT(turnstile_stm_program.elf elf32-littlearm)
LOAD linker stubs
LOAD /Applications/STM32CubeIDE.app/Contents/Eclipse/plugins/com.st.stm32cube.ide.mcu.externaltools.gnu-tools-for-stm32.12.3.rel1.macos64_1.0.200.202406191456/tools/bin/../lib/gcc/arm-none-eabi/12.3.1/../../../../arm-none-eabi/lib/thumb/v7-m/nofp/libc.a
LOAD /Applications/STM32CubeIDE.app/Contents/Eclipse/plugins/com.st.stm32cube.ide.mcu.externaltools.gnu-tools-for-stm32.12.3.rel1.macos64_1.0.200.202406191456/tools/bin/../lib/gcc/arm-none-eabi/12.3.1/../../../../arm-none-eabi/lib/thumb/v7-m/nofp/libm.a
LOAD /Applications/STM32CubeIDE.app/Contents/Eclipse/plugins/com.st.stm32cube.ide.mcu.externaltools.gnu-tools-for-stm32.12.3.rel1.macos64_1.0.200.202406191456/tools/bin/../lib/gcc/arm-none-eabi/12.3.1/thumb/v7-m/nofp/libgcc.a

.debug_info     0x00000000     0xdab4
 .debug_info    0x00000000      0x2cf ./Core/Src/dma.o
 .debug_info    0x000002cf      0x44e ./Core/Src/gpio.o
 .debug_info    0x0000071d     0x1418 ./Core/Src/main.o
 .debug_info    0x00001b35      0x1f1 ./Core/Src/stm32f1xx_hal_msp.o
 .debug_info    0x00001d26      0x680 ./Core/Src/stm32f1xx_it.o
 .debug_info    0x000023a6      0x168 ./Core/Src/sysmem.o
 .debug_info    0x0000250e      0x222 ./Core/Src/system_stm32f1xx.o
 .debug_info    0x00002730      0xb1f ./Core/Src/tim.o
 .debug_info    0x0000324f      0x9e0 ./Core/Src/usart.o
 .debug_info    0x00003c2f       0x30 ./Core/Startup/startup_stm32f103rbtx.o
 .debug_info    0x00003c5f      0x704 ./Drivers/STM32F1xx_HAL_Driver/Src/stm32f1xx_hal.o
 .debug_info    0x00004363      0xa87 ./Drivers/STM32F1xx_HAL_Driver/Src/stm32f1xx_hal_cortex.o
 .debug_info    0x00004dea      0x6d2 ./Drivers/STM32F1xx_HAL_Driver/Src/stm32f1xx_hal_dma.o
 .debug_info    0x000054bc      0x5ab ./Drivers/STM32F1xx_HAL_Driver/Src/stm32f1xx_hal_gpio.o
 .debug_info    0x00005a67      0x7d5 ./Drivers/STM32F1xx_HAL_Driver/Src/stm32f1xx_hal_rcc.o
 .debug_info    0x0000623c     0x2959 ./Drivers/STM32F1xx_HAL_Driver/Src/stm32f1xx_hal_tim.o
 .debug_info    0x00008b95     0x149b ./Drivers/STM32F1xx_HAL_Driver/Src/stm32f1xx_hal_tim_ex.o
 .debug_info    0x0000a030     0x2eed ./Drivers/STM32F1xx_HAL_Driver/Src/stm32f1xx_hal_uart.o
 .debug_info    0x0000cf1d      0xb97 ./Middlewares/Third_Party/NimaLTD_Driver/WS28XX/ws28xx.o

.debug_abbrev   0x00000000     0x25ce
 .debug_abbrev  0x00000000       0xfc ./Core/Src/dma.o
 .debug_abbrev  0x000000fc      0x161 ./Core/Src/gpio.o
 .debug_abbrev  0x0000025d      0x40d ./Core/Src/main.o
 .debug_abbrev  0x0000066a       0xdb ./Core/Src/stm32f1xx_hal_msp.o
 .debug_abbrev  0x00000745      0x1a8 ./Core/Src/stm32f1xx_it.o
 .debug_abbrev  0x000008ed       0xbc ./Core/Src/sysmem.o
 .debug_abbrev  0x000009a9      0x13f ./Core/Src/system_stm32f1xx.o
 .debug_abbrev  0x00000ae8      0x253 ./Core/Src/tim.o
 .debug_abbrev  0x00000d3b      0x20b ./Core/Src/usart.o
 .debug_abbrev  0x00000f46       0x24 ./Core/Startup/startup_stm32f103rbtx.o
 .debug_abbrev  0x00000f6a      0x201 ./Drivers/STM32F1xx_HAL_Driver/Src/stm32f1xx_hal.o
 .debug_abbrev  0x0000116b      0x2f8 ./Drivers/STM32F1xx_HAL_Driver/Src/stm32f1xx_hal_cortex.o
 .debug_abbrev  0x00001463      0x20b ./Drivers/STM32F1xx_HAL_Driver/Src/stm32f1xx_hal_dma.o
 .debug_abbrev  0x0000166e      0x1ca ./Drivers/STM32F1xx_HAL_Driver/Src/stm32f1xx_hal_gpio.o
 .debug_abbrev  0x00001838      0x2b3 ./Drivers/STM32F1xx_HAL_Driver/Src/stm32f1xx_hal_rcc.o
 .debug_abbrev  0x00001aeb      0x277 ./Drivers/STM32F1xx_HAL_Driver/Src/stm32f1xx_hal_tim.o
 .debug_abbrev  0x00001d62      0x282 ./Drivers/STM32F1xx_HAL_Driver/Src/stm32f1xx_hal_tim_ex.o
 .debug_abbrev  0x00001fe4      0x2f8 ./Drivers/STM32F1xx_HAL_Driver/Src/stm32f1xx_hal_uart.o
 .debug_abbrev  0x000022dc      0x2f2 ./Middlewares/Third_Party/NimaLTD_Driver/WS28XX/ws28xx.o

.debug_aranges  0x00000000      0xdd0
 .debug_aranges
                0x00000000       0x20 ./Core/Src/dma.o
 .debug_aranges
                0x00000020       0x20 ./Core/Src/gpio.o
 .debug_aranges
                0x00000040       0xf0 ./Core/Src/main.o
 .debug_aranges
                0x00000130       0x20 ./Core/Src/stm32f1xx_hal_msp.o
 .debug_aranges
                0x00000150       0x90 ./Core/Src/stm32f1xx_it.o
 .debug_aranges
                0x000001e0       0x20 ./Core/Src/sysmem.o
 .debug_aranges
                0x00000200       0x28 ./Core/Src/system_stm32f1xx.o
 .debug_aranges
                0x00000228       0x50 ./Core/Src/tim.o
 .debug_aranges
                0x00000278       0x40 ./Core/Src/usart.o
 .debug_aranges
                0x000002b8       0x28 ./Core/Startup/startup_stm32f103rbtx.o
 .debug_aranges
                0x000002e0       0xe0 ./Drivers/STM32F1xx_HAL_Driver/Src/stm32f1xx_hal.o
 .debug_aranges
                0x000003c0      0x100 ./Drivers/STM32F1xx_HAL_Driver/Src/stm32f1xx_hal_cortex.o
 .debug_aranges
                0x000004c0       0x80 ./Drivers/STM32F1xx_HAL_Driver/Src/stm32f1xx_hal_dma.o
 .debug_aranges
                0x00000540       0x58 ./Drivers/STM32F1xx_HAL_Driver/Src/stm32f1xx_hal_gpio.o
 .debug_aranges
                0x00000598       0x90 ./Drivers/STM32F1xx_HAL_Driver/Src/stm32f1xx_hal_rcc.o
 .debug_aranges
                0x00000628      0x3d0 ./Drivers/STM32F1xx_HAL_Driver/Src/stm32f1xx_hal_tim.o
 .debug_aranges
                0x000009f8      0x168 ./Drivers/STM32F1xx_HAL_Driver/Src/stm32f1xx_hal_tim_ex.o
 .debug_aranges
                0x00000b60      0x208 ./Drivers/STM32F1xx_HAL_Driver/Src/stm32f1xx_hal_uart.o
 .debug_aranges
                0x00000d68       0x68 ./Middlewares/Third_Party/NimaLTD_Driver/WS28XX/ws28xx.o

.debug_rnglists
                0x00000000      0xabb
 .debug_rnglists
                0x00000000       0x13 ./Core/Src/dma.o
 .debug_rnglists
                0x00000013       0x14 ./Core/Src/gpio.o
 .debug_rnglists
                0x00000027       0xb4 ./Core/Src/main.o
 .debug_rnglists
                0x000000db       0x13 ./Core/Src/stm32f1xx_hal_msp.o
 .debug_rnglists
                0x000000ee       0x67 ./Core/Src/stm32f1xx_it.o
 .debug_rnglists
                0x00000155       0x13 ./Core/Src/sysmem.o
 .debug_rnglists
                0x00000168       0x1a ./Core/Src/system_stm32f1xx.o
 .debug_rnglists
                0x00000182       0x3b ./Core/Src/tim.o
 .debug_rnglists
                0x000001bd       0x2d ./Core/Src/usart.o
 .debug_rnglists
                0x000001ea       0x19 ./Core/Startup/startup_stm32f103rbtx.o
 .debug_rnglists
                0x00000203       0xa3 ./Drivers/STM32F1xx_HAL_Driver/Src/stm32f1xx_hal.o
 .debug_rnglists
                0x000002a6       0xbb ./Drivers/STM32F1xx_HAL_Driver/Src/stm32f1xx_hal_cortex.o
 .debug_rnglists
                0x00000361       0x64 ./Drivers/STM32F1xx_HAL_Driver/Src/stm32f1xx_hal_dma.o
 .debug_rnglists
                0x000003c5       0x3f ./Drivers/STM32F1xx_HAL_Driver/Src/stm32f1xx_hal_gpio.o
 .debug_rnglists
                0x00000404       0x6c ./Drivers/STM32F1xx_HAL_Driver/Src/stm32f1xx_hal_rcc.o
 .debug_rnglists
                0x00000470      0x31a ./Drivers/STM32F1xx_HAL_Driver/Src/stm32f1xx_hal_tim.o
 .debug_rnglists
                0x0000078a      0x125 ./Drivers/STM32F1xx_HAL_Driver/Src/stm32f1xx_hal_tim_ex.o
 .debug_rnglists
                0x000008af      0x1bc ./Drivers/STM32F1xx_HAL_Driver/Src/stm32f1xx_hal_uart.o
 .debug_rnglists
                0x00000a6b       0x50 ./Middlewares/Third_Party/NimaLTD_Driver/WS28XX/ws28xx.o

.debug_macro    0x00000000    0x186ba
 .debug_macro   0x00000000      0x1bc ./Core/Src/dma.o
 .debug_macro   0x000001bc      0xaa8 ./Core/Src/dma.o
 .debug_macro   0x00000c64      0x221 ./Core/Src/dma.o
 .debug_macro   0x00000e85       0x2e ./Core/Src/dma.o
 .debug_macro   0x00000eb3       0x22 ./Core/Src/dma.o
 .debug_macro   0x00000ed5       0x22 ./Core/Src/dma.o
 .debug_macro   0x00000ef7       0x8e ./Core/Src/dma.o
 .debug_macro   0x00000f85       0x51 ./Core/Src/dma.o
 .debug_macro   0x00000fd6      0x103 ./Core/Src/dma.o
 .debug_macro   0x000010d9       0x6a ./Core/Src/dma.o
 .debug_macro   0x00001143      0x1df ./Core/Src/dma.o
 .debug_macro   0x00001322       0x1c ./Core/Src/dma.o
 .debug_macro   0x0000133e       0x22 ./Core/Src/dma.o
 .debug_macro   0x00001360       0xbd ./Core/Src/dma.o
 .debug_macro   0x0000141d      0xd23 ./Core/Src/dma.o
 .debug_macro   0x00002140     0xe09e ./Core/Src/dma.o
 .debug_macro   0x000101de       0x6d ./Core/Src/dma.o
 .debug_macro   0x0001024b     0x34a2 ./Core/Src/dma.o
 .debug_macro   0x000136ed      0x189 ./Core/Src/dma.o
 .debug_macro   0x00013876       0x5c ./Core/Src/dma.o
 .debug_macro   0x000138d2      0x5bc ./Core/Src/dma.o
 .debug_macro   0x00013e8e      0x289 ./Core/Src/dma.o
 .debug_macro   0x00014117      0x1cb ./Core/Src/dma.o
 .debug_macro   0x000142e2      0x114 ./Core/Src/dma.o
 .debug_macro   0x000143f6      0x1b2 ./Core/Src/dma.o
 .debug_macro   0x000145a8       0x27 ./Core/Src/dma.o
 .debug_macro   0x000145cf      0x136 ./Core/Src/dma.o
 .debug_macro   0x00014705      0x1bc ./Core/Src/dma.o
 .debug_macro   0x000148c1       0x34 ./Core/Src/dma.o
 .debug_macro   0x000148f5       0x3c ./Core/Src/dma.o
 .debug_macro   0x00014931       0x57 ./Core/Src/dma.o
 .debug_macro   0x00014988       0x87 ./Core/Src/dma.o
 .debug_macro   0x00014a0f      0x240 ./Core/Src/dma.o
 .debug_macro   0x00014c4f      0x140 ./Core/Src/dma.o
 .debug_macro   0x00014d8f      0x8ed ./Core/Src/dma.o
 .debug_macro   0x0001567c      0x28e ./Core/Src/dma.o
 .debug_macro   0x0001590a       0x83 ./Core/Src/dma.o
 .debug_macro   0x0001598d       0x6a ./Core/Src/dma.o
 .debug_macro   0x000159f7      0x1bc ./Core/Src/gpio.o
 .debug_macro   0x00015bb3      0x319 ./Core/Src/main.o
 .debug_macro   0x00015ecc       0x22 ./Core/Src/main.o
 .debug_macro   0x00015eee       0x5e ./Core/Src/main.o
 .debug_macro   0x00015f4c      0x1c0 ./Core/Src/main.o
 .debug_macro   0x0001610c       0x61 ./Core/Src/main.o
 .debug_macro   0x0001616d       0x24 ./Core/Src/main.o
 .debug_macro   0x00016191       0x43 ./Core/Src/main.o
 .debug_macro   0x000161d4       0x34 ./Core/Src/main.o
 .debug_macro   0x00016208       0x16 ./Core/Src/main.o
 .debug_macro   0x0001621e       0x43 ./Core/Src/main.o
 .debug_macro   0x00016261       0x34 ./Core/Src/main.o
 .debug_macro   0x00016295       0x10 ./Core/Src/main.o
 .debug_macro   0x000162a5       0x58 ./Core/Src/main.o
 .debug_macro   0x000162fd       0x8e ./Core/Src/main.o
 .debug_macro   0x0001638b       0x1c ./Core/Src/main.o
 .debug_macro   0x000163a7      0x177 ./Core/Src/main.o
 .debug_macro   0x0001651e      0x369 ./Core/Src/main.o
 .debug_macro   0x00016887       0x10 ./Core/Src/main.o
 .debug_macro   0x00016897       0x35 ./Core/Src/main.o
 .debug_macro   0x000168cc       0x20 ./Core/Src/main.o
 .debug_macro   0x000168ec       0x1c ./Core/Src/main.o
 .debug_macro   0x00016908       0x10 ./Core/Src/main.o
 .debug_macro   0x00016918       0x1c ./Core/Src/main.o
 .debug_macro   0x00016934       0x16 ./Core/Src/main.o
 .debug_macro   0x0001694a      0x146 ./Core/Src/main.o
 .debug_macro   0x00016a90      0x1b2 ./Core/Src/stm32f1xx_hal_msp.o
 .debug_macro   0x00016c42      0x1bc ./Core/Src/stm32f1xx_it.o
 .debug_macro   0x00016dfe       0xff ./Core/Src/sysmem.o
 .debug_macro   0x00016efd      0x23c ./Core/Src/sysmem.o
 .debug_macro   0x00017139      0x1a3 ./Core/Src/system_stm32f1xx.o
 .debug_macro   0x000172dc      0x1bc ./Core/Src/tim.o
 .debug_macro   0x00017498      0x1bc ./Core/Src/usart.o
 .debug_macro   0x00017654      0x1c7 ./Drivers/STM32F1xx_HAL_Driver/Src/stm32f1xx_hal.o
 .debug_macro   0x0001781b      0x1a3 ./Drivers/STM32F1xx_HAL_Driver/Src/stm32f1xx_hal_cortex.o
 .debug_macro   0x000179be      0x1a3 ./Drivers/STM32F1xx_HAL_Driver/Src/stm32f1xx_hal_dma.o
 .debug_macro   0x00017b61      0x20e ./Drivers/STM32F1xx_HAL_Driver/Src/stm32f1xx_hal_gpio.o
 .debug_macro   0x00017d6f      0x1b5 ./Drivers/STM32F1xx_HAL_Driver/Src/stm32f1xx_hal_rcc.o
 .debug_macro   0x00017f24      0x1a4 ./Drivers/STM32F1xx_HAL_Driver/Src/stm32f1xx_hal_tim.o
 .debug_macro   0x000180c8      0x1a3 ./Drivers/STM32F1xx_HAL_Driver/Src/stm32f1xx_hal_tim_ex.o
 .debug_macro   0x0001826b      0x1a4 ./Drivers/STM32F1xx_HAL_Driver/Src/stm32f1xx_hal_uart.o
 .debug_macro   0x0001840f      0x2ab ./Middlewares/Third_Party/NimaLTD_Driver/WS28XX/ws28xx.o

.debug_line     0x00000000    0x100f0
 .debug_line    0x00000000      0x695 ./Core/Src/dma.o
 .debug_line    0x00000695      0x6dd ./Core/Src/gpio.o
 .debug_line    0x00000d72      0xe35 ./Core/Src/main.o
 .debug_line    0x00001ba7      0x69b ./Core/Src/stm32f1xx_hal_msp.o
 .debug_line    0x00002242      0x7ec ./Core/Src/stm32f1xx_it.o
 .debug_line    0x00002a2e      0x51c ./Core/Src/sysmem.o
 .debug_line    0x00002f4a      0x718 ./Core/Src/system_stm32f1xx.o
 .debug_line    0x00003662      0x825 ./Core/Src/tim.o
 .debug_line    0x00003e87      0x7e8 ./Core/Src/usart.o
 .debug_line    0x0000466f       0x78 ./Core/Startup/startup_stm32f103rbtx.o
 .debug_line    0x000046e7      0x945 ./Drivers/STM32F1xx_HAL_Driver/Src/stm32f1xx_hal.o
 .debug_line    0x0000502c      0xb31 ./Drivers/STM32F1xx_HAL_Driver/Src/stm32f1xx_hal_cortex.o
 .debug_line    0x00005b5d      0xd9e ./Drivers/STM32F1xx_HAL_Driver/Src/stm32f1xx_hal_dma.o
 .debug_line    0x000068fb      0x9de ./Drivers/STM32F1xx_HAL_Driver/Src/stm32f1xx_hal_gpio.o
 .debug_line    0x000072d9      0xd4e ./Drivers/STM32F1xx_HAL_Driver/Src/stm32f1xx_hal_rcc.o
 .debug_line    0x00008027     0x346a ./Drivers/STM32F1xx_HAL_Driver/Src/stm32f1xx_hal_tim.o
 .debug_line    0x0000b491     0x1894 ./Drivers/STM32F1xx_HAL_Driver/Src/stm32f1xx_hal_tim_ex.o
 .debug_line    0x0000cd25     0x2824 ./Drivers/STM32F1xx_HAL_Driver/Src/stm32f1xx_hal_uart.o
 .debug_line    0x0000f549      0xba7 ./Middlewares/Third_Party/NimaLTD_Driver/WS28XX/ws28xx.o

.debug_str      0x00000000    0x8b53c
 .debug_str     0x00000000    0x83796 ./Core/Src/dma.o
                              0x83b41 (size before relaxing)
 .debug_str     0x00083796       0xc4 ./Core/Src/gpio.o
                              0x83bea (size before relaxing)
 .debug_str     0x0008385a     0x4d48 ./Core/Src/main.o
                              0x886ca (size before relaxing)
 .debug_str     0x000885a2       0x5a ./Core/Src/stm32f1xx_hal_msp.o
                              0x8386b (size before relaxing)
 .debug_str     0x000885fc      0x18d ./Core/Src/stm32f1xx_it.o
                              0x83d67 (size before relaxing)
 .debug_str     0x00088789      0x4dc ./Core/Src/sysmem.o
                               0x6086 (size before relaxing)
 .debug_str     0x00088c65       0x7e ./Core/Src/system_stm32f1xx.o
                              0x83727 (size before relaxing)
 .debug_str     0x00088ce3      0x23e ./Core/Src/tim.o
                              0x83ffe (size before relaxing)
 .debug_str     0x00088f21       0x75 ./Core/Src/usart.o
                              0x8407c (size before relaxing)
 .debug_str     0x00088f96       0x44 ./Core/Startup/startup_stm32f103rbtx.o
                                 0x91 (size before relaxing)
 .debug_str     0x00088fda      0x378 ./Drivers/STM32F1xx_HAL_Driver/Src/stm32f1xx_hal.o
                              0x83e5a (size before relaxing)
 .debug_str     0x00089352      0x294 ./Drivers/STM32F1xx_HAL_Driver/Src/stm32f1xx_hal_cortex.o
                              0x83da6 (size before relaxing)
 .debug_str     0x000895e6      0x206 ./Drivers/STM32F1xx_HAL_Driver/Src/stm32f1xx_hal_dma.o
                              0x83ad0 (size before relaxing)
 .debug_str     0x000897ec      0x284 ./Drivers/STM32F1xx_HAL_Driver/Src/stm32f1xx_hal_gpio.o
                              0x83aad (size before relaxing)
 .debug_str     0x00089a70      0x229 ./Drivers/STM32F1xx_HAL_Driver/Src/stm32f1xx_hal_rcc.o
                              0x83b56 (size before relaxing)
 .debug_str     0x00089c99      0xd2a ./Drivers/STM32F1xx_HAL_Driver/Src/stm32f1xx_hal_tim.o
                              0x84b58 (size before relaxing)
 .debug_str     0x0008a9c3      0x493 ./Drivers/STM32F1xx_HAL_Driver/Src/stm32f1xx_hal_tim_ex.o
                              0x84364 (size before relaxing)
 .debug_str     0x0008ae56      0x5c2 ./Drivers/STM32F1xx_HAL_Driver/Src/stm32f1xx_hal_uart.o
                              0x841c7 (size before relaxing)
 .debug_str     0x0008b418      0x124 ./Middlewares/Third_Party/NimaLTD_Driver/WS28XX/ws28xx.o
                              0x879c1 (size before relaxing)

.comment        0x00000000       0x43
 .comment       0x00000000       0x43 ./Core/Src/dma.o
                                 0x44 (size before relaxing)
 .comment       0x00000043       0x44 ./Core/Src/gpio.o
 .comment       0x00000043       0x44 ./Core/Src/main.o
 .comment       0x00000043       0x44 ./Core/Src/stm32f1xx_hal_msp.o
 .comment       0x00000043       0x44 ./Core/Src/stm32f1xx_it.o
 .comment       0x00000043       0x44 ./Core/Src/sysmem.o
 .comment       0x00000043       0x44 ./Core/Src/system_stm32f1xx.o
 .comment       0x00000043       0x44 ./Core/Src/tim.o
 .comment       0x00000043       0x44 ./Core/Src/usart.o
 .comment       0x00000043       0x44 ./Drivers/STM32F1xx_HAL_Driver/Src/stm32f1xx_hal.o
 .comment       0x00000043       0x44 ./Drivers/STM32F1xx_HAL_Driver/Src/stm32f1xx_hal_cortex.o
 .comment       0x00000043       0x44 ./Drivers/STM32F1xx_HAL_Driver/Src/stm32f1xx_hal_dma.o
 .comment       0x00000043       0x44 ./Drivers/STM32F1xx_HAL_Driver/Src/stm32f1xx_hal_gpio.o
 .comment       0x00000043       0x44 ./Drivers/STM32F1xx_HAL_Driver/Src/stm32f1xx_hal_rcc.o
 .comment       0x00000043       0x44 ./Drivers/STM32F1xx_HAL_Driver/Src/stm32f1xx_hal_tim.o
 .comment       0x00000043       0x44 ./Drivers/STM32F1xx_HAL_Driver/Src/stm32f1xx_hal_tim_ex.o
 .comment       0x00000043       0x44 ./Drivers/STM32F1xx_HAL_Driver/Src/stm32f1xx_hal_uart.o
 .comment       0x00000043       0x44 ./Middlewares/Third_Party/NimaLTD_Driver/WS28XX/ws28xx.o

.debug_frame    0x00000000     0x3eac
 .debug_frame   0x00000000       0x34 ./Core/Src/dma.o
 .debug_frame   0x00000034       0x34 ./Core/Src/gpio.o
 .debug_frame   0x00000068      0x39c ./Core/Src/main.o
 .debug_frame   0x00000404       0x38 ./Core/Src/stm32f1xx_hal_msp.o
 .debug_frame   0x0000043c      0x1ac ./Core/Src/stm32f1xx_it.o
 .debug_frame   0x000005e8       0x34 ./Core/Src/sysmem.o
 .debug_frame   0x0000061c       0x58 ./Core/Src/system_stm32f1xx.o
 .debug_frame   0x00000674      0x114 ./Core/Src/tim.o
 .debug_frame   0x00000788       0xac ./Core/Src/usart.o
 .debug_frame   0x00000834      0x334 ./Drivers/STM32F1xx_HAL_Driver/Src/stm32f1xx_hal.o
 .debug_frame   0x00000b68      0x428 ./Drivers/STM32F1xx_HAL_Driver/Src/stm32f1xx_hal_cortex.o
 .debug_frame   0x00000f90      0x208 ./Drivers/STM32F1xx_HAL_Driver/Src/stm32f1xx_hal_dma.o
 .debug_frame   0x00001198      0x14c ./Drivers/STM32F1xx_HAL_Driver/Src/stm32f1xx_hal_gpio.o
 .debug_frame   0x000012e4      0x218 ./Drivers/STM32F1xx_HAL_Driver/Src/stm32f1xx_hal_rcc.o
 .debug_frame   0x000014fc     0x11b8 ./Drivers/STM32F1xx_HAL_Driver/Src/stm32f1xx_hal_tim.o
 .debug_frame   0x000026b4      0x638 ./Drivers/STM32F1xx_HAL_Driver/Src/stm32f1xx_hal_tim_ex.o
 .debug_frame   0x00002cec      0x944 ./Drivers/STM32F1xx_HAL_Driver/Src/stm32f1xx_hal_uart.o
 .debug_frame   0x00003630      0x194 ./Middlewares/Third_Party/NimaLTD_Driver/WS28XX/ws28xx.o
 .debug_frame   0x000037c4       0x30 /Applications/STM32CubeIDE.app/Contents/Eclipse/plugins/com.st.stm32cube.ide.mcu.externaltools.gnu-tools-for-stm32.12.3.rel1.macos64_1.0.200.202406191456/tools/bin/../lib/gcc/arm-none-eabi/12.3.1/../../../../arm-none-eabi/lib/thumb/v7-m/nofp/libc_nano.a(libc_a-atoi.o)
 .debug_frame   0x000037f4       0x6c /Applications/STM32CubeIDE.app/Contents/Eclipse/plugins/com.st.stm32cube.ide.mcu.externaltools.gnu-tools-for-stm32.12.3.rel1.macos64_1.0.200.202406191456/tools/bin/../lib/gcc/arm-none-eabi/12.3.1/../../../../arm-none-eabi/lib/thumb/v7-m/nofp/libc_nano.a(libc_a-sprintf.o)
 .debug_frame   0x00003860      0x144 /Applications/STM32CubeIDE.app/Contents/Eclipse/plugins/com.st.stm32cube.ide.mcu.externaltools.gnu-tools-for-stm32.12.3.rel1.macos64_1.0.200.202406191456/tools/bin/../lib/gcc/arm-none-eabi/12.3.1/../../../../arm-none-eabi/lib/thumb/v7-m/nofp/libc_nano.a(libc_a-findfp.o)
 .debug_frame   0x000039a4       0x64 /Applications/STM32CubeIDE.app/Contents/Eclipse/plugins/com.st.stm32cube.ide.mcu.externaltools.gnu-tools-for-stm32.12.3.rel1.macos64_1.0.200.202406191456/tools/bin/../lib/gcc/arm-none-eabi/12.3.1/../../../../arm-none-eabi/lib/thumb/v7-m/nofp/libc_nano.a(libc_a-strtol.o)
 .debug_frame   0x00003a08       0x20 /Applications/STM32CubeIDE.app/Contents/Eclipse/plugins/com.st.stm32cube.ide.mcu.externaltools.gnu-tools-for-stm32.12.3.rel1.macos64_1.0.200.202406191456/tools/bin/../lib/gcc/arm-none-eabi/12.3.1/../../../../arm-none-eabi/lib/thumb/v7-m/nofp/libc_nano.a(libc_a-memset.o)
 .debug_frame   0x00003a28       0x20 /Applications/STM32CubeIDE.app/Contents/Eclipse/plugins/com.st.stm32cube.ide.mcu.externaltools.gnu-tools-for-stm32.12.3.rel1.macos64_1.0.200.202406191456/tools/bin/../lib/gcc/arm-none-eabi/12.3.1/../../../../arm-none-eabi/lib/thumb/v7-m/nofp/libc_nano.a(libc_a-errno.o)
 .debug_frame   0x00003a48       0x2c /Applications/STM32CubeIDE.app/Contents/Eclipse/plugins/com.st.stm32cube.ide.mcu.externaltools.gnu-tools-for-stm32.12.3.rel1.macos64_1.0.200.202406191456/tools/bin/../lib/gcc/arm-none-eabi/12.3.1/../../../../arm-none-eabi/lib/thumb/v7-m/nofp/libc_nano.a(libc_a-init.o)
 .debug_frame   0x00003a74       0xb0 /Applications/STM32CubeIDE.app/Contents/Eclipse/plugins/com.st.stm32cube.ide.mcu.externaltools.gnu-tools-for-stm32.12.3.rel1.macos64_1.0.200.202406191456/tools/bin/../lib/gcc/arm-none-eabi/12.3.1/../../../../arm-none-eabi/lib/thumb/v7-m/nofp/libc_nano.a(libc_a-lock.o)
 .debug_frame   0x00003b24       0x90 /Applications/STM32CubeIDE.app/Contents/Eclipse/plugins/com.st.stm32cube.ide.mcu.externaltools.gnu-tools-for-stm32.12.3.rel1.macos64_1.0.200.202406191456/tools/bin/../lib/gcc/arm-none-eabi/12.3.1/../../../../arm-none-eabi/lib/thumb/v7-m/nofp/libc_nano.a(libc_a-nano-svfprintf.o)
 .debug_frame   0x00003bb4       0x50 /Applications/STM32CubeIDE.app/Contents/Eclipse/plugins/com.st.stm32cube.ide.mcu.externaltools.gnu-tools-for-stm32.12.3.rel1.macos64_1.0.200.202406191456/tools/bin/../lib/gcc/arm-none-eabi/12.3.1/../../../../arm-none-eabi/lib/thumb/v7-m/nofp/libc_nano.a(libc_a-mallocr.o)
 .debug_frame   0x00003c04       0x60 /Applications/STM32CubeIDE.app/Contents/Eclipse/plugins/com.st.stm32cube.ide.mcu.externaltools.gnu-tools-for-stm32.12.3.rel1.macos64_1.0.200.202406191456/tools/bin/../lib/gcc/arm-none-eabi/12.3.1/../../../../arm-none-eabi/lib/thumb/v7-m/nofp/libc_nano.a(libc_a-nano-vfprintf_i.o)
 .debug_frame   0x00003c64       0x30 /Applications/STM32CubeIDE.app/Contents/Eclipse/plugins/com.st.stm32cube.ide.mcu.externaltools.gnu-tools-for-stm32.12.3.rel1.macos64_1.0.200.202406191456/tools/bin/../lib/gcc/arm-none-eabi/12.3.1/../../../../arm-none-eabi/lib/thumb/v7-m/nofp/libc_nano.a(libc_a-mlock.o)
 .debug_frame   0x00003c94       0x3c /Applications/STM32CubeIDE.app/Contents/Eclipse/plugins/com.st.stm32cube.ide.mcu.externaltools.gnu-tools-for-stm32.12.3.rel1.macos64_1.0.200.202406191456/tools/bin/../lib/gcc/arm-none-eabi/12.3.1/../../../../arm-none-eabi/lib/thumb/v7-m/nofp/libc_nano.a(libc_a-reallocr.o)
 .debug_frame   0x00003cd0       0x28 /Applications/STM32CubeIDE.app/Contents/Eclipse/plugins/com.st.stm32cube.ide.mcu.externaltools.gnu-tools-for-stm32.12.3.rel1.macos64_1.0.200.202406191456/tools/bin/../lib/gcc/arm-none-eabi/12.3.1/../../../../arm-none-eabi/lib/thumb/v7-m/nofp/libc_nano.a(libc_a-memmove.o)
 .debug_frame   0x00003cf8       0x38 /Applications/STM32CubeIDE.app/Contents/Eclipse/plugins/com.st.stm32cube.ide.mcu.externaltools.gnu-tools-for-stm32.12.3.rel1.macos64_1.0.200.202406191456/tools/bin/../lib/gcc/arm-none-eabi/12.3.1/../../../../arm-none-eabi/lib/thumb/v7-m/nofp/libc_nano.a(libc_a-reent.o)
 .debug_frame   0x00003d30       0x2c /Applications/STM32CubeIDE.app/Contents/Eclipse/plugins/com.st.stm32cube.ide.mcu.externaltools.gnu-tools-for-stm32.12.3.rel1.macos64_1.0.200.202406191456/tools/bin/../lib/gcc/arm-none-eabi/12.3.1/../../../../arm-none-eabi/lib/thumb/v7-m/nofp/libc_nano.a(libc_a-sbrkr.o)
 .debug_frame   0x00003d5c       0x28 /Applications/STM32CubeIDE.app/Contents/Eclipse/plugins/com.st.stm32cube.ide.mcu.externaltools.gnu-tools-for-stm32.12.3.rel1.macos64_1.0.200.202406191456/tools/bin/../lib/gcc/arm-none-eabi/12.3.1/../../../../arm-none-eabi/lib/thumb/v7-m/nofp/libc_nano.a(libc_a-memchr-stub.o)
 .debug_frame   0x00003d84       0x28 /Applications/STM32CubeIDE.app/Contents/Eclipse/plugins/com.st.stm32cube.ide.mcu.externaltools.gnu-tools-for-stm32.12.3.rel1.macos64_1.0.200.202406191456/tools/bin/../lib/gcc/arm-none-eabi/12.3.1/../../../../arm-none-eabi/lib/thumb/v7-m/nofp/libc_nano.a(libc_a-memcpy-stub.o)
 .debug_frame   0x00003dac       0x38 /Applications/STM32CubeIDE.app/Contents/Eclipse/plugins/com.st.stm32cube.ide.mcu.externaltools.gnu-tools-for-stm32.12.3.rel1.macos64_1.0.200.202406191456/tools/bin/../lib/gcc/arm-none-eabi/12.3.1/../../../../arm-none-eabi/lib/thumb/v7-m/nofp/libc_nano.a(libc_a-freer.o)
 .debug_frame   0x00003de4       0x20 /Applications/STM32CubeIDE.app/Contents/Eclipse/plugins/com.st.stm32cube.ide.mcu.externaltools.gnu-tools-for-stm32.12.3.rel1.macos64_1.0.200.202406191456/tools/bin/../lib/gcc/arm-none-eabi/12.3.1/../../../../arm-none-eabi/lib/thumb/v7-m/nofp/libc_nano.a(libc_a-msizer.o)
 .debug_frame   0x00003e04       0x4c /Applications/STM32CubeIDE.app/Contents/Eclipse/plugins/com.st.stm32cube.ide.mcu.externaltools.gnu-tools-for-stm32.12.3.rel1.macos64_1.0.200.202406191456/tools/bin/../lib/gcc/arm-none-eabi/12.3.1/thumb/v7-m/nofp/libgcc.a(_arm_addsubsf3.o)
 .debug_frame   0x00003e50       0x38 /Applications/STM32CubeIDE.app/Contents/Eclipse/plugins/com.st.stm32cube.ide.mcu.externaltools.gnu-tools-for-stm32.12.3.rel1.macos64_1.0.200.202406191456/tools/bin/../lib/gcc/arm-none-eabi/12.3.1/thumb/v7-m/nofp/libgcc.a(_arm_muldivsf3.o)
 .debug_frame   0x00003e88       0x24 /Applications/STM32CubeIDE.app/Contents/Eclipse/plugins/com.st.stm32cube.ide.mcu.externaltools.gnu-tools-for-stm32.12.3.rel1.macos64_1.0.200.202406191456/tools/bin/../lib/gcc/arm-none-eabi/12.3.1/thumb/v7-m/nofp/libgcc.a(_arm_fixunssfsi.o)

.debug_line_str
                0x00000000       0x75
 .debug_line_str
                0x00000000       0x75 ./Core/Startup/startup_stm32f103rbtx.o