Archive member included to satisfy reference by file (symbol)

/Applications/STM32CubeIDE.app/Contents/Eclipse/plugins/com.st.stm32cube.ide.mcu.externaltools.gnu-tools-for-stm32.12.3.rel1.macos64_1.0.200.202406191456/tools/bin/../lib/gcc/arm-none-eabi/12.3.1/../../../../arm-none-eabi/lib/thumb/v7-m/nofp/libc_nano.a(libc_a-exit.o)
                              /Applications/STM32CubeIDE.app/Contents/Eclipse/plugins/com.st.stm32cube.ide.mcu.externaltools.gnu-tools-for-stm32.12.3.rel1.macos64_1.0.200.202406191456/tools/bin/../lib/gcc/arm-none-eabi/12.3.1/../../../../arm-none-eabi/lib/thumb/v7-m/nofp/crt0.o (exit)
/Applications/STM32CubeIDE.app/Contents/Eclipse/plugins/com.st.stm32cube.ide.mcu.externaltools.gnu-tools-for-stm32.12.3.rel1.macos64_1.0.200.202406191456/tools/bin/../lib/gcc/arm-none-eabi/12.3.1/../../../../arm-none-eabi/lib/thumb/v7-m/nofp/libc_nano.a(libc_a-sprintf.o)
                              ./Core/Src/main.o (sprintf)
/Applications/STM32CubeIDE.app/Contents/Eclipse/plugins/com.st.stm32cube.ide.mcu.externaltools.gnu-tools-for-stm32.12.3.rel1.macos64_1.0.200.202406191456/tools/bin/../lib/gcc/arm-none-eabi/12.3.1/../../../../arm-none-eabi/lib/thumb/v7-m/nofp/libc_nano.a(libc_a-findfp.o)
                              /Applications/STM32CubeIDE.app/Contents/Eclipse/plugins/com.st.stm32cube.ide.mcu.externaltools.gnu-tools-for-stm32.12.3.rel1.macos64_1.0.200.202406191456/tools/bin/../lib/gcc/arm-none-eabi/12.3.1/../../../../arm-none-eabi/lib/thumb/v7-m/nofp/libc_nano.a(libc_a-exit.o) (__stdio_exit_handler)
/Applications/STM32CubeIDE.app/Contents/Eclipse/plugins/com.st.stm32cube.ide.mcu.externaltools.gnu-tools-for-stm32.12.3.rel1.macos64_1.0.200.202406191456/tools/bin/../lib/gcc/arm-none-eabi/12.3.1/../../../../arm-none-eabi/lib/thumb/v7-m/nofp/libc_nano.a(libc_a-fwalk.o)
                              /Applications/STM32CubeIDE.app/Contents/Eclipse/plugins/com.st.stm32cube.ide.mcu.externaltools.gnu-tools-for-stm32.12.3.rel1.macos64_1.0.200.202406191456/tools/bin/../lib/gcc/arm-none-eabi/12.3.1/../../../../arm-none-eabi/lib/thumb/v7-m/nofp/libc_nano.a(libc_a-findfp.o) (_fwalk_sglue)
/Applications/STM32CubeIDE.app/Contents/Eclipse/plugins/com.st.stm32cube.ide.mcu.externaltools.gnu-tools-for-stm32.12.3.rel1.macos64_1.0.200.202406191456/tools/bin/../lib/gcc/arm-none-eabi/12.3.1/../../../../arm-none-eabi/lib/thumb/v7-m/nofp/libc_nano.a(libc_a-memset.o)
                              /Applications/STM32CubeIDE.app/Contents/Eclipse/plugins/com.st.stm32cube.ide.mcu.externaltools.gnu-tools-for-stm32.12.3.rel1.macos64_1.0.200.202406191456/tools/bin/../lib/gcc/arm-none-eabi/12.3.1/../../../../arm-none-eabi/lib/thumb/v7-m/nofp/crt0.o (memset)
/Applications/STM32CubeIDE.app/Contents/Eclipse/plugins/com.st.stm32cube.ide.mcu.externaltools.gnu-tools-for-stm32.12.3.rel1.macos64_1.0.200.202406191456/tools/bin/../lib/gcc/arm-none-eabi/12.3.1/../../../../arm-none-eabi/lib/thumb/v7-m/nofp/libc_nano.a(libc_a-impure.o)
                              /Applications/STM32CubeIDE.app/Contents/Eclipse/plugins/com.st.stm32cube.ide.mcu.externaltools.gnu-tools-for-stm32.12.3.rel1.macos64_1.0.200.202406191456/tools/bin/../lib/gcc/arm-none-eabi/12.3.1/../../../../arm-none-eabi/lib/thumb/v7-m/nofp/libc_nano.a(libc_a-sprintf.o) (_impure_ptr)
/Applications/STM32CubeIDE.app/Contents/Eclipse/plugins/com.st.stm32cube.ide.mcu.externaltools.gnu-tools-for-stm32.12.3.rel1.macos64_1.0.200.202406191456/tools/bin/../lib/gcc/arm-none-eabi/12.3.1/../../../../arm-none-eabi/lib/thumb/v7-m/nofp/libc_nano.a(libc_a-errno.o)
                              ./Core/Src/syscalls.o (__errno)
/Applications/STM32CubeIDE.app/Contents/Eclipse/plugins/com.st.stm32cube.ide.mcu.externaltools.gnu-tools-for-stm32.12.3.rel1.macos64_1.0.200.202406191456/tools/bin/../lib/gcc/arm-none-eabi/12.3.1/../../../../arm-none-eabi/lib/thumb/v7-m/nofp/libc_nano.a(libc_a-init.o)
                              /Applications/STM32CubeIDE.app/Contents/Eclipse/plugins/com.st.stm32cube.ide.mcu.externaltools.gnu-tools-for-stm32.12.3.rel1.macos64_1.0.200.202406191456/tools/bin/../lib/gcc/arm-none-eabi/12.3.1/../../../../arm-none-eabi/lib/thumb/v7-m/nofp/crt0.o (__libc_init_array)
/Applications/STM32CubeIDE.app/Contents/Eclipse/plugins/com.st.stm32cube.ide.mcu.externaltools.gnu-tools-for-stm32.12.3.rel1.macos64_1.0.200.202406191456/tools/bin/../lib/gcc/arm-none-eabi/12.3.1/../../../../arm-none-eabi/lib/thumb/v7-m/nofp/libc_nano.a(libc_a-lock.o)
                              /Applications/STM32CubeIDE.app/Contents/Eclipse/plugins/com.st.stm32cube.ide.mcu.externaltools.gnu-tools-for-stm32.12.3.rel1.macos64_1.0.200.202406191456/tools/bin/../lib/gcc/arm-none-eabi/12.3.1/../../../../arm-none-eabi/lib/thumb/v7-m/nofp/libc_nano.a(libc_a-findfp.o) (__retarget_lock_init_recursive)
[...]
Memory Configuration

Name             Origin             Length             Attributes
RAM              0x20000000         0x00005000         xrw
FLASH            0x08000000         0x00020000         xr
*default*        0x00000000         0xffffffff

Linker script and memory map

LOAD /Applications/STM32CubeIDE.app/Contents/Eclipse/plugins/com.st.stm32cube.ide.mcu.externaltools.gnu-tools-for-stm32.12.3.rel1.macos64_1.0.200.202406191456/tools/bin/../lib/gcc/arm-none-eabi/12.3.1/thumb/v7-m/nofp/crti.o
LOAD /Applications/STM32CubeIDE.app/Contents/Eclipse/plugins/com.st.stm32cube.ide.mcu.externaltools.gnu-tools-for-stm32.12.3.rel1.macos64_1.0.200.202406191456/tools/bin/../lib/gcc/arm-none-eabi/12.3.1/thumb/v7-m/nofp/crtbegin.o
LOAD /Applications/STM32CubeIDE.app/Contents/Eclipse/plugins/com.st.stm32cube.ide.mcu.externaltools.gnu-tools-for-stm32.12.3.rel1.macos64_1.0.200.202406191456/tools/bin/../lib/gcc/arm-none-eabi/12.3.1/../../../../arm-none-eabi/lib/thumb/v7-m/nofp/crt0.o
LOAD ./Core/Src/dma.o
LOAD ./Core/Src/gpio.o
LOAD ./Core/Src/main.o
LOAD ./Core/Src/stm32f1xx_hal_msp.o
LOAD ./Core/Src/stm32f1xx_it.o
LOAD ./Core/Src/syscalls.o
LOAD ./Core/Src/sysmem.o
LOAD ./Core/Src/system_stm32f1xx.o
LOAD ./Core/Src/tim.o
LOAD ./Core/Src/usart.o
LOAD ./Core/Startup/startup_stm32f103rbtx.o
LOAD ./Drivers/STM32F1xx_HAL_Driver/Src/stm32f1xx_hal.o
LOAD ./Drivers/STM32F1xx_HAL_Driver/Src/stm32f1xx_hal_cortex.o
LOAD ./Drivers/STM32F1xx_HAL_Driver/Src/stm32f1xx_hal_dma.o
LOAD ./Drivers/STM32F1xx_HAL_Driver/Src/stm32f1xx_hal_exti.o
LOAD ./Drivers/STM32F1xx_HAL_Driver/Src/stm32f1xx_hal_flash.o
LOAD ./Drivers/STM32F1xx_HAL_Driver/Src/stm32f1xx_hal_flash_ex.o
LOAD ./Drivers/STM32F1xx_HAL_Driver/Src/stm32f1xx_hal_gpio.o
LOAD ./Drivers/STM32F1xx_HAL_Driver/Src/stm32f1xx_hal_gpio_ex.o
LOAD ./Drivers/STM32F1xx_HAL_Driver/Src/stm32f1xx_hal_pwr.o
LOAD ./Drivers/STM32F1xx_HAL_Driver/Src/stm32f1xx_hal_rcc.o
LOAD ./Drivers/STM32F1xx_HAL_Driver/Src/stm32f1xx_hal_rcc_ex.o
LOAD ./Drivers/STM32F1xx_HAL_Driver/Src/stm32f1xx_hal_tim.o
LOAD ./Drivers/STM32F1xx_HAL_Driver/Src/stm32f1xx_hal_tim_ex.o
LOAD ./Drivers/STM32F1xx_HAL_Driver/Src/stm32f1xx_hal_uart.o
LOAD ./Middlewares/Third_Party/NimaLTD_Driver/WS28XX/ws28xx.o
START GROUP
LOAD /Applications/STM32CubeIDE.app/Contents/Eclipse/plugins/com.st.stm32cube.ide.mcu.externaltools.gnu-tools-for-stm32.12.3.rel1.macos64_1.0.200.202406191456/tools/bin/../lib/gcc/arm-none-eabi/12.3.1/../../../../arm-none-eabi/lib/thumb/v7-m/nofp/libc_nano.a
LOAD /Applications/STM32CubeIDE.app/Contents/Eclipse/plugins/com.st.stm32cube.ide.mcu.externaltools.gnu-tools-for-stm32.12.3.rel1.macos64_1.0.200.202406191456/tools/bin/../lib/gcc/arm-none-eabi/12.3.1/../../../../arm-none-eabi/lib/thumb/v7-m/nofp/libm.a
END GROUP
START GROUP
LOAD /Applications/STM32CubeIDE.app/Contents/Eclipse/plugins/com.st.stm32cube.ide.mcu.externaltools.gnu-tools-for-stm32.12.3.rel1.macos64_1.0.200.202406191456/tools/bin/../lib/gcc/arm-none-eabi/12.3.1/thumb/v7-m/nofp/libgcc.a
LOAD /Applications/STM32CubeIDE.app/Contents/Eclipse/plugins/com.st.stm32cube.ide.mcu.externaltools.gnu-tools-for-stm32.12.3.rel1.macos64_1.0.200.202406191456/tools/bin/../lib/gcc/arm-none-eabi/12.3.1/../../../../arm-none-eabi/lib/thumb/v7-m/nofp/libc_nano.a
END GROUP
START GROUP
LOAD /Applications/STM32CubeIDE.app/Contents/Eclipse/plugins/com.st.stm32cube.ide.mcu.externaltools.gnu-tools-for-stm32.12.3.rel1.macos64_1.0.200.202406191456/tools/bin/../lib/gcc/arm-none-eabi/12.3.1/thumb/v7-m/nofp/libgcc.a
LOAD /Applications/STM32CubeIDE.app/Contents/Eclipse/plugins/com.st.stm32cube.ide.mcu.externaltools.gnu-tools-for-stm32.12.3.rel1.macos64_1.0.200.202406191456/tools/bin/../lib/gcc/arm-none-eabi/12.3.1/../../../../arm-none-eabi/lib/thumb/v7-m/nofp/libc_nano.a
LOAD /Applications/STM32CubeIDE.app/Contents/Eclipse/plugins/com.st.stm32cube.ide.mcu.externaltools.gnu-tools-for-stm32.12.3.rel1.macos64_1.0.200.202406191456/tools/bin/../lib/gcc/arm-none-eabi/12.3.1/../../../../arm-none-eabi/lib/thumb/v7-m/nofp/libnosys.a
END GROUP
START GROUP
LOAD /Applications/STM32CubeIDE.app/Contents/Eclipse/plugins/com.st.stm32cube.ide.mcu.externaltools.gnu-tools-for-stm32.12.3.rel1.macos64_1.0.200.202406191456/tools/bin/../lib/gcc/arm-none-eabi/12.3.1/thumb/v7-m/nofp/libgcc.a
LOAD /Applications/STM32CubeIDE.app/Contents/Eclipse/plugins/com.st.stm32cube.ide.mcu.externaltools.gnu-tools-for-stm32.12.3.rel1.macos64_1.0.200.202406191456/tools/bin/../lib/gcc/arm-none-eabi/12.3.1/../../../../arm-none-eabi/lib/thumb/v7-m/nofp/libc_nano.a
LOAD /Applications/STM32CubeIDE.app/Contents/Eclipse/plugins/com.st.stm32cube.ide.mcu.externaltools.gnu-tools-for-stm32.12.3.rel1.macos64_1.0.200.202406191456/tools/bin/../lib/gcc/arm-none-eabi/12.3.1/../../../../arm-none-eabi/lib/thumb/v7-m/nofp/libnosys.a
END GROUP
LOAD /Applications/STM32CubeIDE.app/Contents/Eclipse/plugins/com.st.stm32cube.ide.mcu.externaltools.gnu-tools-for-stm32.12.3.rel1.macos64_1.0.200.202406191456/tools/bin/../lib/gcc/arm-none-eabi/12.3.1/thumb/v7-m/nofp/crtend.o
LOAD /Applications/STM32CubeIDE.app/Contents/Eclipse/plugins/com.st.stm32cube.ide.mcu.externaltools.gnu-tools-for-stm32.12.3.rel1.macos64_1.0.200.202406191456/tools/bin/../lib/gcc/arm-none-eabi/12.3.1/thumb/v7-m/nofp/crtn.o
                0x20005000                        _estack = (ORIGIN (RAM) + LENGTH (RAM))
                0x00000200                        _Min_Heap_Size = 0x200
                0x00000400                        _Min_Stack_Size = 0x400

.isr_vector     0x08000000      0x10c
                0x08000000                        . = ALIGN (0x4)
 *(.isr_vector)
 .isr_vector    0x08000000      0x10c ./Core/Startup/startup_stm32f103rbtx.o
                0x08000000                g_pfnVectors
                0x0800010c                        . = ALIGN (0x4)

.text           0x0800010c     0x5d24
                0x0800010c                        . = ALIGN (0x4)
 *(.text)
 .text          0x0800010c       0x40 /Applications/STM32CubeIDE.app/Contents/Eclipse/plugins/com.st.stm32cube.ide.mcu.externaltools.gnu-tools-for-stm32.12.3.rel1.macos64_1.0.200.202406191456/tools/bin/../lib/gcc/arm-none-eabi/12.3.1/thumb/v7-m/nofp/crtbegin.o
 .text          0x0800014c       0x10 /Applications/STM32CubeIDE.app/Contents/Eclipse/plugins/com.st.stm32cube.ide.mcu.externaltools.gnu-tools-for-stm32.12.3.rel1.macos64_1.0.200.202406191456/tools/bin/../lib/gcc/arm-none-eabi/12.3.1/../../../../arm-none-eabi/lib/thumb/v7-m/nofp/libc_nano.a(libc_a-strlen.o)
                0x0800014c                strlen
 .text          0x0800015c       0x14 /Applications/STM32CubeIDE.app/Contents/Eclipse/plugins/com.st.stm32cube.ide.mcu.externaltools.gnu-tools-for-stm32.12.3.rel1.macos64_1.0.200.202406191456/tools/bin/../lib/gcc/arm-none-eabi/12.3.1/../../../../arm-none-eabi/lib/thumb/v7-m/nofp/libc_nano.a(libc_a-strcmp.o)
                0x0800015c                strcmp
 .text          0x08000170      0x21c /Applications/STM32CubeIDE.app/Contents/Eclipse/plugins/com.st.stm32cube.ide.mcu.externaltools.gnu-tools-for-stm32.12.3.rel1.macos64_1.0.200.202406191456/tools/bin/../lib/gcc/arm-none-eabi/12.3.1/thumb/v7-m/nofp/libgcc.a(_arm_addsubsf3.o)
                0x08000170                __aeabi_frsub
                0x08000178                __aeabi_fsub
                0x08000178                __subsf3
                0x0800017c                __aeabi_fadd
                0x0800017c                __addsf3
                0x080002dc                __aeabi_ui2f
                0x080002dc                __floatunsisf
                0x080002e4                __floatsisf
                0x080002e4                __aeabi_i2f
                0x08000300                __aeabi_ul2f
                0x08000300                __floatundisf
                0x08000310                __aeabi_l2f
                0x08000310                __floatdisf
 .text          0x0800038c      0x2a0 /Applications/STM32CubeIDE.app/Contents/Eclipse/plugins/com.st.stm32cube.ide.mcu.externaltools.gnu-tools-for-stm32.12.3.rel1.macos64_1.0.200.202406191456/tools/bin/../lib/gcc/arm-none-eabi/12.3.1/thumb/v7-m/nofp/libgcc.a(_arm_muldivsf3.o)
                0x0800038c                __mulsf3
                0x0800038c                __aeabi_fmul
                0x080004f4                __divsf3
                0x080004f4                __aeabi_fdiv
 .text          0x0800062c       0x40 /Applications/STM32CubeIDE.app/Contents/Eclipse/plugins/com.st.stm32cube.ide.mcu.externaltools.gnu-tools-for-stm32.12.3.rel1.macos64_1.0.200.202406191456/tools/bin/../lib/gcc/arm-none-eabi/12.3.1/thumb/v7-m/nofp/libgcc.a(_arm_fixunssfsi.o)
                0x0800062c                __aeabi_f2uiz
                0x0800062c                __fixunssfsi
 *(.text*)
 .text.MX_DMA_Init
                0x0800066c       0x4c ./Core/Src/dma.o
                0x0800066c                MX_DMA_Init
 .text.MX_GPIO_Init
                0x080006b8      0x174 ./Core/Src/gpio.o
                0x080006b8                MX_GPIO_Init
 .text.Draw_Arrow
                0x0800082c       0x4c ./Core/Src/main.o
                0x0800082c                Draw_Arrow
 .text.Clear_Arrow
                0x08000878       0x40 ./Core/Src/main.o
                0x08000878                Clear_Arrow
 .text.Shift_Arrow_EntryMatrix
                0x080008b8       0x68 ./Core/Src/main.o
                0x080008b8                Shift_Arrow_EntryMatrix
 .text.Shift_Arrow_ExitMatrix
                0x08000920       0x74 ./Core/Src/main.o
                0x08000920                Shift_Arrow_ExitMatrix
 .text.Led_Strip
                0x08000994       0xc8 ./Core/Src/main.o
                0x08000994                Led_Strip
 .text.Draw_Cross
                0x08000a5c       0x88 ./Core/Src/main.o
                0x08000a5c                Draw_Cross
 .text.Clear_Cross
                0x08000ae4       0x70 ./Core/Src/main.o
                0x08000ae4                Clear_Cross
 .text.Clear_All_Animations
                0x08000b54       0xa0 ./Core/Src/main.o
                0x08000b54                Clear_All_Animations
 .text.Entry_Granted_Animation
                0x08000bf4       0xcc ./Core/Src/main.o
                0x08000bf4                Entry_Granted_Animation
 .text.Exit_Granted_Animation
                0x08000cc0       0xc8 ./Core/Src/main.o
                0x08000cc0                Exit_Granted_Animation
 .text.Ready_State_Animation
                0x08000d88       0x98 ./Core/Src/main.o
                0x08000d88                Ready_State_Animation
 .text.Access_Denied_Animation
                0x08000e20       0xcc ./Core/Src/main.o
                0x08000e20                Access_Denied_Animation
 .text.CheckObjectDetection
                0x08000eec       0x6c ./Core/Src/main.o
                0x08000eec                CheckObjectDetection
 .text.Speed_Control
                0x08000f58       0x20 ./Core/Src/main.o
                0x08000f58                Speed_Control
 .text.Direction
                0x08000f78       0x50 ./Core/Src/main.o
                0x08000f78                Direction
 .text.encoder  0x08000fc8       0x30 ./Core/Src/main.o
                0x08000fc8                encoder
 .text.HAL_GPIO_EXTI_Callback
                0x08000ff8      0x164 ./Core/Src/main.o
                0x08000ff8                HAL_GPIO_EXTI_Callback
 .text.quarter_cycle_open
                0x0800115c       0x32 ./Core/Src/main.o
                0x0800115c                quarter_cycle_open
 .text.quarter_cycle_closed
                0x0800118e       0x32 ./Core/Src/main.o
                0x0800118e                quarter_cycle_closed
 .text.centre_align
                0x080011c0       0x1a ./Core/Src/main.o
                0x080011c0                centre_align
 *fill*         0x080011da        0x2 
 .text.ready_state
                0x080011dc       0x40 ./Core/Src/main.o
                0x080011dc                ready_state
 .text.reading_state
                0x0800121c       0x9c ./Core/Src/main.o
                0x0800121c                reading_state
 .text.open_state
                0x080012b8       0x9c ./Core/Src/main.o
                0x080012b8                open_state
 .text.closed_state
                0x08001354       0x48 ./Core/Src/main.o
                0x08001354                closed_state
 .text.overcapacity_state
                0x0800139c       0x18 ./Core/Src/main.o
                0x0800139c                overcapacity_state
 .text.sleep_state
                0x080013b4        0xc ./Core/Src/main.o
                0x080013b4                sleep_state
 .text.emergency_state
                0x080013c0       0x20 ./Core/Src/main.o
                0x080013c0                emergency_state
 .text.main     0x080013e0       0xec ./Core/Src/main.o
                0x080013e0                main
 .text.SystemClock_Config
                0x080014cc       0x8a ./Core/Src/main.o
                0x080014cc                SystemClock_Config
 *fill*         0x08001556        0x2 
 .text.HAL_UART_RxCpltCallback
                0x08001558      0x148 ./Core/Src/main.o
                0x08001558                HAL_UART_RxCpltCallback
 .text.Error_Handler
                0x080016a0        0xc ./Core/Src/main.o
                0x080016a0                Error_Handler
 .text.HAL_MspInit
                0x080016ac       0x64 ./Core/Src/stm32f1xx_hal_msp.o
                0x080016ac                HAL_MspInit
 .text.NMI_Handler
                0x08001710        0x8 ./Core/Src/stm32f1xx_it.o
                0x08001710                NMI_Handler
 .text.HardFault_Handler
                0x08001718        0x8 ./Core/Src/stm32f1xx_it.o
                0x08001718                HardFault_Handler
 .text.MemManage_Handler
                0x08001720        0x8 ./Core/Src/stm32f1xx_it.o
                0x08001720                MemManage_Handler
 .text.BusFault_Handler
                0x08001728        0x8 ./Core/Src/stm32f1xx_it.o
                0x08001728                BusFault_Handler
 .text.UsageFault_Handler
                0x08001730        0x8 ./Core/Src/stm32f1xx_it.o
                0x08001730                UsageFault_Handler
 .text.SVC_Handler
                0x08001738        0xc ./Core/Src/stm32f1xx_it.o
                0x08001738                SVC_Handler
 .text.DebugMon_Handler
                0x08001744        0xc ./Core/Src/stm32f1xx_it.o
                0x08001744                DebugMon_Handler
 .text.PendSV_Handler
                0x08001750        0xc ./Core/Src/stm32f1xx_it.o
                0x08001750                PendSV_Handler
 .text.SysTick_Handler
                0x0800175c        0xc ./Core/Src/stm32f1xx_it.o
                0x0800175c                SysTick_Handler
 .text.EXTI2_IRQHandler
                0x08001768        0xe ./Core/Src/stm32f1xx_it.o
                0x08001768                EXTI2_IRQHandler
 *fill*         0x08001776        0x2 
 .text.DMA1_Channel5_IRQHandler
                0x08001778       0x14 ./Core/Src/stm32f1xx_it.o
                0x08001778                DMA1_Channel5_IRQHandler
 .text.DMA1_Channel6_IRQHandler
                0x0800178c       0x14 ./Core/Src/stm32f1xx_it.o
                0x0800178c                DMA1_Channel6_IRQHandler
 .text.USART1_IRQHandler
                0x080017a0       0x14 ./Core/Src/stm32f1xx_it.o
                0x080017a0                USART1_IRQHandler
 .text.USART2_IRQHandler
                0x080017b4       0x14 ./Core/Src/stm32f1xx_it.o
                0x080017b4                USART2_IRQHandler
 .text.USART3_IRQHandler
                0x080017c8       0x14 ./Core/Src/stm32f1xx_it.o
                0x080017c8                USART3_IRQHandler
 .text.EXTI15_10_IRQHandler
                0x080017dc       0x30 ./Core/Src/stm32f1xx_it.o
                0x080017dc                EXTI15_10_IRQHandler
 .text._sbrk    0x0800180c       0x6c ./Core/Src/sysmem.o
                0x0800180c                _sbrk
 .text.SystemInit
                0x08001878        0xc ./Core/Src/system_stm32f1xx.o
                0x08001878                SystemInit
 .text.MX_TIM2_Init
                0x08001884       0xec ./Core/Src/tim.o
                0x08001884                MX_TIM2_Init
 .text.MX_TIM3_Init
                0x08001970       0xec ./Core/Src/tim.o
                0x08001970                MX_TIM3_Init
 .text.MX_TIM4_Init
                0x08001a5c       0xec ./Core/Src/tim.o
                0x08001a5c                MX_TIM4_Init
 .text.HAL_TIM_Base_MspInit
                0x08001b48      0x140 ./Core/Src/tim.o
                0x08001b48                HAL_TIM_Base_MspInit
 .text.HAL_TIM_MspPostInit
                0x08001c88       0xe4 ./Core/Src/tim.o
                0x08001c88                HAL_TIM_MspPostInit
 .text.MX_USART1_UART_Init
                0x08001d6c       0x54 ./Core/Src/usart.o
                0x08001d6c                MX_USART1_UART_Init
 .text.MX_USART2_UART_Init
                0x08001dc0       0x54 ./Core/Src/usart.o
                0x08001dc0                MX_USART2_UART_Init
 .text.MX_USART3_UART_Init
                0x08001e14       0x54 ./Core/Src/usart.o
                0x08001e14                MX_USART3_UART_Init
 .text.HAL_UART_MspInit
                0x08001e68      0x198 ./Core/Src/usart.o
                0x08001e68                HAL_UART_MspInit
 .text.Reset_Handler
                0x08002000       0x48 ./Core/Startup/startup_stm32f103rbtx.o
                0x08002000                Reset_Handler
 .text.Default_Handler
                0x08002048        0x2 ./Core/Startup/startup_stm32f103rbtx.o
                0x08002048                USBWakeUp_IRQHandler
                0x08002048                TIM1_CC_IRQHandler
                0x08002048                PVD_IRQHandler
                0x08002048                EXTI3_IRQHandler
                0x08002048                EXTI0_IRQHandler
                0x08002048                I2C2_EV_IRQHandler
                0x08002048                ADC1_2_IRQHandler
                0x08002048                SPI1_IRQHandler
                0x08002048                TAMPER_IRQHandler
                0x08002048                DMA1_Channel4_IRQHandler
                0x08002048                RTC_IRQHandler
                0x08002048                DMA1_Channel7_IRQHandler
                0x08002048                CAN1_RX1_IRQHandler
                0x08002048                TIM4_IRQHandler
                0x08002048                I2C1_EV_IRQHandler
                0x08002048                TIM3_IRQHandler
                0x08002048                RCC_IRQHandler
                0x08002048                TIM1_TRG_COM_IRQHandler
                0x08002048                DMA1_Channel1_IRQHandler
                0x08002048                Default_Handler
                0x08002048                EXTI9_5_IRQHandler
                0x08002048                SPI2_IRQHandler
                0x08002048                EXTI4_IRQHandler
                0x08002048                USB_LP_CAN1_RX0_IRQHandler
                0x08002048                USB_HP_CAN1_TX_IRQHandler
                0x08002048                DMA1_Channel3_IRQHandler
                0x08002048                TIM1_UP_IRQHandler
                0x08002048                WWDG_IRQHandler
                0x08002048                TIM2_IRQHandler
                0x08002048                TIM1_BRK_IRQHandler
                0x08002048                EXTI1_IRQHandler
                0x08002048                I2C2_ER_IRQHandler
                0x08002048                DMA1_Channel2_IRQHandler
                0x08002048                CAN1_SCE_IRQHandler
                0x08002048                FLASH_IRQHandler
                0x08002048                I2C1_ER_IRQHandler
                0x08002048                RTC_Alarm_IRQHandler
 *fill*         0x0800204a        0x2 
 .text.HAL_Init
                0x0800204c       0x2c ./Drivers/STM32F1xx_HAL_Driver/Src/stm32f1xx_hal.o
                0x0800204c                HAL_Init
 .text.HAL_InitTick
                0x08002078       0x60 ./Drivers/STM32F1xx_HAL_Driver/Src/stm32f1xx_hal.o
                0x08002078                HAL_InitTick
 .text.HAL_IncTick
                0x080020d8       0x24 ./Drivers/STM32F1xx_HAL_Driver/Src/stm32f1xx_hal.o
                0x080020d8                HAL_IncTick
 .text.HAL_GetTick
                0x080020fc       0x14 ./Drivers/STM32F1xx_HAL_Driver/Src/stm32f1xx_hal.o
                0x080020fc                HAL_GetTick
 .text.HAL_Delay
                0x08002110       0x48 ./Drivers/STM32F1xx_HAL_Driver/Src/stm32f1xx_hal.o
                0x08002110                HAL_Delay
 .text.__NVIC_SetPriorityGrouping
                0x08002158       0x48 ./Drivers/STM32F1xx_HAL_Driver/Src/stm32f1xx_hal_cortex.o
 .text.__NVIC_GetPriorityGrouping
                0x080021a0       0x1c ./Drivers/STM32F1xx_HAL_Driver/Src/stm32f1xx_hal_cortex.o
 .text.__NVIC_EnableIRQ
                0x080021bc       0x38 ./Drivers/STM32F1xx_HAL_Driver/Src/stm32f1xx_hal_cortex.o
 .text.__NVIC_SetPriority
                0x080021f4       0x54 ./Drivers/STM32F1xx_HAL_Driver/Src/stm32f1xx_hal_cortex.o
 .text.NVIC_EncodePriority
                0x08002248       0x64 ./Drivers/STM32F1xx_HAL_Driver/Src/stm32f1xx_hal_cortex.o
 .text.SysTick_Config
                0x080022ac       0x44 ./Drivers/STM32F1xx_HAL_Driver/Src/stm32f1xx_hal_cortex.o
 .text.HAL_NVIC_SetPriorityGrouping
                0x080022f0       0x16 ./Drivers/STM32F1xx_HAL_Driver/Src/stm32f1xx_hal_cortex.o
                0x080022f0                HAL_NVIC_SetPriorityGrouping
 .text.HAL_NVIC_SetPriority
                0x08002306       0x38 ./Drivers/STM32F1xx_HAL_Driver/Src/stm32f1xx_hal_cortex.o
                0x08002306                HAL_NVIC_SetPriority
 .text.HAL_NVIC_EnableIRQ
                0x0800233e       0x1c ./Drivers/STM32F1xx_HAL_Driver/Src/stm32f1xx_hal_cortex.o
                0x0800233e                HAL_NVIC_EnableIRQ
 .text.HAL_SYSTICK_Config
                0x0800235a       0x18 ./Drivers/STM32F1xx_HAL_Driver/Src/stm32f1xx_hal_cortex.o
                0x0800235a                HAL_SYSTICK_Config
 *fill*         0x08002372        0x2 
 .text.HAL_DMA_Init
                0x08002374       0xb4 ./Drivers/STM32F1xx_HAL_Driver/Src/stm32f1xx_hal_dma.o
                0x08002374                HAL_DMA_Init
 .text.HAL_DMA_Start_IT
                0x08002428       0xc0 ./Drivers/STM32F1xx_HAL_Driver/Src/stm32f1xx_hal_dma.o
                0x08002428                HAL_DMA_Start_IT
 .text.HAL_DMA_Abort
                0x080024e8       0x76 ./Drivers/STM32F1xx_HAL_Driver/Src/stm32f1xx_hal_dma.o
                0x080024e8                HAL_DMA_Abort
 *fill*         0x0800255e        0x2 
 .text.HAL_DMA_Abort_IT
                0x08002560       0xf0 ./Drivers/STM32F1xx_HAL_Driver/Src/stm32f1xx_hal_dma.o
                0x08002560                HAL_DMA_Abort_IT
 .text.HAL_DMA_IRQHandler
                0x08002650      0x20c ./Drivers/STM32F1xx_HAL_Driver/Src/stm32f1xx_hal_dma.o
                0x08002650                HAL_DMA_IRQHandler
 .text.DMA_SetConfig
                0x0800285c       0x5a ./Drivers/STM32F1xx_HAL_Driver/Src/stm32f1xx_hal_dma.o
 *fill*         0x080028b6        0x2 
 .text.HAL_GPIO_Init
                0x080028b8      0x308 ./Drivers/STM32F1xx_HAL_Driver/Src/stm32f1xx_hal_gpio.o
                0x080028b8                HAL_GPIO_Init
 .text.HAL_GPIO_WritePin
                0x08002bc0       0x30 ./Drivers/STM32F1xx_HAL_Driver/Src/stm32f1xx_hal_gpio.o
                0x08002bc0                HAL_GPIO_WritePin
 .text.HAL_GPIO_TogglePin
                0x08002bf0       0x32 ./Drivers/STM32F1xx_HAL_Driver/Src/stm32f1xx_hal_gpio.o
                0x08002bf0                HAL_GPIO_TogglePin
 *fill*         0x08002c22        0x2 
 .text.HAL_GPIO_EXTI_IRQHandler
                0x08002c24       0x30 ./Drivers/STM32F1xx_HAL_Driver/Src/stm32f1xx_hal_gpio.o
                0x08002c24                HAL_GPIO_EXTI_IRQHandler
 .text.HAL_RCC_OscConfig
                0x08002c54      0x504 ./Drivers/STM32F1xx_HAL_Driver/Src/stm32f1xx_hal_rcc.o
                0x08002c54                HAL_RCC_OscConfig
 .text.HAL_RCC_ClockConfig
                0x08003158      0x1d4 ./Drivers/STM32F1xx_HAL_Driver/Src/stm32f1xx_hal_rcc.o
                0x08003158                HAL_RCC_ClockConfig
 .text.HAL_RCC_GetSysClockFreq
                0x0800332c       0xa8 ./Drivers/STM32F1xx_HAL_Driver/Src/stm32f1xx_hal_rcc.o
                0x0800332c                HAL_RCC_GetSysClockFreq
 .text.HAL_RCC_GetHCLKFreq
                0x080033d4       0x14 ./Drivers/STM32F1xx_HAL_Driver/Src/stm32f1xx_hal_rcc.o
                0x080033d4                HAL_RCC_GetHCLKFreq
 .text.HAL_RCC_GetPCLK1Freq
                0x080033e8       0x28 ./Drivers/STM32F1xx_HAL_Driver/Src/stm32f1xx_hal_rcc.o
                0x080033e8                HAL_RCC_GetPCLK1Freq
 .text.HAL_RCC_GetPCLK2Freq
                0x08003410       0x28 ./Drivers/STM32F1xx_HAL_Driver/Src/stm32f1xx_hal_rcc.o
                0x08003410                HAL_RCC_GetPCLK2Freq
 .text.RCC_Delay
                0x08003438       0x3c ./Drivers/STM32F1xx_HAL_Driver/Src/stm32f1xx_hal_rcc.o
 .text.HAL_TIM_Base_Init
                0x08003474       0x9e ./Drivers/STM32F1xx_HAL_Driver/Src/stm32f1xx_hal_tim.o
                0x08003474                HAL_TIM_Base_Init
 *fill*         0x08003512        0x2 
 .text.HAL_TIM_Base_Start
                0x08003514       0x94 ./Drivers/STM32F1xx_HAL_Driver/Src/stm32f1xx_hal_tim.o
                0x08003514                HAL_TIM_Base_Start
 .text.HAL_TIM_PWM_Init
                0x080035a8       0x9e ./Drivers/STM32F1xx_HAL_Driver/Src/stm32f1xx_hal_tim.o
                0x080035a8                HAL_TIM_PWM_Init
 .text.HAL_TIM_PWM_MspInit
                0x08003646       0x12 ./Drivers/STM32F1xx_HAL_Driver/Src/stm32f1xx_hal_tim.o
                0x08003646                HAL_TIM_PWM_MspInit
 .text.HAL_TIM_PWM_Start
                0x08003658      0x144 ./Drivers/STM32F1xx_HAL_Driver/Src/stm32f1xx_hal_tim.o
                0x08003658                HAL_TIM_PWM_Start
 .text.HAL_TIM_PWM_Start_DMA
                0x0800379c      0x344 ./Drivers/STM32F1xx_HAL_Driver/Src/stm32f1xx_hal_tim.o
                0x0800379c                HAL_TIM_PWM_Start_DMA
 .text.HAL_TIM_PWM_ConfigChannel
                0x08003ae0      0x184 ./Drivers/STM32F1xx_HAL_Driver/Src/stm32f1xx_hal_tim.o
                0x08003ae0                HAL_TIM_PWM_ConfigChannel
 .text.HAL_TIM_ConfigClockSource
                0x08003c64      0x18e ./Drivers/STM32F1xx_HAL_Driver/Src/stm32f1xx_hal_tim.o
                0x08003c64                HAL_TIM_ConfigClockSource
 .text.HAL_TIM_PWM_PulseFinishedCallback
                0x08003df2       0x12 ./Drivers/STM32F1xx_HAL_Driver/Src/stm32f1xx_hal_tim.o
                0x08003df2                HAL_TIM_PWM_PulseFinishedCallback
 .text.HAL_TIM_PWM_PulseFinishedHalfCpltCallback
                0x08003e04       0x12 ./Drivers/STM32F1xx_HAL_Driver/Src/stm32f1xx_hal_tim.o
                0x08003e04                HAL_TIM_PWM_PulseFinishedHalfCpltCallback
 .text.HAL_TIM_ErrorCallback
                0x08003e16       0x12 ./Drivers/STM32F1xx_HAL_Driver/Src/stm32f1xx_hal_tim.o
                0x08003e16                HAL_TIM_ErrorCallback
 .text.TIM_DMAError
                0x08003e28       0x92 ./Drivers/STM32F1xx_HAL_Driver/Src/stm32f1xx_hal_tim.o
                0x08003e28                TIM_DMAError
 .text.TIM_DMADelayPulseCplt
                0x08003eba       0xa8 ./Drivers/STM32F1xx_HAL_Driver/Src/stm32f1xx_hal_tim.o
 .text.TIM_DMADelayPulseHalfCplt
                0x08003f62       0x68 ./Drivers/STM32F1xx_HAL_Driver/Src/stm32f1xx_hal_tim.o
                0x08003f62                TIM_DMADelayPulseHalfCplt
 *fill*         0x08003fca        0x2 
 .text.TIM_Base_SetConfig
                0x08003fcc       0xdc ./Drivers/STM32F1xx_HAL_Driver/Src/stm32f1xx_hal_tim.o
                0x08003fcc                TIM_Base_SetConfig
 .text.TIM_OC1_SetConfig
                0x080040a8       0xcc ./Drivers/STM32F1xx_HAL_Driver/Src/stm32f1xx_hal_tim.o
 .text.TIM_OC2_SetConfig
                0x08004174       0xd4 ./Drivers/STM32F1xx_HAL_Driver/Src/stm32f1xx_hal_tim.o
                0x08004174                TIM_OC2_SetConfig
 .text.TIM_OC3_SetConfig
                0x08004248       0xd4 ./Drivers/STM32F1xx_HAL_Driver/Src/stm32f1xx_hal_tim.o
 .text.TIM_OC4_SetConfig
                0x0800431c       0x9c ./Drivers/STM32F1xx_HAL_Driver/Src/stm32f1xx_hal_tim.o
 .text.TIM_TI1_ConfigInputStage
                0x080043b8       0x5c ./Drivers/STM32F1xx_HAL_Driver/Src/stm32f1xx_hal_tim.o
 .text.TIM_TI2_ConfigInputStage
                0x08004414       0x5e ./Drivers/STM32F1xx_HAL_Driver/Src/stm32f1xx_hal_tim.o
 .text.TIM_ITRx_SetConfig
                0x08004472       0x34 ./Drivers/STM32F1xx_HAL_Driver/Src/stm32f1xx_hal_tim.o
 .text.TIM_ETR_SetConfig
                0x080044a6       0x3e ./Drivers/STM32F1xx_HAL_Driver/Src/stm32f1xx_hal_tim.o
                0x080044a6                TIM_ETR_SetConfig
 .text.TIM_CCxChannelCmd
                0x080044e4       0x48 ./Drivers/STM32F1xx_HAL_Driver/Src/stm32f1xx_hal_tim.o
                0x080044e4                TIM_CCxChannelCmd
 .text.HAL_TIMEx_MasterConfigSynchronization
                0x0800452c       0xbc ./Drivers/STM32F1xx_HAL_Driver/Src/stm32f1xx_hal_tim_ex.o
                0x0800452c                HAL_TIMEx_MasterConfigSynchronization
 .text.HAL_UART_Init
                0x080045e8       0xa0 ./Drivers/STM32F1xx_HAL_Driver/Src/stm32f1xx_hal_uart.o
                0x080045e8                HAL_UART_Init
 .text.HAL_UART_Transmit_IT
                0x08004688       0x6a ./Drivers/STM32F1xx_HAL_Driver/Src/stm32f1xx_hal_uart.o
                0x08004688                HAL_UART_Transmit_IT
 .text.HAL_UART_Receive_IT
                0x080046f2       0x4a ./Drivers/STM32F1xx_HAL_Driver/Src/stm32f1xx_hal_uart.o
                0x080046f2                HAL_UART_Receive_IT
 .text.HAL_UART_IRQHandler
                0x0800473c      0x524 ./Drivers/STM32F1xx_HAL_Driver/Src/stm32f1xx_hal_uart.o
                0x0800473c                HAL_UART_IRQHandler
 .text.HAL_UART_TxCpltCallback
                0x08004c60       0x12 ./Drivers/STM32F1xx_HAL_Driver/Src/stm32f1xx_hal_uart.o
                0x08004c60                HAL_UART_TxCpltCallback
 .text.HAL_UART_ErrorCallback
                0x08004c72       0x12 ./Drivers/STM32F1xx_HAL_Driver/Src/stm32f1xx_hal_uart.o
                0x08004c72                HAL_UART_ErrorCallback
 .text.HAL_UARTEx_RxEventCallback
                0x08004c84       0x16 ./Drivers/STM32F1xx_HAL_Driver/Src/stm32f1xx_hal_uart.o
                0x08004c84                HAL_UARTEx_RxEventCallback
 .text.UART_Start_Receive_IT
                0x08004c9a       0x72 ./Drivers/STM32F1xx_HAL_Driver/Src/stm32f1xx_hal_uart.o
                0x08004c9a                UART_Start_Receive_IT
 .text.UART_EndRxTransfer
                0x08004d0c       0xc4 ./Drivers/STM32F1xx_HAL_Driver/Src/stm32f1xx_hal_uart.o
 .text.UART_DMAAbortOnError
                0x08004dd0       0x28 ./Drivers/STM32F1xx_HAL_Driver/Src/stm32f1xx_hal_uart.o
 .text.UART_Transmit_IT
                0x08004df8       0x9e ./Drivers/STM32F1xx_HAL_Driver/Src/stm32f1xx_hal_uart.o
 .text.UART_EndTransmit_IT
                0x08004e96       0x30 ./Drivers/STM32F1xx_HAL_Driver/Src/stm32f1xx_hal_uart.o
 .text.UART_Receive_IT
                0x08004ec6      0x17c ./Drivers/STM32F1xx_HAL_Driver/Src/stm32f1xx_hal_uart.o
 *fill*         0x08005042        0x2 
 .text.UART_SetConfig
                0x08005044      0x11c ./Drivers/STM32F1xx_HAL_Driver/Src/stm32f1xx_hal_uart.o
 .text.WS28XX_Delay
                0x08005160       0x16 ./Middlewares/Third_Party/NimaLTD_Driver/WS28XX/ws28xx.o
                0x08005160                WS28XX_Delay
 .text.WS28XX_Lock
                0x08005176       0x26 ./Middlewares/Third_Party/NimaLTD_Driver/WS28XX/ws28xx.o
                0x08005176                WS28XX_Lock
 .text.WS28XX_UnLock
                0x0800519c       0x18 ./Middlewares/Third_Party/NimaLTD_Driver/WS28XX/ws28xx.o
                0x0800519c                WS28XX_UnLock
 .text.WS28XX_Init
                0x080051b4      0x134 ./Middlewares/Third_Party/NimaLTD_Driver/WS28XX/ws28xx.o
                0x080051b4                WS28XX_Init
 .text.WS28XX_SetPixel_RGBW_565
                0x080052e8       0xe8 ./Middlewares/Third_Party/NimaLTD_Driver/WS28XX/ws28xx.o
                0x080052e8                WS28XX_SetPixel_RGBW_565
 .text.WS28XX_Update
                0x080053d0       0xe6 ./Middlewares/Third_Party/NimaLTD_Driver/WS28XX/ws28xx.o
                0x080053d0                WS28XX_Update
 *fill*         0x080054b6        0x2 
 .text.sprintf  0x080054b8       0x40 /Applications/STM32CubeIDE.app/Contents/Eclipse/plugins/com.st.stm32cube.ide.mcu.externaltools.gnu-tools-for-stm32.12.3.rel1.macos64_1.0.200.202406191456/tools/bin/../lib/gcc/arm-none-eabi/12.3.1/../../../../arm-none-eabi/lib/thumb/v7-m/nofp/libc_nano.a(libc_a-sprintf.o)
                0x080054b8                sprintf
                0x080054b8                siprintf
 .text.memset   0x080054f8       0x10 /Applications/STM32CubeIDE.app/Contents/Eclipse/plugins/com.st.stm32cube.ide.mcu.externaltools.gnu-tools-for-stm32.12.3.rel1.macos64_1.0.200.202406191456/tools/bin/../lib/gcc/arm-none-eabi/12.3.1/../../../../arm-none-eabi/lib/thumb/v7-m/nofp/libc_nano.a(libc_a-memset.o)
                0x080054f8                memset
 .text.__errno  0x08005508        0xc /Applications/STM32CubeIDE.app/Contents/Eclipse/plugins/com.st.stm32cube.ide.mcu.externaltools.gnu-tools-for-stm32.12.3.rel1.macos64_1.0.200.202406191456/tools/bin/../lib/gcc/arm-none-eabi/12.3.1/../../../../arm-none-eabi/lib/thumb/v7-m/nofp/libc_nano.a(libc_a-errno.o)
                0x08005508                __errno
 .text.__libc_init_array
                0x08005514       0x48 /Applications/STM32CubeIDE.app/Contents/Eclipse/plugins/com.st.stm32cube.ide.mcu.externaltools.gnu-tools-for-stm32.12.3.rel1.macos64_1.0.200.202406191456/tools/bin/../lib/gcc/arm-none-eabi/12.3.1/../../../../arm-none-eabi/lib/thumb/v7-m/nofp/libc_nano.a(libc_a-init.o)
                0x08005514                __libc_init_array
 .text.__retarget_lock_acquire_recursive
                0x0800555c        0x2 /Applications/STM32CubeIDE.app/Contents/Eclipse/plugins/com.st.stm32cube.ide.mcu.externaltools.gnu-tools-for-stm32.12.3.rel1.macos64_1.0.200.202406191456/tools/bin/../lib/gcc/arm-none-eabi/12.3.1/../../../../arm-none-eabi/lib/thumb/v7-m/nofp/libc_nano.a(libc_a-lock.o)
                0x0800555c                __retarget_lock_acquire_recursive
 .text.__retarget_lock_release_recursive
                0x0800555e        0x2 /Applications/STM32CubeIDE.app/Contents/Eclipse/plugins/com.st.stm32cube.ide.mcu.externaltools.gnu-tools-for-stm32.12.3.rel1.macos64_1.0.200.202406191456/tools/bin/../lib/gcc/arm-none-eabi/12.3.1/../../../../arm-none-eabi/lib/thumb/v7-m/nofp/libc_nano.a(libc_a-lock.o)
                0x0800555e                __retarget_lock_release_recursive
 .text.__ssputs_r
                0x08005560       0xb6 /Applications/STM32CubeIDE.app/Contents/Eclipse/plugins/com.st.stm32cube.ide.mcu.externaltools.gnu-tools-for-stm32.12.3.rel1.macos64_1.0.200.202406191456/tools/bin/../lib/gcc/arm-none-eabi/12.3.1/../../../../arm-none-eabi/lib/thumb/v7-m/nofp/libc_nano.a(libc_a-nano-svfprintf.o)
                0x08005560                __ssputs_r
 *fill*         0x08005616        0x2 
 .text._svfprintf_r
                0x08005618      0x1f8 /Applications/STM32CubeIDE.app/Contents/Eclipse/plugins/com.st.stm32cube.ide.mcu.externaltools.gnu-tools-for-stm32.12.3.rel1.macos64_1.0.200.202406191456/tools/bin/../lib/gcc/arm-none-eabi/12.3.1/../../../../arm-none-eabi/lib/thumb/v7-m/nofp/libc_nano.a(libc_a-nano-svfprintf.o)
                0x08005618                _svfprintf_r
                0x08005618                _svfiprintf_r
 .text.sbrk_aligned
                0x08005810       0x44 /Applications/STM32CubeIDE.app/Contents/Eclipse/plugins/com.st.stm32cube.ide.mcu.externaltools.gnu-tools-for-stm32.12.3.rel1.macos64_1.0.200.202406191456/tools/bin/../lib/gcc/arm-none-eabi/12.3.1/../../../../arm-none-eabi/lib/thumb/v7-m/nofp/libc_nano.a(libc_a-mallocr.o)
 .text._malloc_r
                0x08005854      0x100 /Applications/STM32CubeIDE.app/Contents/Eclipse/plugins/com.st.stm32cube.ide.mcu.externaltools.gnu-tools-for-stm32.12.3.rel1.macos64_1.0.200.202406191456/tools/bin/../lib/gcc/arm-none-eabi/12.3.1/../../../../arm-none-eabi/lib/thumb/v7-m/nofp/libc_nano.a(libc_a-mallocr.o)
                0x08005854                _malloc_r
 .text._printf_common
                0x08005954       0xe4 /Applications/STM32CubeIDE.app/Contents/Eclipse/plugins/com.st.stm32cube.ide.mcu.externaltools.gnu-tools-for-stm32.12.3.rel1.macos64_1.0.200.202406191456/tools/bin/../lib/gcc/arm-none-eabi/12.3.1/../../../../arm-none-eabi/lib/thumb/v7-m/nofp/libc_nano.a(libc_a-nano-vfprintf_i.o)
                0x08005954                _printf_common
 .text._printf_i
                0x08005a38      0x240 /Applications/STM32CubeIDE.app/Contents/Eclipse/plugins/com.st.stm32cube.ide.mcu.externaltools.gnu-tools-for-stm32.12.3.rel1.macos64_1.0.200.202406191456/tools/bin/../lib/gcc/arm-none-eabi/12.3.1/../../../../arm-none-eabi/lib/thumb/v7-m/nofp/libc_nano.a(libc_a-nano-vfprintf_i.o)
                0x08005a38                _printf_i
 .text.__malloc_lock
                0x08005c78        0xc /Applications/STM32CubeIDE.app/Contents/Eclipse/plugins/com.st.stm32cube.ide.mcu.externaltools.gnu-tools-for-stm32.12.3.rel1.macos64_1.0.200.202406191456/tools/bin/../lib/gcc/arm-none-eabi/12.3.1/../../../../arm-none-eabi/lib/thumb/v7-m/nofp/libc_nano.a(libc_a-mlock.o)
                0x08005c78                __malloc_lock
 .text.__malloc_unlock
                0x08005c84        0xc /Applications/STM32CubeIDE.app/Contents/Eclipse/plugins/com.st.stm32cube.ide.mcu.externaltools.gnu-tools-for-stm32.12.3.rel1.macos64_1.0.200.202406191456/tools/bin/../lib/gcc/arm-none-eabi/12.3.1/../../../../arm-none-eabi/lib/thumb/v7-m/nofp/libc_nano.a(libc_a-mlock.o)
                0x08005c84                __malloc_unlock
 .text._realloc_r
                0x08005c90       0x5c /Applications/STM32CubeIDE.app/Contents/Eclipse/plugins/com.st.stm32cube.ide.mcu.externaltools.gnu-tools-for-stm32.12.3.rel1.macos64_1.0.200.202406191456/tools/bin/../lib/gcc/arm-none-eabi/12.3.1/../../../../arm-none-eabi/lib/thumb/v7-m/nofp/libc_nano.a(libc_a-reallocr.o)
                0x08005c90                _realloc_r
 .text.memmove  0x08005cec       0x34 /Applications/STM32CubeIDE.app/Contents/Eclipse/plugins/com.st.stm32cube.ide.mcu.externaltools.gnu-tools-for-stm32.12.3.rel1.macos64_1.0.200.202406191456/tools/bin/../lib/gcc/arm-none-eabi/12.3.1/../../../../arm-none-eabi/lib/thumb/v7-m/nofp/libc_nano.a(libc_a-memmove.o)
                0x08005cec                memmove
 .text._sbrk_r  0x08005d20       0x20 /Applications/STM32CubeIDE.app/Contents/Eclipse/plugins/com.st.stm32cube.ide.mcu.externaltools.gnu-tools-for-stm32.12.3.rel1.macos64_1.0.200.202406191456/tools/bin/../lib/gcc/arm-none-eabi/12.3.1/../../../../arm-none-eabi/lib/thumb/v7-m/nofp/libc_nano.a(libc_a-sbrkr.o)
                0x08005d20                _sbrk_r
 .text.memchr   0x08005d40       0x1c /Applications/STM32CubeIDE.app/Contents/Eclipse/plugins/com.st.stm32cube.ide.mcu.externaltools.gnu-tools-for-stm32.12.3.rel1.macos64_1.0.200.202406191456/tools/bin/../lib/gcc/arm-none-eabi/12.3.1/../../../../arm-none-eabi/lib/thumb/v7-m/nofp/libc_nano.a(libc_a-memchr-stub.o)
                0x08005d40                memchr
 .text.memcpy   0x08005d5c       0x1c /Applications/STM32CubeIDE.app/Contents/Eclipse/plugins/com.st.stm32cube.ide.mcu.externaltools.gnu-tools-for-stm32.12.3.rel1.macos64_1.0.200.202406191456/tools/bin/../lib/gcc/arm-none-eabi/12.3.1/../../../../arm-none-eabi/lib/thumb/v7-m/nofp/libc_nano.a(libc_a-memcpy-stub.o)
                0x08005d5c                memcpy
 .text._free_r  0x08005d78       0x90 /Applications/STM32CubeIDE.app/Contents/Eclipse/plugins/com.st.stm32cube.ide.mcu.externaltools.gnu-tools-for-stm32.12.3.rel1.macos64_1.0.200.202406191456/tools/bin/../lib/gcc/arm-none-eabi/12.3.1/../../../../arm-none-eabi/lib/thumb/v7-m/nofp/libc_nano.a(libc_a-freer.o)
                0x08005d78                _free_r
 .text._malloc_usable_size_r
                0x08005e08       0x10 /Applications/STM32CubeIDE.app/Contents/Eclipse/plugins/com.st.stm32cube.ide.mcu.externaltools.gnu-tools-for-stm32.12.3.rel1.macos64_1.0.200.202406191456/tools/bin/../lib/gcc/arm-none-eabi/12.3.1/../../../../arm-none-eabi/lib/thumb/v7-m/nofp/libc_nano.a(libc_a-msizer.o)
                0x08005e08                _malloc_usable_size_r
 *(.glue_7)
 .glue_7        0x08005e18        0x0 linker stubs
 *(.glue_7t)
 .glue_7t       0x08005e18        0x0 linker stubs
 *(.eh_frame)
 .eh_frame      0x08005e18        0x0 /Applications/STM32CubeIDE.app/Contents/Eclipse/plugins/com.st.stm32cube.ide.mcu.externaltools.gnu-tools-for-stm32.12.3.rel1.macos64_1.0.200.202406191456/tools/bin/../lib/gcc/arm-none-eabi/12.3.1/thumb/v7-m/nofp/crtbegin.o
 *(.init)
 .init          0x08005e18        0x4 /Applications/STM32CubeIDE.app/Contents/Eclipse/plugins/com.st.stm32cube.ide.mcu.externaltools.gnu-tools-for-stm32.12.3.rel1.macos64_1.0.200.202406191456/tools/bin/../lib/gcc/arm-none-eabi/12.3.1/thumb/v7-m/nofp/crti.o
                0x08005e18                _init
 .init          0x08005e1c        0x8 /Applications/STM32CubeIDE.app/Contents/Eclipse/plugins/com.st.stm32cube.ide.mcu.externaltools.gnu-tools-for-stm32.12.3.rel1.macos64_1.0.200.202406191456/tools/bin/../lib/gcc/arm-none-eabi/12.3.1/thumb/v7-m/nofp/crtn.o
 *(.fini)
 .fini          0x08005e24        0x4 /Applications/STM32CubeIDE.app/Contents/Eclipse/plugins/com.st.stm32cube.ide.mcu.externaltools.gnu-tools-for-stm32.12.3.rel1.macos64_1.0.200.202406191456/tools/bin/../lib/gcc/arm-none-eabi/12.3.1/thumb/v7-m/nofp/crti.o
                0x08005e24                _fini
 .fini          0x08005e28        0x8 /Applications/STM32CubeIDE.app/Contents/Eclipse/plugins/com.st.stm32cube.ide.mcu.externaltools.gnu-tools-for-stm32.12.3.rel1.macos64_1.0.200.202406191456/tools/bin/../lib/gcc/arm-none-eabi/12.3.1/thumb/v7-m/nofp/crtn.o
                0x08005e30                        . = ALIGN (0x4)
                0x08005e30                        _etext = .

.vfp11_veneer   0x08005e30        0x0
 .vfp11_veneer  0x08005e30        0x0 linker stubs

.v4_bx          0x08005e30        0x0
 .v4_bx         0x08005e30        0x0 linker stubs

.iplt           0x08005e30        0x0
 .iplt          0x08005e30        0x0 /Applications/STM32CubeIDE.app/Contents/Eclipse/plugins/com.st.stm32cube.ide.mcu.externaltools.gnu-tools-for-stm32.12.3.rel1.macos64_1.0.200.202406191456/tools/bin/../lib/gcc/arm-none-eabi/12.3.1/thumb/v7-m/nofp/crtbegin.o

.rodata         0x08005e30      0x17c
                0x08005e30                        . = ALIGN (0x4)
 *(.rodata)
 .rodata        0x08005e30       0x1b ./Core/Src/main.o
 *(.rodata*)
 *fill*         0x08005e4b        0x1 
 .rodata.AHBPrescTable
                0x08005e4c       0x10 ./Core/Src/system_stm32f1xx.o
                0x08005e4c                AHBPrescTable
 .rodata.APBPrescTable
                0x08005e5c        0x8 ./Core/Src/system_stm32f1xx.o
                0x08005e5c                APBPrescTable
 .rodata.aPLLMULFactorTable.1
                0x08005e64       0x10 ./Drivers/STM32F1xx_HAL_Driver/Src/stm32f1xx_hal_rcc.o
 .rodata.aPredivFactorTable.0
                0x08005e74        0x2 ./Drivers/STM32F1xx_HAL_Driver/Src/stm32f1xx_hal_rcc.o
 *fill*         0x08005e76        0x2 
 .rodata.WS28XX_GammaTable
                0x08005e78      0x100 ./Middlewares/Third_Party/NimaLTD_Driver/WS28XX/ws28xx.o
                0x08005e78                WS28XX_GammaTable
 .rodata._svfprintf_r.str1.1
                0x08005f78       0x11 /Applications/STM32CubeIDE.app/Contents/Eclipse/plugins/com.st.stm32cube.ide.mcu.externaltools.gnu-tools-for-stm32.12.3.rel1.macos64_1.0.200.202406191456/tools/bin/../lib/gcc/arm-none-eabi/12.3.1/../../../../arm-none-eabi/lib/thumb/v7-m/nofp/libc_nano.a(libc_a-nano-svfprintf.o)
 .rodata._printf_i.str1.1
                0x08005f89       0x22 /Applications/STM32CubeIDE.app/Contents/Eclipse/plugins/com.st.stm32cube.ide.mcu.externaltools.gnu-tools-for-stm32.12.3.rel1.macos64_1.0.200.202406191456/tools/bin/../lib/gcc/arm-none-eabi/12.3.1/../../../../arm-none-eabi/lib/thumb/v7-m/nofp/libc_nano.a(libc_a-nano-vfprintf_i.o)
                0x08005fac                        . = ALIGN (0x4)
 *fill*         0x08005fab        0x1 

.ARM.extab      0x08005fac        0x0
                0x08005fac                        . = ALIGN (0x4)
 *(.ARM.extab* .gnu.linkonce.armextab.*)
                0x08005fac                        . = ALIGN (0x4)

.ARM            0x08005fac        0x8
                0x08005fac                        . = ALIGN (0x4)
                0x08005fac                        __exidx_start = .
 *(.ARM.exidx*)
 .ARM.exidx     0x08005fac        0x8 /Applications/STM32CubeIDE.app/Contents/Eclipse/plugins/com.st.stm32cube.ide.mcu.externaltools.gnu-tools-for-stm32.12.3.rel1.macos64_1.0.200.202406191456/tools/bin/../lib/gcc/arm-none-eabi/12.3.1/../../../../arm-none-eabi/lib/thumb/v7-m/nofp/libc_nano.a(libc_a-strlen.o)
 .ARM.exidx     0x08005fb4        0x0 /Applications/STM32CubeIDE.app/Contents/Eclipse/plugins/com.st.stm32cube.ide.mcu.externaltools.gnu-tools-for-stm32.12.3.rel1.macos64_1.0.200.202406191456/tools/bin/../lib/gcc/arm-none-eabi/12.3.1/../../../../arm-none-eabi/lib/thumb/v7-m/nofp/libc_nano.a(libc_a-strcmp.o)
                                  0x8 (size before relaxing)
                0x08005fb4                        __exidx_end = .
                0x08005fb4                        . = ALIGN (0x4)

.preinit_array  0x08005fb4        0x0
                0x08005fb4                        . = ALIGN (0x4)
                0x08005fb4                        PROVIDE (__preinit_array_start = .)
 *(.preinit_array*)
                0x08005fb4                        PROVIDE (__preinit_array_end = .)
                0x08005fb4                        . = ALIGN (0x4)

.init_array     0x08005fb4        0x4
                0x08005fb4                        . = ALIGN (0x4)
                0x08005fb4                        PROVIDE (__init_array_start = .)
 *(SORT_BY_NAME(.init_array.*))
 *(.init_array*)
 .init_array    0x08005fb4        0x4 /Applications/STM32CubeIDE.app/Contents/Eclipse/plugins/com.st.stm32cube.ide.mcu.externaltools.gnu-tools-for-stm32.12.3.rel1.macos64_1.0.200.202406191456/tools/bin/../lib/gcc/arm-none-eabi/12.3.1/thumb/v7-m/nofp/crtbegin.o
                0x08005fb8                        PROVIDE (__init_array_end = .)
                0x08005fb8                        . = ALIGN (0x4)

.fini_array     0x08005fb8        0x4
                0x08005fb8                        . = ALIGN (0x4)
                [!provide]                        PROVIDE (__fini_array_start = .)
 *(SORT_BY_NAME(.fini_array.*))
 *(.fini_array*)
 .fini_array    0x08005fb8        0x4 /Applications/STM32CubeIDE.app/Contents/Eclipse/plugins/com.st.stm32cube.ide.mcu.externaltools.gnu-tools-for-stm32.12.3.rel1.macos64_1.0.200.202406191456/tools/bin/../lib/gcc/arm-none-eabi/12.3.1/thumb/v7-m/nofp/crtbegin.o
                [!provide]                        PROVIDE (__fini_array_end = .)
                0x08005fbc                        . = ALIGN (0x4)
                0x08005fbc                        _sidata = LOADADDR (.data)

.rel.dyn        0x08005fbc        0x0
 .rel.iplt      0x08005fbc        0x0 /Applications/STM32CubeIDE.app/Contents/Eclipse/plugins/com.st.stm32cube.ide.mcu.externaltools.gnu-tools-for-stm32.12.3.rel1.macos64_1.0.200.202406191456/tools/bin/../lib/gcc/arm-none-eabi/12.3.1/thumb/v7-m/nofp/crtbegin.o

.data           0x20000000      0x3ec load address 0x08005fbc
                0x20000000                        . = ALIGN (0x4)
                0x20000000                        _sdata = .
 *(.data)
 *(.data*)
 .data.cross_state
                0x20000000        0x4 ./Core/Src/main.o
                0x20000000                cross_state
 .data.brightness
                0x20000004        0x4 ./Core/Src/main.o
                0x20000004                brightness
 .data.arrow_entry_matrix
                0x20000008       0x68 ./Core/Src/main.o
                0x20000008                arrow_entry_matrix
 .data.arrow_exit_matrix
                0x20000070       0x68 ./Core/Src/main.o
                0x20000070                arrow_exit_matrix
 .data.topCross_entry_matrix
                0x200000d8       0x40 ./Core/Src/main.o
                0x200000d8                topCross_entry_matrix
 .data.middleCross_entry_matrix
                0x20000118       0x40 ./Core/Src/main.o
                0x20000118                middleCross_entry_matrix
 .data.bottomCross_entry_matrix
                0x20000158       0x40 ./Core/Src/main.o
                0x20000158                bottomCross_entry_matrix
 .data.topCross_exit_matrix
                0x20000198       0x40 ./Core/Src/main.o
                0x20000198                topCross_exit_matrix
 .data.middleCross_exit_matrix
                0x200001d8       0x40 ./Core/Src/main.o
                0x200001d8                middleCross_exit_matrix
 .data.bottomCross_exit_matrix
                0x20000218       0x40 ./Core/Src/main.o
                0x20000218                bottomCross_exit_matrix
 .data.entryStrip
                0x20000258       0x4c ./Core/Src/main.o
                0x20000258                entryStrip
 .data.exitStrip
                0x200002a4       0x4c ./Core/Src/main.o
                0x200002a4                exitStrip
 .data.entryRFID
                0x200002f0       0x50 ./Core/Src/main.o
                0x200002f0                entryRFID
 .data.exitRFID
                0x20000340       0x50 ./Core/Src/main.o
                0x20000340                exitRFID
 .data.SystemCoreClock
                0x20000390        0x4 ./Core/Src/system_stm32f1xx.o
                0x20000390                SystemCoreClock
 .data.uwTickPrio
                0x20000394        0x4 ./Drivers/STM32F1xx_HAL_Driver/Src/stm32f1xx_hal.o
                0x20000394                uwTickPrio
 .data.uwTickFreq
                0x20000398        0x1 ./Drivers/STM32F1xx_HAL_Driver/Src/stm32f1xx_hal.o
                0x20000398                uwTickFreq
 *fill*         0x20000399        0x3 
 .data._impure_ptr
                0x2000039c        0x4 /Applications/STM32CubeIDE.app/Contents/Eclipse/plugins/com.st.stm32cube.ide.mcu.externaltools.gnu-tools-for-stm32.12.3.rel1.macos64_1.0.200.202406191456/tools/bin/../lib/gcc/arm-none-eabi/12.3.1/../../../../arm-none-eabi/lib/thumb/v7-m/nofp/libc_nano.a(libc_a-impure.o)
                0x2000039c                _impure_ptr
 .data._impure_data
                0x200003a0       0x4c /Applications/STM32CubeIDE.app/Contents/Eclipse/plugins/com.st.stm32cube.ide.mcu.externaltools.gnu-tools-for-stm32.12.3.rel1.macos64_1.0.200.202406191456/tools/bin/../lib/gcc/arm-none-eabi/12.3.1/../../../../arm-none-eabi/lib/thumb/v7-m/nofp/libc_nano.a(libc_a-impure.o)
                0x200003a0                _impure_data
 *(.RamFunc)
 *(.RamFunc*)
                0x200003ec                        . = ALIGN (0x4)
                0x200003ec                        _edata = .

.igot.plt       0x200003ec        0x0 load address 0x080063a8
 .igot.plt      0x200003ec        0x0 /Applications/STM32CubeIDE.app/Contents/Eclipse/plugins/com.st.stm32cube.ide.mcu.externaltools.gnu-tools-for-stm32.12.3.rel1.macos64_1.0.200.202406191456/tools/bin/../lib/gcc/arm-none-eabi/12.3.1/thumb/v7-m/nofp/crtbegin.o
                0x200003ec                        . = ALIGN (0x4)

.bss            0x200003ec     0x4108 load address 0x080063a8
                0x200003ec                        _sbss = .
                0x200003ec                        __bss_start__ = _sbss
 *(.bss)
 .bss           0x200003ec       0x1c /Applications/STM32CubeIDE.app/Contents/Eclipse/plugins/com.st.stm32cube.ide.mcu.externaltools.gnu-tools-for-stm32.12.3.rel1.macos64_1.0.200.202406191456/tools/bin/../lib/gcc/arm-none-eabi/12.3.1/thumb/v7-m/nofp/crtbegin.o
 *(.bss*)
 .bss.ws        0x20000408     0x3d08 ./Core/Src/main.o
                0x20000408                ws
 .bss.currentState
                0x20004110        0x1 ./Core/Src/main.o
                0x20004110                currentState
 *fill*         0x20004111        0x3 
 .bss.rxData    0x20004114        0xe ./Core/Src/main.o
                0x20004114                rxData
 *fill*         0x20004122        0x2 
 .bss.processedData
                0x20004124        0xe ./Core/Src/main.o
                0x20004124                processedData
 *fill*         0x20004132        0x2 
 .bss.usermsg   0x20004134        0xe ./Core/Src/main.o
                0x20004134                usermsg
 .bss.flag_rev  0x20004142        0x1 ./Core/Src/main.o
                0x20004142                flag_rev
 .bss.uart_source
                0x20004143        0x1 ./Core/Src/main.o
                0x20004143                uart_source
 .bss.responseData
                0x20004144        0x2 ./Core/Src/main.o
                0x20004144                responseData
 .bss.intresponseData
                0x20004146        0x1 ./Core/Src/main.o
                0x20004146                intresponseData
 *fill*         0x20004147        0x1 
 .bss.counter   0x20004148        0x4 ./Core/Src/main.o
                0x20004148                counter
 .bss.ir_flag   0x2000414c        0x4 ./Core/Src/main.o
                0x2000414c                ir_flag
 .bss.last_pulse_received_time
                0x20004150       0x18 ./Core/Src/main.o
                0x20004150                last_pulse_received_time
 .bss.last_pulse_time.0
                0x20004168        0x4 ./Core/Src/main.o
 .bss.__sbrk_heap_end
                0x2000416c        0x4 ./Core/Src/sysmem.o
 .bss.htim2     0x20004170       0x48 ./Core/Src/tim.o
                0x20004170                htim2
 .bss.htim3     0x200041b8       0x48 ./Core/Src/tim.o
                0x200041b8                htim3
 .bss.htim4     0x20004200       0x48 ./Core/Src/tim.o
                0x20004200                htim4
 .bss.hdma_tim2_ch1
                0x20004248       0x44 ./Core/Src/tim.o
                0x20004248                hdma_tim2_ch1
 .bss.hdma_tim3_ch1_trig
                0x2000428c       0x44 ./Core/Src/tim.o
                0x2000428c                hdma_tim3_ch1_trig
 .bss.huart1    0x200042d0       0x48 ./Core/Src/usart.o
                0x200042d0                huart1
 .bss.huart2    0x20004318       0x48 ./Core/Src/usart.o
                0x20004318                huart2
 .bss.huart3    0x20004360       0x48 ./Core/Src/usart.o
                0x20004360                huart3
 .bss.uwTick    0x200043a8        0x4 ./Drivers/STM32F1xx_HAL_Driver/Src/stm32f1xx_hal.o
                0x200043a8                uwTick
 .bss.__sf      0x200043ac      0x138 /Applications/STM32CubeIDE.app/Contents/Eclipse/plugins/com.st.stm32cube.ide.mcu.externaltools.gnu-tools-for-stm32.12.3.rel1.macos64_1.0.200.202406191456/tools/bin/../lib/gcc/arm-none-eabi/12.3.1/../../../../arm-none-eabi/lib/thumb/v7-m/nofp/libc_nano.a(libc_a-findfp.o)
                0x200043ac                __sf
 .bss.__lock___malloc_recursive_mutex
                0x200044e4        0x1 /Applications/STM32CubeIDE.app/Contents/Eclipse/plugins/com.st.stm32cube.ide.mcu.externaltools.gnu-tools-for-stm32.12.3.rel1.macos64_1.0.200.202406191456/tools/bin/../lib/gcc/arm-none-eabi/12.3.1/../../../../arm-none-eabi/lib/thumb/v7-m/nofp/libc_nano.a(libc_a-lock.o)
                0x200044e4                __lock___malloc_recursive_mutex
 *fill*         0x200044e5        0x3 
 .bss.__malloc_sbrk_start
                0x200044e8        0x4 /Applications/STM32CubeIDE.app/Contents/Eclipse/plugins/com.st.stm32cube.ide.mcu.externaltools.gnu-tools-for-stm32.12.3.rel1.macos64_1.0.200.202406191456/tools/bin/../lib/gcc/arm-none-eabi/12.3.1/../../../../arm-none-eabi/lib/thumb/v7-m/nofp/libc_nano.a(libc_a-mallocr.o)
                0x200044e8                __malloc_sbrk_start
 .bss.__malloc_free_list
                0x200044ec        0x4 /Applications/STM32CubeIDE.app/Contents/Eclipse/plugins/com.st.stm32cube.ide.mcu.externaltools.gnu-tools-for-stm32.12.3.rel1.macos64_1.0.200.202406191456/tools/bin/../lib/gcc/arm-none-eabi/12.3.1/../../../../arm-none-eabi/lib/thumb/v7-m/nofp/libc_nano.a(libc_a-mallocr.o)
                0x200044ec                __malloc_free_list
 .bss.errno     0x200044f0        0x4 /Applications/STM32CubeIDE.app/Contents/Eclipse/plugins/com.st.stm32cube.ide.mcu.externaltools.gnu-tools-for-stm32.12.3.rel1.macos64_1.0.200.202406191456/tools/bin/../lib/gcc/arm-none-eabi/12.3.1/../../../../arm-none-eabi/lib/thumb/v7-m/nofp/libc_nano.a(libc_a-reent.o)
                0x200044f0                errno
 *(COMMON)
                0x200044f4                        . = ALIGN (0x4)
                0x200044f4                        _ebss = .
                0x200044f4                        __bss_end__ = _ebss

._user_heap_stack
                0x200044f4      0x604 load address 0x080063a8
                0x200044f8                        . = ALIGN (0x8)
 *fill*         0x200044f4        0x4 
                [!provide]                        PROVIDE (end = .)
                0x200044f8                        PROVIDE (_end = .)
                0x200046f8                        . = (. + _Min_Heap_Size)
 *fill*         0x200044f8      0x200 
                0x20004af8                        . = (. + _Min_Stack_Size)
 *fill*         0x200046f8      0x400 
                0x20004af8                        . = ALIGN (0x8)

/DISCARD/
 libc.a(*)
 libm.a(*)
 libgcc.a(*)

.ARM.attributes
                0x00000000       0x29
 *(.ARM.attributes)
 .ARM.attributes
                0x00000000       0x1d /Applications/STM32CubeIDE.app/Contents/Eclipse/plugins/com.st.stm32cube.ide.mcu.externaltools.gnu-tools-for-stm32.12.3.rel1.macos64_1.0.200.202406191456/tools/bin/../lib/gcc/arm-none-eabi/12.3.1/thumb/v7-m/nofp/crti.o
 .ARM.attributes
                0x0000001d       0x2d /Applications/STM32CubeIDE.app/Contents/Eclipse/plugins/com.st.stm32cube.ide.mcu.externaltools.gnu-tools-for-stm32.12.3.rel1.macos64_1.0.200.202406191456/tools/bin/../lib/gcc/arm-none-eabi/12.3.1/thumb/v7-m/nofp/crtbegin.o
 .ARM.attributes
                0x0000004a       0x2d ./Core/Src/dma.o
 .ARM.attributes
                0x00000077       0x2d ./Core/Src/gpio.o
 .ARM.attributes
                0x000000a4       0x2d ./Core/Src/main.o
 .ARM.attributes
                0x000000d1       0x2d ./Core/Src/stm32f1xx_hal_msp.o
 .ARM.attributes
                0x000000fe       0x2d ./Core/Src/stm32f1xx_it.o
 .ARM.attributes
                0x0000012b       0x2d ./Core/Src/sysmem.o
 .ARM.attributes
                0x00000158       0x2d ./Core/Src/system_stm32f1xx.o
 .ARM.attributes
                0x00000185       0x2d ./Core/Src/tim.o
 .ARM.attributes
                0x000001b2       0x2d ./Core/Src/usart.o
 .ARM.attributes
                0x000001df       0x21 ./Core/Startup/startup_stm32f103rbtx.o
 .ARM.attributes
                0x00000200       0x2d ./Drivers/STM32F1xx_HAL_Driver/Src/stm32f1xx_hal.o
 .ARM.attributes
                0x0000022d       0x2d ./Drivers/STM32F1xx_HAL_Driver/Src/stm32f1xx_hal_cortex.o
 .ARM.attributes
                0x0000025a       0x2d ./Drivers/STM32F1xx_HAL_Driver/Src/stm32f1xx_hal_dma.o
 .ARM.attributes
                0x00000287       0x2d ./Drivers/STM32F1xx_HAL_Driver/Src/stm32f1xx_hal_gpio.o
 .ARM.attributes
                0x000002b4       0x2d ./Drivers/STM32F1xx_HAL_Driver/Src/stm32f1xx_hal_rcc.o
 .ARM.attributes
                0x000002e1       0x2d ./Drivers/STM32F1xx_HAL_Driver/Src/stm32f1xx_hal_tim.o
 .ARM.attributes
                0x0000030e       0x2d ./Drivers/STM32F1xx_HAL_Driver/Src/stm32f1xx_hal_tim_ex.o
 .ARM.attributes
                0x0000033b       0x2d ./Drivers/STM32F1xx_HAL_Driver/Src/stm32f1xx_hal_uart.o
 .ARM.attributes
                0x00000368       0x2d ./Middlewares/Third_Party/NimaLTD_Driver/WS28XX/ws28xx.o
 .ARM.attributes
                0x00000395       0x2d /Applications/STM32CubeIDE.app/Contents/Eclipse/plugins/com.st.stm32cube.ide.mcu.externaltools.gnu-tools-for-stm32.12.3.rel1.macos64_1.0.200.202406191456/tools/bin/../lib/gcc/arm-none-eabi/12.3.1/../../../../arm-none-eabi/lib/thumb/v7-m/nofp/libc_nano.a(libc_a-sprintf.o)
 .ARM.attributes
                0x000003c2       0x2d /Applications/STM32CubeIDE.app/Contents/Eclipse/plugins/com.st.stm32cube.ide.mcu.externaltools.gnu-tools-for-stm32.12.3.rel1.macos64_1.0.200.202406191456/tools/bin/../lib/gcc/arm-none-eabi/12.3.1/../../../../arm-none-eabi/lib/thumb/v7-m/nofp/libc_nano.a(libc_a-findfp.o)
 .ARM.attributes
                0x000003ef       0x2d /Applications/STM32CubeIDE.app/Contents/Eclipse/plugins/com.st.stm32cube.ide.mcu.externaltools.gnu-tools-for-stm32.12.3.rel1.macos64_1.0.200.202406191456/tools/bin/../lib/gcc/arm-none-eabi/12.3.1/../../../../arm-none-eabi/lib/thumb/v7-m/nofp/libc_nano.a(libc_a-memset.o)
 .ARM.attributes
                0x0000041c       0x2d /Applications/STM32CubeIDE.app/Contents/Eclipse/plugins/com.st.stm32cube.ide.mcu.externaltools.gnu-tools-for-stm32.12.3.rel1.macos64_1.0.200.202406191456/tools/bin/../lib/gcc/arm-none-eabi/12.3.1/../../../../arm-none-eabi/lib/thumb/v7-m/nofp/libc_nano.a(libc_a-impure.o)
 .ARM.attributes
                0x00000449       0x2d /Applications/STM32CubeIDE.app/Contents/Eclipse/plugins/com.st.stm32cube.ide.mcu.externaltools.gnu-tools-for-stm32.12.3.rel1.macos64_1.0.200.202406191456/tools/bin/../lib/gcc/arm-none-eabi/12.3.1/../../../../arm-none-eabi/lib/thumb/v7-m/nofp/libc_nano.a(libc_a-errno.o)
 .ARM.attributes
                0x00000476       0x2d /Applications/STM32CubeIDE.app/Contents/Eclipse/plugins/com.st.stm32cube.ide.mcu.externaltools.gnu-tools-for-stm32.12.3.rel1.macos64_1.0.200.202406191456/tools/bin/../lib/gcc/arm-none-eabi/12.3.1/../../../../arm-none-eabi/lib/thumb/v7-m/nofp/libc_nano.a(libc_a-init.o)
 .ARM.attributes
                0x000004a3       0x2d /Applications/STM32CubeIDE.app/Contents/Eclipse/plugins/com.st.stm32cube.ide.mcu.externaltools.gnu-tools-for-stm32.12.3.rel1.macos64_1.0.200.202406191456/tools/bin/../lib/gcc/arm-none-eabi/12.3.1/../../../../arm-none-eabi/lib/thumb/v7-m/nofp/libc_nano.a(libc_a-lock.o)
 .ARM.attributes
                0x000004d0       0x17 /Applications/STM32CubeIDE.app/Contents/Eclipse/plugins/com.st.stm32cube.ide.mcu.externaltools.gnu-tools-for-stm32.12.3.rel1.macos64_1.0.200.202406191456/tools/bin/../lib/gcc/arm-none-eabi/12.3.1/../../../../arm-none-eabi/lib/thumb/v7-m/nofp/libc_nano.a(libc_a-strlen.o)
 .ARM.attributes
                0x000004e7       0x1b /Applications/STM32CubeIDE.app/Contents/Eclipse/plugins/com.st.stm32cube.ide.mcu.externaltools.gnu-tools-for-stm32.12.3.rel1.macos64_1.0.200.202406191456/tools/bin/../lib/gcc/arm-none-eabi/12.3.1/../../../../arm-none-eabi/lib/thumb/v7-m/nofp/libc_nano.a(libc_a-strcmp.o)
 .ARM.attributes
                0x00000502       0x2d /Applications/STM32CubeIDE.app/Contents/Eclipse/plugins/com.st.stm32cube.ide.mcu.externaltools.gnu-tools-for-stm32.12.3.rel1.macos64_1.0.200.202406191456/tools/bin/../lib/gcc/arm-none-eabi/12.3.1/../../../../arm-none-eabi/lib/thumb/v7-m/nofp/libc_nano.a(libc_a-nano-svfprintf.o)
 .ARM.attributes
                0x0000052f       0x2d /Applications/STM32CubeIDE.app/Contents/Eclipse/plugins/com.st.stm32cube.ide.mcu.externaltools.gnu-tools-for-stm32.12.3.rel1.macos64_1.0.200.202406191456/tools/bin/../lib/gcc/arm-none-eabi/12.3.1/../../../../arm-none-eabi/lib/thumb/v7-m/nofp/libc_nano.a(libc_a-mallocr.o)
 .ARM.attributes
                0x0000055c       0x2d /Applications/STM32CubeIDE.app/Contents/Eclipse/plugins/com.st.stm32cube.ide.mcu.externaltools.gnu-tools-for-stm32.12.3.rel1.macos64_1.0.200.202406191456/tools/bin/../lib/gcc/arm-none-eabi/12.3.1/../../../../arm-none-eabi/lib/thumb/v7-m/nofp/libc_nano.a(libc_a-nano-vfprintf_i.o)
 .ARM.attributes
                0x00000589       0x2d /Applications/STM32CubeIDE.app/Contents/Eclipse/plugins/com.st.stm32cube.ide.mcu.externaltools.gnu-tools-for-stm32.12.3.rel1.macos64_1.0.200.202406191456/tools/bin/../lib/gcc/arm-none-eabi/12.3.1/../../../../arm-none-eabi/lib/thumb/v7-m/nofp/libc_nano.a(libc_a-mlock.o)
 .ARM.attributes
                0x000005b6       0x2d /Applications/STM32CubeIDE.app/Contents/Eclipse/plugins/com.st.stm32cube.ide.mcu.externaltools.gnu-tools-for-stm32.12.3.rel1.macos64_1.0.200.202406191456/tools/bin/../lib/gcc/arm-none-eabi/12.3.1/../../../../arm-none-eabi/lib/thumb/v7-m/nofp/libc_nano.a(libc_a-reallocr.o)
 .ARM.attributes
                0x000005e3       0x2d /Applications/STM32CubeIDE.app/Contents/Eclipse/plugins/com.st.stm32cube.ide.mcu.externaltools.gnu-tools-for-stm32.12.3.rel1.macos64_1.0.200.202406191456/tools/bin/../lib/gcc/arm-none-eabi/12.3.1/../../../../arm-none-eabi/lib/thumb/v7-m/nofp/libc_nano.a(libc_a-memmove.o)
 .ARM.attributes
                0x00000610       0x2d /Applications/STM32CubeIDE.app/Contents/Eclipse/plugins/com.st.stm32cube.ide.mcu.externaltools.gnu-tools-for-stm32.12.3.rel1.macos64_1.0.200.202406191456/tools/bin/../lib/gcc/arm-none-eabi/12.3.1/../../../../arm-none-eabi/lib/thumb/v7-m/nofp/libc_nano.a(libc_a-reent.o)
 .ARM.attributes
                0x0000063d       0x2d /Applications/STM32CubeIDE.app/Contents/Eclipse/plugins/com.st.stm32cube.ide.mcu.externaltools.gnu-tools-for-stm32.12.3.rel1.macos64_1.0.200.202406191456/tools/bin/../lib/gcc/arm-none-eabi/12.3.1/../../../../arm-none-eabi/lib/thumb/v7-m/nofp/libc_nano.a(libc_a-sbrkr.o)
 .ARM.attributes
                0x0000066a       0x2d /Applications/STM32CubeIDE.app/Contents/Eclipse/plugins/com.st.stm32cube.ide.mcu.externaltools.gnu-tools-for-stm32.12.3.rel1.macos64_1.0.200.202406191456/tools/bin/../lib/gcc/arm-none-eabi/12.3.1/../../../../arm-none-eabi/lib/thumb/v7-m/nofp/libc_nano.a(libc_a-memchr-stub.o)
 .ARM.attributes
                0x00000697       0x2d /Applications/STM32CubeIDE.app/Contents/Eclipse/plugins/com.st.stm32cube.ide.mcu.externaltools.gnu-tools-for-stm32.12.3.rel1.macos64_1.0.200.202406191456/tools/bin/../lib/gcc/arm-none-eabi/12.3.1/../../../../arm-none-eabi/lib/thumb/v7-m/nofp/libc_nano.a(libc_a-memcpy-stub.o)
 .ARM.attributes
                0x000006c4       0x2d /Applications/STM32CubeIDE.app/Contents/Eclipse/plugins/com.st.stm32cube.ide.mcu.externaltools.gnu-tools-for-stm32.12.3.rel1.macos64_1.0.200.202406191456/tools/bin/../lib/gcc/arm-none-eabi/12.3.1/../../../../arm-none-eabi/lib/thumb/v7-m/nofp/libc_nano.a(libc_a-freer.o)
 .ARM.attributes
                0x000006f1       0x2d /Applications/STM32CubeIDE.app/Contents/Eclipse/plugins/com.st.stm32cube.ide.mcu.externaltools.gnu-tools-for-stm32.12.3.rel1.macos64_1.0.200.202406191456/tools/bin/../lib/gcc/arm-none-eabi/12.3.1/../../../../arm-none-eabi/lib/thumb/v7-m/nofp/libc_nano.a(libc_a-msizer.o)
 .ARM.attributes
                0x0000071e       0x1d /Applications/STM32CubeIDE.app/Contents/Eclipse/plugins/com.st.stm32cube.ide.mcu.externaltools.gnu-tools-for-stm32.12.3.rel1.macos64_1.0.200.202406191456/tools/bin/../lib/gcc/arm-none-eabi/12.3.1/thumb/v7-m/nofp/libgcc.a(_arm_addsubsf3.o)
 .ARM.attributes
                0x0000073b       0x1d /Applications/STM32CubeIDE.app/Contents/Eclipse/plugins/com.st.stm32cube.ide.mcu.externaltools.gnu-tools-for-stm32.12.3.rel1.macos64_1.0.200.202406191456/tools/bin/../lib/gcc/arm-none-eabi/12.3.1/thumb/v7-m/nofp/libgcc.a(_arm_muldivsf3.o)
 .ARM.attributes
                0x00000758       0x1d /Applications/STM32CubeIDE.app/Contents/Eclipse/plugins/com.st.stm32cube.ide.mcu.externaltools.gnu-tools-for-stm32.12.3.rel1.macos64_1.0.200.202406191456/tools/bin/../lib/gcc/arm-none-eabi/12.3.1/thumb/v7-m/nofp/libgcc.a(_arm_fixunssfsi.o)
 .ARM.attributes
                0x00000775       0x1d /Applications/STM32CubeIDE.app/Contents/Eclipse/plugins/com.st.stm32cube.ide.mcu.externaltools.gnu-tools-for-stm32.12.3.rel1.macos64_1.0.200.202406191456/tools/bin/../lib/gcc/arm-none-eabi/12.3.1/thumb/v7-m/nofp/crtn.o
OUTPUT(turnstile_stm_program.elf elf32-littlearm)
LOAD linker stubs
LOAD /Applications/STM32CubeIDE.app/Contents/Eclipse/plugins/com.st.stm32cube.ide.mcu.externaltools.gnu-tools-for-stm32.12.3.rel1.macos64_1.0.200.202406191456/tools/bin/../lib/gcc/arm-none-eabi/12.3.1/../../../../arm-none-eabi/lib/thumb/v7-m/nofp/libc.a
LOAD /Applications/STM32CubeIDE.app/Contents/Eclipse/plugins/com.st.stm32cube.ide.mcu.externaltools.gnu-tools-for-stm32.12.3.rel1.macos64_1.0.200.202406191456/tools/bin/../lib/gcc/arm-none-eabi/12.3.1/../../../../arm-none-eabi/lib/thumb/v7-m/nofp/libm.a
LOAD /Applications/STM32CubeIDE.app/Contents/Eclipse/plugins/com.st.stm32cube.ide.mcu.externaltools.gnu-tools-for-stm32.12.3.rel1.macos64_1.0.200.202406191456/tools/bin/../lib/gcc/arm-none-eabi/12.3.1/thumb/v7-m/nofp/libgcc.a

.debug_info     0x00000000     0xddca
 .debug_info    0x00000000      0x2cf ./Core/Src/dma.o
 .debug_info    0x000002cf      0x44e ./Core/Src/gpio.o
 .debug_info    0x0000071d     0x16a0 ./Core/Src/main.o
 .debug_info    0x00001dbd      0x1f1 ./Core/Src/stm32f1xx_hal_msp.o
 .debug_info    0x00001fae      0x69c ./Core/Src/stm32f1xx_it.o
 .debug_info    0x0000264a      0x168 ./Core/Src/sysmem.o
 .debug_info    0x000027b2      0x222 ./Core/Src/system_stm32f1xx.o
 .debug_info    0x000029d4      0xb90 ./Core/Src/tim.o
 .debug_info    0x00003564      0x9e0 ./Core/Src/usart.o
 .debug_info    0x00003f44       0x30 ./Core/Startup/startup_stm32f103rbtx.o
 .debug_info    0x00003f74      0x704 ./Drivers/STM32F1xx_HAL_Driver/Src/stm32f1xx_hal.o
 .debug_info    0x00004678      0xa87 ./Drivers/STM32F1xx_HAL_Driver/Src/stm32f1xx_hal_cortex.o
 .debug_info    0x000050ff      0x6d2 ./Drivers/STM32F1xx_HAL_Driver/Src/stm32f1xx_hal_dma.o
 .debug_info    0x000057d1      0x5ab ./Drivers/STM32F1xx_HAL_Driver/Src/stm32f1xx_hal_gpio.o
 .debug_info    0x00005d7c      0x7d5 ./Drivers/STM32F1xx_HAL_Driver/Src/stm32f1xx_hal_rcc.o
 .debug_info    0x00006551     0x2959 ./Drivers/STM32F1xx_HAL_Driver/Src/stm32f1xx_hal_tim.o
 .debug_info    0x00008eaa     0x149b ./Drivers/STM32F1xx_HAL_Driver/Src/stm32f1xx_hal_tim_ex.o
 .debug_info    0x0000a345     0x2eed ./Drivers/STM32F1xx_HAL_Driver/Src/stm32f1xx_hal_uart.o
 .debug_info    0x0000d232      0xb98 ./Middlewares/Third_Party/NimaLTD_Driver/WS28XX/ws28xx.o

.debug_abbrev   0x00000000     0x25a2
 .debug_abbrev  0x00000000       0xfc ./Core/Src/dma.o
 .debug_abbrev  0x000000fc      0x161 ./Core/Src/gpio.o
 .debug_abbrev  0x0000025d      0x3bc ./Core/Src/main.o
 .debug_abbrev  0x00000619       0xdb ./Core/Src/stm32f1xx_hal_msp.o
 .debug_abbrev  0x000006f4      0x1a8 ./Core/Src/stm32f1xx_it.o
 .debug_abbrev  0x0000089c       0xbc ./Core/Src/sysmem.o
 .debug_abbrev  0x00000958      0x13f ./Core/Src/system_stm32f1xx.o
 .debug_abbrev  0x00000a97      0x278 ./Core/Src/tim.o
 .debug_abbrev  0x00000d0f      0x20b ./Core/Src/usart.o
 .debug_abbrev  0x00000f1a       0x24 ./Core/Startup/startup_stm32f103rbtx.o
 .debug_abbrev  0x00000f3e      0x201 ./Drivers/STM32F1xx_HAL_Driver/Src/stm32f1xx_hal.o
 .debug_abbrev  0x0000113f      0x2f8 ./Drivers/STM32F1xx_HAL_Driver/Src/stm32f1xx_hal_cortex.o
 .debug_abbrev  0x00001437      0x20b ./Drivers/STM32F1xx_HAL_Driver/Src/stm32f1xx_hal_dma.o
 .debug_abbrev  0x00001642      0x1ca ./Drivers/STM32F1xx_HAL_Driver/Src/stm32f1xx_hal_gpio.o
 .debug_abbrev  0x0000180c      0x2b3 ./Drivers/STM32F1xx_HAL_Driver/Src/stm32f1xx_hal_rcc.o
 .debug_abbrev  0x00001abf      0x277 ./Drivers/STM32F1xx_HAL_Driver/Src/stm32f1xx_hal_tim.o
 .debug_abbrev  0x00001d36      0x282 ./Drivers/STM32F1xx_HAL_Driver/Src/stm32f1xx_hal_tim_ex.o
 .debug_abbrev  0x00001fb8      0x2f8 ./Drivers/STM32F1xx_HAL_Driver/Src/stm32f1xx_hal_uart.o
 .debug_abbrev  0x000022b0      0x2f2 ./Middlewares/Third_Party/NimaLTD_Driver/WS28XX/ws28xx.o

.debug_aranges  0x00000000      0xdf0
 .debug_aranges
                0x00000000       0x20 ./Core/Src/dma.o
 .debug_aranges
                0x00000020       0x20 ./Core/Src/gpio.o
 .debug_aranges
                0x00000040      0x110 ./Core/Src/main.o
 .debug_aranges
                0x00000150       0x20 ./Core/Src/stm32f1xx_hal_msp.o
 .debug_aranges
                0x00000170       0x98 ./Core/Src/stm32f1xx_it.o
 .debug_aranges
                0x00000208       0x20 ./Core/Src/sysmem.o
 .debug_aranges
                0x00000228       0x28 ./Core/Src/system_stm32f1xx.o
 .debug_aranges
                0x00000250       0x48 ./Core/Src/tim.o
 .debug_aranges
                0x00000298       0x40 ./Core/Src/usart.o
 .debug_aranges
                0x000002d8       0x28 ./Core/Startup/startup_stm32f103rbtx.o
 .debug_aranges
                0x00000300       0xe0 ./Drivers/STM32F1xx_HAL_Driver/Src/stm32f1xx_hal.o
 .debug_aranges
                0x000003e0      0x100 ./Drivers/STM32F1xx_HAL_Driver/Src/stm32f1xx_hal_cortex.o
 .debug_aranges
                0x000004e0       0x80 ./Drivers/STM32F1xx_HAL_Driver/Src/stm32f1xx_hal_dma.o
 .debug_aranges
                0x00000560       0x58 ./Drivers/STM32F1xx_HAL_Driver/Src/stm32f1xx_hal_gpio.o
 .debug_aranges
                0x000005b8       0x90 ./Drivers/STM32F1xx_HAL_Driver/Src/stm32f1xx_hal_rcc.o
 .debug_aranges
                0x00000648      0x3d0 ./Drivers/STM32F1xx_HAL_Driver/Src/stm32f1xx_hal_tim.o
 .debug_aranges
                0x00000a18      0x168 ./Drivers/STM32F1xx_HAL_Driver/Src/stm32f1xx_hal_tim_ex.o
 .debug_aranges
                0x00000b80      0x208 ./Drivers/STM32F1xx_HAL_Driver/Src/stm32f1xx_hal_uart.o
 .debug_aranges
                0x00000d88       0x68 ./Middlewares/Third_Party/NimaLTD_Driver/WS28XX/ws28xx.o

.debug_rnglists
                0x00000000      0xadd
 .debug_rnglists
                0x00000000       0x13 ./Core/Src/dma.o
 .debug_rnglists
                0x00000013       0x14 ./Core/Src/gpio.o
 .debug_rnglists
                0x00000027       0xd4 ./Core/Src/main.o
 .debug_rnglists
                0x000000fb       0x13 ./Core/Src/stm32f1xx_hal_msp.o
 .debug_rnglists
                0x0000010e       0x6d ./Core/Src/stm32f1xx_it.o
 .debug_rnglists
                0x0000017b       0x13 ./Core/Src/sysmem.o
 .debug_rnglists
                0x0000018e       0x1a ./Core/Src/system_stm32f1xx.o
 .debug_rnglists
                0x000001a8       0x37 ./Core/Src/tim.o
 .debug_rnglists
                0x000001df       0x2d ./Core/Src/usart.o
 .debug_rnglists
                0x0000020c       0x19 ./Core/Startup/startup_stm32f103rbtx.o
 .debug_rnglists
                0x00000225       0xa3 ./Drivers/STM32F1xx_HAL_Driver/Src/stm32f1xx_hal.o
 .debug_rnglists
                0x000002c8       0xbb ./Drivers/STM32F1xx_HAL_Driver/Src/stm32f1xx_hal_cortex.o
 .debug_rnglists
                0x00000383       0x64 ./Drivers/STM32F1xx_HAL_Driver/Src/stm32f1xx_hal_dma.o
 .debug_rnglists
                0x000003e7       0x3f ./Drivers/STM32F1xx_HAL_Driver/Src/stm32f1xx_hal_gpio.o
 .debug_rnglists
                0x00000426       0x6c ./Drivers/STM32F1xx_HAL_Driver/Src/stm32f1xx_hal_rcc.o
 .debug_rnglists
                0x00000492      0x31a ./Drivers/STM32F1xx_HAL_Driver/Src/stm32f1xx_hal_tim.o
 .debug_rnglists
                0x000007ac      0x125 ./Drivers/STM32F1xx_HAL_Driver/Src/stm32f1xx_hal_tim_ex.o
 .debug_rnglists
                0x000008d1      0x1bc ./Drivers/STM32F1xx_HAL_Driver/Src/stm32f1xx_hal_uart.o
 .debug_rnglists
                0x00000a8d       0x50 ./Middlewares/Third_Party/NimaLTD_Driver/WS28XX/ws28xx.o

.debug_macro    0x00000000    0x18780
 .debug_macro   0x00000000      0x1bc ./Core/Src/dma.o
 .debug_macro   0x000001bc      0xaa8 ./Core/Src/dma.o
 .debug_macro   0x00000c64      0x221 ./Core/Src/dma.o
 .debug_macro   0x00000e85       0x2e ./Core/Src/dma.o
 .debug_macro   0x00000eb3       0x22 ./Core/Src/dma.o
 .debug_macro   0x00000ed5       0x22 ./Core/Src/dma.o
 .debug_macro   0x00000ef7       0x8e ./Core/Src/dma.o
 .debug_macro   0x00000f85       0x51 ./Core/Src/dma.o
 .debug_macro   0x00000fd6      0x103 ./Core/Src/dma.o
 .debug_macro   0x000010d9       0x6a ./Core/Src/dma.o
 .debug_macro   0x00001143      0x1df ./Core/Src/dma.o
 .debug_macro   0x00001322       0x1c ./Core/Src/dma.o
 .debug_macro   0x0000133e       0x22 ./Core/Src/dma.o
 .debug_macro   0x00001360       0xbd ./Core/Src/dma.o
 .debug_macro   0x0000141d      0xd23 ./Core/Src/dma.o
 .debug_macro   0x00002140     0xe09e ./Core/Src/dma.o
 .debug_macro   0x000101de       0x6d ./Core/Src/dma.o
 .debug_macro   0x0001024b     0x34a2 ./Core/Src/dma.o
 .debug_macro   0x000136ed      0x189 ./Core/Src/dma.o
 .debug_macro   0x00013876       0x5c ./Core/Src/dma.o
 .debug_macro   0x000138d2      0x5bc ./Core/Src/dma.o
 .debug_macro   0x00013e8e      0x289 ./Core/Src/dma.o
 .debug_macro   0x00014117      0x1cb ./Core/Src/dma.o
 .debug_macro   0x000142e2      0x114 ./Core/Src/dma.o
 .debug_macro   0x000143f6      0x1b2 ./Core/Src/dma.o
 .debug_macro   0x000145a8       0x27 ./Core/Src/dma.o
 .debug_macro   0x000145cf      0x136 ./Core/Src/dma.o
 .debug_macro   0x00014705      0x1bc ./Core/Src/dma.o
 .debug_macro   0x000148c1       0x34 ./Core/Src/dma.o
 .debug_macro   0x000148f5       0x3c ./Core/Src/dma.o
 .debug_macro   0x00014931       0x57 ./Core/Src/dma.o
 .debug_macro   0x00014988       0x87 ./Core/Src/dma.o
 .debug_macro   0x00014a0f      0x240 ./Core/Src/dma.o
 .debug_macro   0x00014c4f      0x140 ./Core/Src/dma.o
 .debug_macro   0x00014d8f      0x8ed ./Core/Src/dma.o
 .debug_macro   0x0001567c      0x28e ./Core/Src/dma.o
 .debug_macro   0x0001590a       0x83 ./Core/Src/dma.o
 .debug_macro   0x0001598d      0x124 ./Core/Src/dma.o
 .debug_macro   0x00015ab1      0x1bc ./Core/Src/gpio.o
 .debug_macro   0x00015c6d      0x325 ./Core/Src/main.o
 .debug_macro   0x00015f92       0x22 ./Core/Src/main.o
 .debug_macro   0x00015fb4       0x5e ./Core/Src/main.o
 .debug_macro   0x00016012      0x1c0 ./Core/Src/main.o
 .debug_macro   0x000161d2       0x61 ./Core/Src/main.o
 .debug_macro   0x00016233       0x24 ./Core/Src/main.o
 .debug_macro   0x00016257       0x43 ./Core/Src/main.o
 .debug_macro   0x0001629a       0x34 ./Core/Src/main.o
 .debug_macro   0x000162ce       0x16 ./Core/Src/main.o
 .debug_macro   0x000162e4       0x43 ./Core/Src/main.o
 .debug_macro   0x00016327       0x34 ./Core/Src/main.o
 .debug_macro   0x0001635b       0x10 ./Core/Src/main.o
 .debug_macro   0x0001636b       0x58 ./Core/Src/main.o
 .debug_macro   0x000163c3       0x8e ./Core/Src/main.o
 .debug_macro   0x00016451       0x1c ./Core/Src/main.o
 .debug_macro   0x0001646d      0x177 ./Core/Src/main.o
 .debug_macro   0x000165e4      0x369 ./Core/Src/main.o
 .debug_macro   0x0001694d       0x10 ./Core/Src/main.o
 .debug_macro   0x0001695d       0x35 ./Core/Src/main.o
 .debug_macro   0x00016992       0x20 ./Core/Src/main.o
 .debug_macro   0x000169b2       0x1c ./Core/Src/main.o
 .debug_macro   0x000169ce       0x10 ./Core/Src/main.o
 .debug_macro   0x000169de       0x1c ./Core/Src/main.o
 .debug_macro   0x000169fa       0x16 ./Core/Src/main.o
 .debug_macro   0x00016a10      0x146 ./Core/Src/main.o
 .debug_macro   0x00016b56      0x1b2 ./Core/Src/stm32f1xx_hal_msp.o
 .debug_macro   0x00016d08      0x1bc ./Core/Src/stm32f1xx_it.o
 .debug_macro   0x00016ec4       0xff ./Core/Src/sysmem.o
 .debug_macro   0x00016fc3      0x23c ./Core/Src/sysmem.o
 .debug_macro   0x000171ff      0x1a3 ./Core/Src/system_stm32f1xx.o
 .debug_macro   0x000173a2      0x1bc ./Core/Src/tim.o
 .debug_macro   0x0001755e      0x1bc ./Core/Src/usart.o
 .debug_macro   0x0001771a      0x1c7 ./Drivers/STM32F1xx_HAL_Driver/Src/stm32f1xx_hal.o
 .debug_macro   0x000178e1      0x1a3 ./Drivers/STM32F1xx_HAL_Driver/Src/stm32f1xx_hal_cortex.o
 .debug_macro   0x00017a84      0x1a3 ./Drivers/STM32F1xx_HAL_Driver/Src/stm32f1xx_hal_dma.o
 .debug_macro   0x00017c27      0x20e ./Drivers/STM32F1xx_HAL_Driver/Src/stm32f1xx_hal_gpio.o
 .debug_macro   0x00017e35      0x1b5 ./Drivers/STM32F1xx_HAL_Driver/Src/stm32f1xx_hal_rcc.o
 .debug_macro   0x00017fea      0x1a4 ./Drivers/STM32F1xx_HAL_Driver/Src/stm32f1xx_hal_tim.o
 .debug_macro   0x0001818e      0x1a3 ./Drivers/STM32F1xx_HAL_Driver/Src/stm32f1xx_hal_tim_ex.o
 .debug_macro   0x00018331      0x1a4 ./Drivers/STM32F1xx_HAL_Driver/Src/stm32f1xx_hal_uart.o
 .debug_macro   0x000184d5      0x2ab ./Middlewares/Third_Party/NimaLTD_Driver/WS28XX/ws28xx.o

.debug_line     0x00000000    0x10360
 .debug_line    0x00000000      0x697 ./Core/Src/dma.o
 .debug_line    0x00000697      0x6e7 ./Core/Src/gpio.o
 .debug_line    0x00000d7e      0xfab ./Core/Src/main.o
 .debug_line    0x00001d29      0x69b ./Core/Src/stm32f1xx_hal_msp.o
 .debug_line    0x000023c4      0x808 ./Core/Src/stm32f1xx_it.o
 .debug_line    0x00002bcc      0x51c ./Core/Src/sysmem.o
 .debug_line    0x000030e8      0x718 ./Core/Src/system_stm32f1xx.o
 .debug_line    0x00003800      0x8f7 ./Core/Src/tim.o
 .debug_line    0x000040f7      0x7e8 ./Core/Src/usart.o
 .debug_line    0x000048df       0x78 ./Core/Startup/startup_stm32f103rbtx.o
 .debug_line    0x00004957      0x945 ./Drivers/STM32F1xx_HAL_Driver/Src/stm32f1xx_hal.o
 .debug_line    0x0000529c      0xb31 ./Drivers/STM32F1xx_HAL_Driver/Src/stm32f1xx_hal_cortex.o
 .debug_line    0x00005dcd      0xd9e ./Drivers/STM32F1xx_HAL_Driver/Src/stm32f1xx_hal_dma.o
 .debug_line    0x00006b6b      0x9de ./Drivers/STM32F1xx_HAL_Driver/Src/stm32f1xx_hal_gpio.o
 .debug_line    0x00007549      0xd4e ./Drivers/STM32F1xx_HAL_Driver/Src/stm32f1xx_hal_rcc.o
 .debug_line    0x00008297     0x346a ./Drivers/STM32F1xx_HAL_Driver/Src/stm32f1xx_hal_tim.o
 .debug_line    0x0000b701     0x1894 ./Drivers/STM32F1xx_HAL_Driver/Src/stm32f1xx_hal_tim_ex.o
 .debug_line    0x0000cf95     0x2824 ./Drivers/STM32F1xx_HAL_Driver/Src/stm32f1xx_hal_uart.o
 .debug_line    0x0000f7b9      0xba7 ./Middlewares/Third_Party/NimaLTD_Driver/WS28XX/ws28xx.o

.debug_str      0x00000000    0x8bb3c
 .debug_str     0x00000000    0x83a8d ./Core/Src/dma.o
                              0x83e47 (size before relaxing)
 .debug_str     0x00083a8d       0xc4 ./Core/Src/gpio.o
                              0x83ef0 (size before relaxing)
 .debug_str     0x00083b51     0x501d ./Core/Src/main.o
                              0x88c9f (size before relaxing)
 .debug_str     0x00088b6e       0x5a ./Core/Src/stm32f1xx_hal_msp.o
                              0x83b71 (size before relaxing)
 .debug_str     0x00088bc8      0x1b8 ./Core/Src/stm32f1xx_it.o
                              0x84098 (size before relaxing)
 .debug_str     0x00088d80      0x4dc ./Core/Src/sysmem.o
                               0x6086 (size before relaxing)
 .debug_str     0x0008925c       0x7e ./Core/Src/system_stm32f1xx.o
                              0x83727 (size before relaxing)
 .debug_str     0x000892da      0x20c ./Core/Src/tim.o
                              0x842ed (size before relaxing)
 .debug_str     0x000894e6       0x75 ./Core/Src/usart.o
                              0x84382 (size before relaxing)
 .debug_str     0x0008955b       0x44 ./Core/Startup/startup_stm32f103rbtx.o
                                 0x91 (size before relaxing)
 .debug_str     0x0008959f      0x378 ./Drivers/STM32F1xx_HAL_Driver/Src/stm32f1xx_hal.o
                              0x83e5a (size before relaxing)
 .debug_str     0x00089917      0x294 ./Drivers/STM32F1xx_HAL_Driver/Src/stm32f1xx_hal_cortex.o
                              0x83da6 (size before relaxing)
 .debug_str     0x00089bab      0x206 ./Drivers/STM32F1xx_HAL_Driver/Src/stm32f1xx_hal_dma.o
                              0x83ad0 (size before relaxing)
 .debug_str     0x00089db1      0x295 ./Drivers/STM32F1xx_HAL_Driver/Src/stm32f1xx_hal_gpio.o
                              0x83aad (size before relaxing)
 .debug_str     0x0008a046      0x229 ./Drivers/STM32F1xx_HAL_Driver/Src/stm32f1xx_hal_rcc.o
                              0x83b56 (size before relaxing)
 .debug_str     0x0008a26f      0xd54 ./Drivers/STM32F1xx_HAL_Driver/Src/stm32f1xx_hal_tim.o
                              0x84b58 (size before relaxing)
 .debug_str     0x0008afc3      0x493 ./Drivers/STM32F1xx_HAL_Driver/Src/stm32f1xx_hal_tim_ex.o
                              0x84364 (size before relaxing)
 .debug_str     0x0008b456      0x5c2 ./Drivers/STM32F1xx_HAL_Driver/Src/stm32f1xx_hal_uart.o
                              0x841c7 (size before relaxing)
 .debug_str     0x0008ba18      0x124 ./Middlewares/Third_Party/NimaLTD_Driver/WS28XX/ws28xx.o
                              0x87cc7 (size before relaxing)

.comment        0x00000000       0x43
 .comment       0x00000000       0x43 ./Core/Src/dma.o
                                 0x44 (size before relaxing)
 .comment       0x00000043       0x44 ./Core/Src/gpio.o
 .comment       0x00000043       0x44 ./Core/Src/main.o
 .comment       0x00000043       0x44 ./Core/Src/stm32f1xx_hal_msp.o
 .comment       0x00000043       0x44 ./Core/Src/stm32f1xx_it.o
 .comment       0x00000043       0x44 ./Core/Src/sysmem.o
 .comment       0x00000043       0x44 ./Core/Src/system_stm32f1xx.o
 .comment       0x00000043       0x44 ./Core/Src/tim.o
 .comment       0x00000043       0x44 ./Core/Src/usart.o
 .comment       0x00000043       0x44 ./Drivers/STM32F1xx_HAL_Driver/Src/stm32f1xx_hal.o
 .comment       0x00000043       0x44 ./Drivers/STM32F1xx_HAL_Driver/Src/stm32f1xx_hal_cortex.o
 .comment       0x00000043       0x44 ./Drivers/STM32F1xx_HAL_Driver/Src/stm32f1xx_hal_dma.o
 .comment       0x00000043       0x44 ./Drivers/STM32F1xx_HAL_Driver/Src/stm32f1xx_hal_gpio.o
 .comment       0x00000043       0x44 ./Drivers/STM32F1xx_HAL_Driver/Src/stm32f1xx_hal_rcc.o
 .comment       0x00000043       0x44 ./Drivers/STM32F1xx_HAL_Driver/Src/stm32f1xx_hal_tim.o
 .comment       0x00000043       0x44 ./Drivers/STM32F1xx_HAL_Driver/Src/stm32f1xx_hal_tim_ex.o
 .comment       0x00000043       0x44 ./Drivers/STM32F1xx_HAL_Driver/Src/stm32f1xx_hal_uart.o
 .comment       0x00000043       0x44 ./Middlewares/Third_Party/NimaLTD_Driver/WS28XX/ws28xx.o

.debug_frame    0x00000000     0x3ecc
 .debug_frame   0x00000000       0x34 ./Core/Src/dma.o
 .debug_frame   0x00000034       0x34 ./Core/Src/gpio.o
 .debug_frame   0x00000068      0x440 ./Core/Src/main.o
 .debug_frame   0x000004a8       0x38 ./Core/Src/stm32f1xx_hal_msp.o
 .debug_frame   0x000004e0      0x1c8 ./Core/Src/stm32f1xx_it.o
 .debug_frame   0x000006a8       0x34 ./Core/Src/sysmem.o
 .debug_frame   0x000006dc       0x58 ./Core/Src/system_stm32f1xx.o
 .debug_frame   0x00000734       0xe8 ./Core/Src/tim.o
 .debug_frame   0x0000081c       0xac ./Core/Src/usart.o
 .debug_frame   0x000008c8      0x334 ./Drivers/STM32F1xx_HAL_Driver/Src/stm32f1xx_hal.o
 .debug_frame   0x00000bfc      0x428 ./Drivers/STM32F1xx_HAL_Driver/Src/stm32f1xx_hal_cortex.o
 .debug_frame   0x00001024      0x208 ./Drivers/STM32F1xx_HAL_Driver/Src/stm32f1xx_hal_dma.o
 .debug_frame   0x0000122c      0x14c ./Drivers/STM32F1xx_HAL_Driver/Src/stm32f1xx_hal_gpio.o
 .debug_frame   0x00001378      0x218 ./Drivers/STM32F1xx_HAL_Driver/Src/stm32f1xx_hal_rcc.o
 .debug_frame   0x00001590     0x11b8 ./Drivers/STM32F1xx_HAL_Driver/Src/stm32f1xx_hal_tim.o
 .debug_frame   0x00002748      0x638 ./Drivers/STM32F1xx_HAL_Driver/Src/stm32f1xx_hal_tim_ex.o
 .debug_frame   0x00002d80      0x944 ./Drivers/STM32F1xx_HAL_Driver/Src/stm32f1xx_hal_uart.o
 .debug_frame   0x000036c4      0x194 ./Middlewares/Third_Party/NimaLTD_Driver/WS28XX/ws28xx.o
 .debug_frame   0x00003858       0x6c /Applications/STM32CubeIDE.app/Contents/Eclipse/plugins/com.st.stm32cube.ide.mcu.externaltools.gnu-tools-for-stm32.12.3.rel1.macos64_1.0.200.202406191456/tools/bin/../lib/gcc/arm-none-eabi/12.3.1/../../../../arm-none-eabi/lib/thumb/v7-m/nofp/libc_nano.a(libc_a-sprintf.o)
 .debug_frame   0x000038c4      0x144 /Applications/STM32CubeIDE.app/Contents/Eclipse/plugins/com.st.stm32cube.ide.mcu.externaltools.gnu-tools-for-stm32.12.3.rel1.macos64_1.0.200.202406191456/tools/bin/../lib/gcc/arm-none-eabi/12.3.1/../../../../arm-none-eabi/lib/thumb/v7-m/nofp/libc_nano.a(libc_a-findfp.o)
 .debug_frame   0x00003a08       0x20 /Applications/STM32CubeIDE.app/Contents/Eclipse/plugins/com.st.stm32cube.ide.mcu.externaltools.gnu-tools-for-stm32.12.3.rel1.macos64_1.0.200.202406191456/tools/bin/../lib/gcc/arm-none-eabi/12.3.1/../../../../arm-none-eabi/lib/thumb/v7-m/nofp/libc_nano.a(libc_a-memset.o)
 .debug_frame   0x00003a28       0x20 /Applications/STM32CubeIDE.app/Contents/Eclipse/plugins/com.st.stm32cube.ide.mcu.externaltools.gnu-tools-for-stm32.12.3.rel1.macos64_1.0.200.202406191456/tools/bin/../lib/gcc/arm-none-eabi/12.3.1/../../../../arm-none-eabi/lib/thumb/v7-m/nofp/libc_nano.a(libc_a-errno.o)
 .debug_frame   0x00003a48       0x2c /Applications/STM32CubeIDE.app/Contents/Eclipse/plugins/com.st.stm32cube.ide.mcu.externaltools.gnu-tools-for-stm32.12.3.rel1.macos64_1.0.200.202406191456/tools/bin/../lib/gcc/arm-none-eabi/12.3.1/../../../../arm-none-eabi/lib/thumb/v7-m/nofp/libc_nano.a(libc_a-init.o)
 .debug_frame   0x00003a74       0xb0 /Applications/STM32CubeIDE.app/Contents/Eclipse/plugins/com.st.stm32cube.ide.mcu.externaltools.gnu-tools-for-stm32.12.3.rel1.macos64_1.0.200.202406191456/tools/bin/../lib/gcc/arm-none-eabi/12.3.1/../../../../arm-none-eabi/lib/thumb/v7-m/nofp/libc_nano.a(libc_a-lock.o)
 .debug_frame   0x00003b24       0x20 /Applications/STM32CubeIDE.app/Contents/Eclipse/plugins/com.st.stm32cube.ide.mcu.externaltools.gnu-tools-for-stm32.12.3.rel1.macos64_1.0.200.202406191456/tools/bin/../lib/gcc/arm-none-eabi/12.3.1/../../../../arm-none-eabi/lib/thumb/v7-m/nofp/libc_nano.a(libc_a-strcmp.o)
 .debug_frame   0x00003b44       0x90 /Applications/STM32CubeIDE.app/Contents/Eclipse/plugins/com.st.stm32cube.ide.mcu.externaltools.gnu-tools-for-stm32.12.3.rel1.macos64_1.0.200.202406191456/tools/bin/../lib/gcc/arm-none-eabi/12.3.1/../../../../arm-none-eabi/lib/thumb/v7-m/nofp/libc_nano.a(libc_a-nano-svfprintf.o)
 .debug_frame   0x00003bd4       0x50 /Applications/STM32CubeIDE.app/Contents/Eclipse/plugins/com.st.stm32cube.ide.mcu.externaltools.gnu-tools-for-stm32.12.3.rel1.macos64_1.0.200.202406191456/tools/bin/../lib/gcc/arm-none-eabi/12.3.1/../../../../arm-none-eabi/lib/thumb/v7-m/nofp/libc_nano.a(libc_a-mallocr.o)
 .debug_frame   0x00003c24       0x60 /Applications/STM32CubeIDE.app/Contents/Eclipse/plugins/com.st.stm32cube.ide.mcu.externaltools.gnu-tools-for-stm32.12.3.rel1.macos64_1.0.200.202406191456/tools/bin/../lib/gcc/arm-none-eabi/12.3.1/../../../../arm-none-eabi/lib/thumb/v7-m/nofp/libc_nano.a(libc_a-nano-vfprintf_i.o)
 .debug_frame   0x00003c84       0x30 /Applications/STM32CubeIDE.app/Contents/Eclipse/plugins/com.st.stm32cube.ide.mcu.externaltools.gnu-tools-for-stm32.12.3.rel1.macos64_1.0.200.202406191456/tools/bin/../lib/gcc/arm-none-eabi/12.3.1/../../../../arm-none-eabi/lib/thumb/v7-m/nofp/libc_nano.a(libc_a-mlock.o)
 .debug_frame   0x00003cb4       0x3c /Applications/STM32CubeIDE.app/Contents/Eclipse/plugins/com.st.stm32cube.ide.mcu.externaltools.gnu-tools-for-stm32.12.3.rel1.macos64_1.0.200.202406191456/tools/bin/../lib/gcc/arm-none-eabi/12.3.1/../../../../arm-none-eabi/lib/thumb/v7-m/nofp/libc_nano.a(libc_a-reallocr.o)
 .debug_frame   0x00003cf0       0x28 /Applications/STM32CubeIDE.app/Contents/Eclipse/plugins/com.st.stm32cube.ide.mcu.externaltools.gnu-tools-for-stm32.12.3.rel1.macos64_1.0.200.202406191456/tools/bin/../lib/gcc/arm-none-eabi/12.3.1/../../../../arm-none-eabi/lib/thumb/v7-m/nofp/libc_nano.a(libc_a-memmove.o)
 .debug_frame   0x00003d18       0x38 /Applications/STM32CubeIDE.app/Contents/Eclipse/plugins/com.st.stm32cube.ide.mcu.externaltools.gnu-tools-for-stm32.12.3.rel1.macos64_1.0.200.202406191456/tools/bin/../lib/gcc/arm-none-eabi/12.3.1/../../../../arm-none-eabi/lib/thumb/v7-m/nofp/libc_nano.a(libc_a-reent.o)
 .debug_frame   0x00003d50       0x2c /Applications/STM32CubeIDE.app/Contents/Eclipse/plugins/com.st.stm32cube.ide.mcu.externaltools.gnu-tools-for-stm32.12.3.rel1.macos64_1.0.200.202406191456/tools/bin/../lib/gcc/arm-none-eabi/12.3.1/../../../../arm-none-eabi/lib/thumb/v7-m/nofp/libc_nano.a(libc_a-sbrkr.o)
 .debug_frame   0x00003d7c       0x28 /Applications/STM32CubeIDE.app/Contents/Eclipse/plugins/com.st.stm32cube.ide.mcu.externaltools.gnu-tools-for-stm32.12.3.rel1.macos64_1.0.200.202406191456/tools/bin/../lib/gcc/arm-none-eabi/12.3.1/../../../../arm-none-eabi/lib/thumb/v7-m/nofp/libc_nano.a(libc_a-memchr-stub.o)
 .debug_frame   0x00003da4       0x28 /Applications/STM32CubeIDE.app/Contents/Eclipse/plugins/com.st.stm32cube.ide.mcu.externaltools.gnu-tools-for-stm32.12.3.rel1.macos64_1.0.200.202406191456/tools/bin/../lib/gcc/arm-none-eabi/12.3.1/../../../../arm-none-eabi/lib/thumb/v7-m/nofp/libc_nano.a(libc_a-memcpy-stub.o)
 .debug_frame   0x00003dcc       0x38 /Applications/STM32CubeIDE.app/Contents/Eclipse/plugins/com.st.stm32cube.ide.mcu.externaltools.gnu-tools-for-stm32.12.3.rel1.macos64_1.0.200.202406191456/tools/bin/../lib/gcc/arm-none-eabi/12.3.1/../../../../arm-none-eabi/lib/thumb/v7-m/nofp/libc_nano.a(libc_a-freer.o)
 .debug_frame   0x00003e04       0x20 /Applications/STM32CubeIDE.app/Contents/Eclipse/plugins/com.st.stm32cube.ide.mcu.externaltools.gnu-tools-for-stm32.12.3.rel1.macos64_1.0.200.202406191456/tools/bin/../lib/gcc/arm-none-eabi/12.3.1/../../../../arm-none-eabi/lib/thumb/v7-m/nofp/libc_nano.a(libc_a-msizer.o)
 .debug_frame   0x00003e24       0x4c /Applications/STM32CubeIDE.app/Contents/Eclipse/plugins/com.st.stm32cube.ide.mcu.externaltools.gnu-tools-for-stm32.12.3.rel1.macos64_1.0.200.202406191456/tools/bin/../lib/gcc/arm-none-eabi/12.3.1/thumb/v7-m/nofp/libgcc.a(_arm_addsubsf3.o)
 .debug_frame   0x00003e70       0x38 /Applications/STM32CubeIDE.app/Contents/Eclipse/plugins/com.st.stm32cube.ide.mcu.externaltools.gnu-tools-for-stm32.12.3.rel1.macos64_1.0.200.202406191456/tools/bin/../lib/gcc/arm-none-eabi/12.3.1/thumb/v7-m/nofp/libgcc.a(_arm_muldivsf3.o)
 .debug_frame   0x00003ea8       0x24 /Applications/STM32CubeIDE.app/Contents/Eclipse/plugins/com.st.stm32cube.ide.mcu.externaltools.gnu-tools-for-stm32.12.3.rel1.macos64_1.0.200.202406191456/tools/bin/../lib/gcc/arm-none-eabi/12.3.1/thumb/v7-m/nofp/libgcc.a(_arm_fixunssfsi.o)

.debug_line_str
                0x00000000       0x75
 .debug_line_str
                0x00000000       0x75 ./Core/Startup/startup_stm32f103rbtx.o