../Core/Src/main.c:105:5:Get_LED_Index	16	static
../Core/Src/main.c:114:6:Draw_Arrow	32	static
../Core/Src/main.c:124:6:Clear_Arrow	24	static
../Core/Src/main.c:136:6:Shift_Arrow	16	static
../Core/Src/main.c:146:6:Draw_Strips	32	static
../Core/Src/main.c:157:6:Draw_Cross	32	static
../Core/Src/main.c:165:6:Clear_Cross	24	static
../Core/Src/main.c:173:6:Arrow_Animation	16	static
../Core/Src/main.c:200:6:Cross_Animation	16	static
../Core/Src/main.c:238:6:limit_switch	8	static
../Core/Src/main.c:254:6:Speed_Control	16	static
../Core/Src/main.c:259:6:Direction	16	static
../Core/Src/main.c:274:6:HAL_GPIO_EXTI_Callback	16	static
../Core/Src/main.c:282:6:encoder	8	static
../Core/Src/main.c:293:6:quarter_cycle_open	16	static
../Core/Src/main.c:304:6:quarter_cycle_closed	16	static
../Core/Src/main.c:322:6:ready_state	8	static
../Core/Src/main.c:341:6:reading_state	8	static
../Core/Src/main.c:359:6:open_state	8	static
../Core/Src/main.c:406:6:closed_state	8	static
../Core/Src/main.c:429:6:overcapacity_state	4	static
../Core/Src/main.c:433:6:sleep_state	4	static
../Core/Src/main.c:437:6:emergency_state	4	static
../Core/Src/main.c:446:5:main	16	static
../Core/Src/main.c:523:6:SystemClock_Config	72	static
../Core/Src/main.c:560:6:HAL_UART_RxCpltCallback	24	static
../Core/Src/main.c:613:6:Error_Handler	4	static,ignoring_inline_asm
