../Core/Src/main.c:107:5:Get_LED_Index	16	static
../Core/Src/main.c:116:6:Draw_Arrow	32	static
../Core/Src/main.c:126:6:Clear_Arrow	24	static
../Core/Src/main.c:138:6:Shift_Arrow	16	static
../Core/Src/main.c:148:6:Draw_Strips	32	static
../Core/Src/main.c:159:6:Draw_Cross	32	static
../Core/Src/main.c:167:6:Clear_Cross	24	static
../Core/Src/main.c:175:6:Arrow_Animation	16	static
../Core/Src/main.c:202:6:Cross_Animation	16	static
../Core/Src/main.c:240:6:limit_switch	8	static
../Core/Src/main.c:256:6:Speed_Control	16	static
../Core/Src/main.c:261:6:Direction	16	static
../Core/Src/main.c:276:6:encoder	8	static
../Core/Src/main.c:287:6:HAL_GPIO_EXTI_Callback	16	static
../Core/Src/main.c:295:6:quarter_cycle_open	16	static
../Core/Src/main.c:306:6:quarter_cycle_closed	16	static
../Core/Src/main.c:327:6:ready_state	8	static
../Core/Src/main.c:346:6:reading_state	8	static
../Core/Src/main.c:370:6:open_state	8	static
../Core/Src/main.c:377:6:closed_state	8	static
../Core/Src/main.c:400:6:overcapacity_state	4	static
../Core/Src/main.c:404:6:sleep_state	4	static
../Core/Src/main.c:408:6:emergency_state	4	static
../Core/Src/main.c:417:5:main	16	static
../Core/Src/main.c:499:6:SystemClock_Config	72	static
../Core/Src/main.c:536:6:HAL_UART_RxCpltCallback	24	static
../Core/Src/main.c:591:6:Error_Handler	4	static,ignoring_inline_asm
