../Core/Src/main.c:120:6:Draw_Arrow	32	static
../Core/Src/main.c:127:6:Clear_Arrow	24	static
../Core/Src/main.c:135:6:Shift_Arrow_FirstStrip	24	static
../Core/Src/main.c:145:6:Shift_Arrow_SecondStrip	24	static
../Core/Src/main.c:155:6:Draw_Cross	32	static
../Core/Src/main.c:164:6:Clear_Cross	32	static
../Core/Src/main.c:174:6:Clear_All_Animations	16	static
../Core/Src/main.c:182:6:Animation_Mode_1	24	static
../Core/Src/main.c:197:6:Animation_Mode_2	24	static
../Core/Src/main.c:213:6:Animation_Mode_3	16	static
../Core/Src/main.c:224:6:Animation_Mode_4	24	static
../Core/Src/main.c:236:5:CheckObjectDetection	8	static
../Core/Src/main.c:277:6:Speed_Control	16	static
../Core/Src/main.c:282:6:Direction	16	static
../Core/Src/main.c:297:6:encoder	8	static
../Core/Src/main.c:307:6:HAL_GPIO_EXTI_Callback	16	static
../Core/Src/main.c:360:6:quarter_cycle_open	16	static
../Core/Src/main.c:371:6:quarter_cycle_closed	16	static
../Core/Src/main.c:382:6:centre_align	8	static
../Core/Src/main.c:391:6:ready_state	8	static
../Core/Src/main.c:404:6:reading_state	8	static
../Core/Src/main.c:436:6:open_state	16	static
../Core/Src/main.c:469:6:closed_state	16	static
../Core/Src/main.c:482:6:overcapacity_state	8	static
../Core/Src/main.c:488:6:sleep_state	8	static
../Core/Src/main.c:493:6:emergency_state	8	static
../Core/Src/main.c:505:5:main	16	static
../Core/Src/main.c:595:6:SystemClock_Config	72	static
../Core/Src/main.c:632:6:HAL_UART_RxCpltCallback	24	static
../Core/Src/main.c:683:6:Error_Handler	4	static,ignoring_inline_asm
