../Core/Src/main.c:92:6:Speed_Control	16	static
../Core/Src/main.c:97:6:Direction	16	static
../Core/Src/main.c:112:6:encoder	8	static
../Core/Src/main.c:122:6:HAL_GPIO_EXTI_Callback	16	static
../Core/Src/main.c:155:6:quarter_cycle_open	16	static
../Core/Src/main.c:166:6:quarter_cycle_closed	16	static
../Core/Src/main.c:181:6:ready_state	4	static
../Core/Src/main.c:189:6:reading_state	8	static
../Core/Src/main.c:221:6:open_state	8	static
../Core/Src/main.c:230:6:closed_state	8	static
../Core/Src/main.c:237:6:overcapacity_state	4	static
../Core/Src/main.c:241:6:sleep_state	4	static
../Core/Src/main.c:245:6:emergency_state	4	static
../Core/Src/main.c:254:5:main	16	static
../Core/Src/main.c:343:6:SystemClock_Config	72	static
../Core/Src/main.c:380:6:HAL_UART_RxCpltCallback	24	static
../Core/Src/main.c:432:6:Error_Handler	4	static,ignoring_inline_asm
