../Core/Src/main.c:67:5:Get_LED_Index	16	static
../Core/Src/main.c:76:6:Draw_Arrow	32	static
../Core/Src/main.c:86:6:Clear_Arrow	24	static
../Core/Src/main.c:96:6:Shift_Arrow	16	static
../Core/Src/main.c:106:6:Draw_Strips	32	static
../Core/Src/main.c:117:6:Draw_Cross	32	static
../Core/Src/main.c:125:6:Clear_Cross	24	static
../Core/Src/main.c:133:6:Arrow_Animation	8	static
../Core/Src/main.c:145:6:Cross_Animation	8	static
../Core/Src/main.c:165:5:main	16	static
../Core/Src/main.c:214:6:SystemClock_Config	72	static
../Core/Src/main.c:257:6:Error_Handler	4	static,ignoring_inline_asm
