12:19:48 **** Incremental Build of configuration Debug for project turnstile_stm_program ****
make -j7 all 
arm-none-eabi-size  turnstile_stm_program.elf 
   text	   data	    bss	    dec	    hex	filename
  25012	   1008	  18056	  44076	   ac2c	turnstile_stm_program.elf
Finished building: default.size.stdout
 
12:19:58 **** Incremental Build of configuration Debug for project turnstile_stm_program ****
make -j7 all 
arm-none-eabi-size  turnstile_stm_program.elf 
   text	   data	    bss	    dec	    hex	filename
  25012	   1008	  18056	  44076	   ac2c	turnstile_stm_program.elf
Finished building: default.size.stdout
 
12:20:58 **** Incremental Build of configuration Debug for project turnstile_stm_program ****
make -j7 all 
arm-none-eabi-size  turnstile_stm_program.elf 
   text	   data	    bss	    dec	    hex	filename
  25012	   1008	  18056	  44076	   ac2c	turnstile_stm_program.elf
Finished building: default.size.stdout
 
