18:14:03 **** Incremental Build of configuration Debug for project motor_control ****
make -j7 all 
arm-none-eabi-gcc "/var/root/STM32Cube/Repository/STM32Cube_FW_F4_V1.28.1/Drivers/STM32F4xx_HAL_Driver/Src/stm32f4xx_hal.c" -mcpu=cortex-m4 -std=gnu11 -g3 -DDEBUG -DUSE_HAL_DRIVER -DSTM32F446xx -c -I../Core/Inc -I/var/root/STM32Cube/Repository/STM32Cube_FW_F4_V1.28.1/Drivers/STM32F4xx_HAL_Driver/Inc -I/var/root/STM32Cube/Repository/STM32Cube_FW_F4_V1.28.1/Drivers/STM32F4xx_HAL_Driver/Inc/Legacy -I/var/root/STM32Cube/Repository/STM32Cube_FW_F4_V1.28.1/Drivers/CMSIS/Device/ST/STM32F4xx/Include -I/var/root/STM32Cube/Repository/STM32Cube_FW_F4_V1.28.1/Drivers/CMSIS/Include -O0 -ffunction-sections -fdata-sections -Wall -fstack-usage -fcyclomatic-complexity -MMD -MP -MF"Drivers/STM32F4xx_HAL_Driver/stm32f4xx_hal.d" -MT"Drivers/STM32F4xx_HAL_Driver/stm32f4xx_hal.o" --specs=nano.specs -mfpu=fpv4-sp-d16 -mfloat-abi=hard -mthumb -o "Drivers/STM32F4xx_HAL_Driver/stm32f4xx_hal.o"
arm-none-eabi-gcc "/var/root/STM32Cube/Repository/STM32Cube_FW_F4_V1.28.1/Drivers/STM32F4xx_HAL_Driver/Src/stm32f4xx_hal_cortex.c" -mcpu=cortex-m4 -std=gnu11 -g3 -DDEBUG -DUSE_HAL_DRIVER -DSTM32F446xx -c -I../Core/Inc -I/var/root/STM32Cube/Repository/STM32Cube_FW_F4_V1.28.1/Drivers/STM32F4xx_HAL_Driver/Inc -I/var/root/STM32Cube/Repository/STM32Cube_FW_F4_V1.28.1/Drivers/STM32F4xx_HAL_Driver/Inc/Legacy -I/var/root/STM32Cube/Repository/STM32Cube_FW_F4_V1.28.1/Drivers/CMSIS/Device/ST/STM32F4xx/Include -I/var/root/STM32Cube/Repository/STM32Cube_FW_F4_V1.28.1/Drivers/CMSIS/Include -O0 -ffunction-sections -fdata-sections -Wall -fstack-usage -fcyclomatic-complexity -MMD -MP -MF"Drivers/STM32F4xx_HAL_Driver/stm32f4xx_hal_cortex.d" -MT"Drivers/STM32F4xx_HAL_Driver/stm32f4xx_hal_cortex.o" --specs=nano.specs -mfpu=fpv4-sp-d16 -mfloat-abi=hard -mthumb -o "Drivers/STM32F4xx_HAL_Driver/stm32f4xx_hal_cortex.o"
arm-none-eabi-gcc "/var/root/STM32Cube/Repository/STM32Cube_FW_F4_V1.28.1/Drivers/STM32F4xx_HAL_Driver/Src/stm32f4xx_hal_dma.c" -mcpu=cortex-m4 -std=gnu11 -g3 -DDEBUG -DUSE_HAL_DRIVER -DSTM32F446xx -c -I../Core/Inc -I/var/root/STM32Cube/Repository/STM32Cube_FW_F4_V1.28.1/Drivers/STM32F4xx_HAL_Driver/Inc -I/var/root/STM32Cube/Repository/STM32Cube_FW_F4_V1.28.1/Drivers/STM32F4xx_HAL_Driver/Inc/Legacy -I/var/root/STM32Cube/Repository/STM32Cube_FW_F4_V1.28.1/Drivers/CMSIS/Device/ST/STM32F4xx/Include -I/var/root/STM32Cube/Repository/STM32Cube_FW_F4_V1.28.1/Drivers/CMSIS/Include -O0 -ffunction-sections -fdata-sections -Wall -fstack-usage -fcyclomatic-complexity -MMD -MP -MF"Drivers/STM32F4xx_HAL_Driver/stm32f4xx_hal_dma.d" -MT"Drivers/STM32F4xx_HAL_Driver/stm32f4xx_hal_dma.o" --specs=nano.specs -mfpu=fpv4-sp-d16 -mfloat-abi=hard -mthumb -o "Drivers/STM32F4xx_HAL_Driver/stm32f4xx_hal_dma.o"
arm-none-eabi-gcc "/var/root/STM32Cube/Repository/STM32Cube_FW_F4_V1.28.1/Drivers/STM32F4xx_HAL_Driver/Src/stm32f4xx_hal_dma_ex.c" -mcpu=cortex-m4 -std=gnu11 -g3 -DDEBUG -DUSE_HAL_DRIVER -DSTM32F446xx -c -I../Core/Inc -I/var/root/STM32Cube/Repository/STM32Cube_FW_F4_V1.28.1/Drivers/STM32F4xx_HAL_Driver/Inc -I/var/root/STM32Cube/Repository/STM32Cube_FW_F4_V1.28.1/Drivers/STM32F4xx_HAL_Driver/Inc/Legacy -I/var/root/STM32Cube/Repository/STM32Cube_FW_F4_V1.28.1/Drivers/CMSIS/Device/ST/STM32F4xx/Include -I/var/root/STM32Cube/Repository/STM32Cube_FW_F4_V1.28.1/Drivers/CMSIS/Include -O0 -ffunction-sections -fdata-sections -Wall -fstack-usage -fcyclomatic-complexity -MMD -MP -MF"Drivers/STM32F4xx_HAL_Driver/stm32f4xx_hal_dma_ex.d" -MT"Drivers/STM32F4xx_HAL_Driver/stm32f4xx_hal_dma_ex.o" --specs=nano.specs -mfpu=fpv4-sp-d16 -mfloat-abi=hard -mthumb -o "Drivers/STM32F4xx_HAL_Driver/stm32f4xx_hal_dma_ex.o"
arm-none-eabi-gcc "/var/root/STM32Cube/Repository/STM32Cube_FW_F4_V1.28.1/Drivers/STM32F4xx_HAL_Driver/Src/stm32f4xx_hal_exti.c" -mcpu=cortex-m4 -std=gnu11 -g3 -DDEBUG -DUSE_HAL_DRIVER -DSTM32F446xx -c -I../Core/Inc -I/var/root/STM32Cube/Repository/STM32Cube_FW_F4_V1.28.1/Drivers/STM32F4xx_HAL_Driver/Inc -I/var/root/STM32Cube/Repository/STM32Cube_FW_F4_V1.28.1/Drivers/STM32F4xx_HAL_Driver/Inc/Legacy -I/var/root/STM32Cube/Repository/STM32Cube_FW_F4_V1.28.1/Drivers/CMSIS/Device/ST/STM32F4xx/Include -I/var/root/STM32Cube/Repository/STM32Cube_FW_F4_V1.28.1/Drivers/CMSIS/Include -O0 -ffunction-sections -fdata-sections -Wall -fstack-usage -fcyclomatic-complexity -MMD -MP -MF"Drivers/STM32F4xx_HAL_Driver/stm32f4xx_hal_exti.d" -MT"Drivers/STM32F4xx_HAL_Driver/stm32f4xx_hal_exti.o" --specs=nano.specs -mfpu=fpv4-sp-d16 -mfloat-abi=hard -mthumb -o "Drivers/STM32F4xx_HAL_Driver/stm32f4xx_hal_exti.o"
arm-none-eabi-gcc "/var/root/STM32Cube/Repository/STM32Cube_FW_F4_V1.28.1/Drivers/STM32F4xx_HAL_Driver/Src/stm32f4xx_hal_flash.c" -mcpu=cortex-m4 -std=gnu11 -g3 -DDEBUG -DUSE_HAL_DRIVER -DSTM32F446xx -c -I../Core/Inc -I/var/root/STM32Cube/Repository/STM32Cube_FW_F4_V1.28.1/Drivers/STM32F4xx_HAL_Driver/Inc -I/var/root/STM32Cube/Repository/STM32Cube_FW_F4_V1.28.1/Drivers/STM32F4xx_HAL_Driver/Inc/Legacy -I/var/root/STM32Cube/Repository/STM32Cube_FW_F4_V1.28.1/Drivers/CMSIS/Device/ST/STM32F4xx/Include -I/var/root/STM32Cube/Repository/STM32Cube_FW_F4_V1.28.1/Drivers/CMSIS/Include -O0 -ffunction-sections -fdata-sections -Wall -fstack-usage -fcyclomatic-complexity -MMD -MP -MF"Drivers/STM32F4xx_HAL_Driver/stm32f4xx_hal_flash.d" -MT"Drivers/STM32F4xx_HAL_Driver/stm32f4xx_hal_flash.o" --specs=nano.specs -mfpu=fpv4-sp-d16 -mfloat-abi=hard -mthumb -o "Drivers/STM32F4xx_HAL_Driver/stm32f4xx_hal_flash.o"
arm-none-eabi-gcc "/var/root/STM32Cube/Repository/STM32Cube_FW_F4_V1.28.1/Drivers/STM32F4xx_HAL_Driver/Src/stm32f4xx_hal_flash_ex.c" -mcpu=cortex-m4 -std=gnu11 -g3 -DDEBUG -DUSE_HAL_DRIVER -DSTM32F446xx -c -I../Core/Inc -I/var/root/STM32Cube/Repository/STM32Cube_FW_F4_V1.28.1/Drivers/STM32F4xx_HAL_Driver/Inc -I/var/root/STM32Cube/Repository/STM32Cube_FW_F4_V1.28.1/Drivers/STM32F4xx_HAL_Driver/Inc/Legacy -I/var/root/STM32Cube/Repository/STM32Cube_FW_F4_V1.28.1/Drivers/CMSIS/Device/ST/STM32F4xx/Include -I/var/root/STM32Cube/Repository/STM32Cube_FW_F4_V1.28.1/Drivers/CMSIS/Include -O0 -ffunction-sections -fdata-sections -Wall -fstack-usage -fcyclomatic-complexity -MMD -MP -MF"Drivers/STM32F4xx_HAL_Driver/stm32f4xx_hal_flash_ex.d" -MT"Drivers/STM32F4xx_HAL_Driver/stm32f4xx_hal_flash_ex.o" --specs=nano.specs -mfpu=fpv4-sp-d16 -mfloat-abi=hard -mthumb -o "Drivers/STM32F4xx_HAL_Driver/stm32f4xx_hal_flash_ex.o"
arm-none-eabi-gcc "/var/root/STM32Cube/Repository/STM32Cube_FW_F4_V1.28.1/Drivers/STM32F4xx_HAL_Driver/Src/stm32f4xx_hal_flash_ramfunc.c" -mcpu=cortex-m4 -std=gnu11 -g3 -DDEBUG -DUSE_HAL_DRIVER -DSTM32F446xx -c -I../Core/Inc -I/var/root/STM32Cube/Repository/STM32Cube_FW_F4_V1.28.1/Drivers/STM32F4xx_HAL_Driver/Inc -I/var/root/STM32Cube/Repository/STM32Cube_FW_F4_V1.28.1/Drivers/STM32F4xx_HAL_Driver/Inc/Legacy -I/var/root/STM32Cube/Repository/STM32Cube_FW_F4_V1.28.1/Drivers/CMSIS/Device/ST/STM32F4xx/Include -I/var/root/STM32Cube/Repository/STM32Cube_FW_F4_V1.28.1/Drivers/CMSIS/Include -O0 -ffunction-sections -fdata-sections -Wall -fstack-usage -fcyclomatic-complexity -MMD -MP -MF"Drivers/STM32F4xx_HAL_Driver/stm32f4xx_hal_flash_ramfunc.d" -MT"Drivers/STM32F4xx_HAL_Driver/stm32f4xx_hal_flash_ramfunc.o" --specs=nano.specs -mfpu=fpv4-sp-d16 -mfloat-abi=hard -mthumb -o "Drivers/STM32F4xx_HAL_Driver/stm32f4xx_hal_flash_ramfunc.o"
arm-none-eabi-gcc "/var/root/STM32Cube/Repository/STM32Cube_FW_F4_V1.28.1/Drivers/STM32F4xx_HAL_Driver/Src/stm32f4xx_hal_gpio.c" -mcpu=cortex-m4 -std=gnu11 -g3 -DDEBUG -DUSE_HAL_DRIVER -DSTM32F446xx -c -I../Core/Inc -I/var/root/STM32Cube/Repository/STM32Cube_FW_F4_V1.28.1/Drivers/STM32F4xx_HAL_Driver/Inc -I/var/root/STM32Cube/Repository/STM32Cube_FW_F4_V1.28.1/Drivers/STM32F4xx_HAL_Driver/Inc/Legacy -I/var/root/STM32Cube/Repository/STM32Cube_FW_F4_V1.28.1/Drivers/CMSIS/Device/ST/STM32F4xx/Include -I/var/root/STM32Cube/Repository/STM32Cube_FW_F4_V1.28.1/Drivers/CMSIS/Include -O0 -ffunction-sections -fdata-sections -Wall -fstack-usage -fcyclomatic-complexity -MMD -MP -MF"Drivers/STM32F4xx_HAL_Driver/stm32f4xx_hal_gpio.d" -MT"Drivers/STM32F4xx_HAL_Driver/stm32f4xx_hal_gpio.o" --specs=nano.specs -mfpu=fpv4-sp-d16 -mfloat-abi=hard -mthumb -o "Drivers/STM32F4xx_HAL_Driver/stm32f4xx_hal_gpio.o"
arm-none-eabi-gcc "/var/root/STM32Cube/Repository/STM32Cube_FW_F4_V1.28.1/Drivers/STM32F4xx_HAL_Driver/Src/stm32f4xx_hal_pcd.c" -mcpu=cortex-m4 -std=gnu11 -g3 -DDEBUG -DUSE_HAL_DRIVER -DSTM32F446xx -c -I../Core/Inc -I/var/root/STM32Cube/Repository/STM32Cube_FW_F4_V1.28.1/Drivers/STM32F4xx_HAL_Driver/Inc -I/var/root/STM32Cube/Repository/STM32Cube_FW_F4_V1.28.1/Drivers/STM32F4xx_HAL_Driver/Inc/Legacy -I/var/root/STM32Cube/Repository/STM32Cube_FW_F4_V1.28.1/Drivers/CMSIS/Device/ST/STM32F4xx/Include -I/var/root/STM32Cube/Repository/STM32Cube_FW_F4_V1.28.1/Drivers/CMSIS/Include -O0 -ffunction-sections -fdata-sections -Wall -fstack-usage -fcyclomatic-complexity -MMD -MP -MF"Drivers/STM32F4xx_HAL_Driver/stm32f4xx_hal_pcd.d" -MT"Drivers/STM32F4xx_HAL_Driver/stm32f4xx_hal_pcd.o" --specs=nano.specs -mfpu=fpv4-sp-d16 -mfloat-abi=hard -mthumb -o "Drivers/STM32F4xx_HAL_Driver/stm32f4xx_hal_pcd.o"
arm-none-eabi-gcc "/var/root/STM32Cube/Repository/STM32Cube_FW_F4_V1.28.1/Drivers/STM32F4xx_HAL_Driver/Src/stm32f4xx_hal_pcd_ex.c" -mcpu=cortex-m4 -std=gnu11 -g3 -DDEBUG -DUSE_HAL_DRIVER -DSTM32F446xx -c -I../Core/Inc -I/var/root/STM32Cube/Repository/STM32Cube_FW_F4_V1.28.1/Drivers/STM32F4xx_HAL_Driver/Inc -I/var/root/STM32Cube/Repository/STM32Cube_FW_F4_V1.28.1/Drivers/STM32F4xx_HAL_Driver/Inc/Legacy -I/var/root/STM32Cube/Repository/STM32Cube_FW_F4_V1.28.1/Drivers/CMSIS/Device/ST/STM32F4xx/Include -I/var/root/STM32Cube/Repository/STM32Cube_FW_F4_V1.28.1/Drivers/CMSIS/Include -O0 -ffunction-sections -fdata-sections -Wall -fstack-usage -fcyclomatic-complexity -MMD -MP -MF"Drivers/STM32F4xx_HAL_Driver/stm32f4xx_hal_pcd_ex.d" -MT"Drivers/STM32F4xx_HAL_Driver/stm32f4xx_hal_pcd_ex.o" --specs=nano.specs -mfpu=fpv4-sp-d16 -mfloat-abi=hard -mthumb -o "Drivers/STM32F4xx_HAL_Driver/stm32f4xx_hal_pcd_ex.o"
arm-none-eabi-gcc "/var/root/STM32Cube/Repository/STM32Cube_FW_F4_V1.28.1/Drivers/STM32F4xx_HAL_Driver/Src/stm32f4xx_hal_pwr.c" -mcpu=cortex-m4 -std=gnu11 -g3 -DDEBUG -DUSE_HAL_DRIVER -DSTM32F446xx -c -I../Core/Inc -I/var/root/STM32Cube/Repository/STM32Cube_FW_F4_V1.28.1/Drivers/STM32F4xx_HAL_Driver/Inc -I/var/root/STM32Cube/Repository/STM32Cube_FW_F4_V1.28.1/Drivers/STM32F4xx_HAL_Driver/Inc/Legacy -I/var/root/STM32Cube/Repository/STM32Cube_FW_F4_V1.28.1/Drivers/CMSIS/Device/ST/STM32F4xx/Include -I/var/root/STM32Cube/Repository/STM32Cube_FW_F4_V1.28.1/Drivers/CMSIS/Include -O0 -ffunction-sections -fdata-sections -Wall -fstack-usage -fcyclomatic-complexity -MMD -MP -MF"Drivers/STM32F4xx_HAL_Driver/stm32f4xx_hal_pwr.d" -MT"Drivers/STM32F4xx_HAL_Driver/stm32f4xx_hal_pwr.o" --specs=nano.specs -mfpu=fpv4-sp-d16 -mfloat-abi=hard -mthumb -o "Drivers/STM32F4xx_HAL_Driver/stm32f4xx_hal_pwr.o"
arm-none-eabi-gcc "/var/root/STM32Cube/Repository/STM32Cube_FW_F4_V1.28.1/Drivers/STM32F4xx_HAL_Driver/Src/stm32f4xx_hal_pwr_ex.c" -mcpu=cortex-m4 -std=gnu11 -g3 -DDEBUG -DUSE_HAL_DRIVER -DSTM32F446xx -c -I../Core/Inc -I/var/root/STM32Cube/Repository/STM32Cube_FW_F4_V1.28.1/Drivers/STM32F4xx_HAL_Driver/Inc -I/var/root/STM32Cube/Repository/STM32Cube_FW_F4_V1.28.1/Drivers/STM32F4xx_HAL_Driver/Inc/Legacy -I/var/root/STM32Cube/Repository/STM32Cube_FW_F4_V1.28.1/Drivers/CMSIS/Device/ST/STM32F4xx/Include -I/var/root/STM32Cube/Repository/STM32Cube_FW_F4_V1.28.1/Drivers/CMSIS/Include -O0 -ffunction-sections -fdata-sections -Wall -fstack-usage -fcyclomatic-complexity -MMD -MP -MF"Drivers/STM32F4xx_HAL_Driver/stm32f4xx_hal_pwr_ex.d" -MT"Drivers/STM32F4xx_HAL_Driver/stm32f4xx_hal_pwr_ex.o" --specs=nano.specs -mfpu=fpv4-sp-d16 -mfloat-abi=hard -mthumb -o "Drivers/STM32F4xx_HAL_Driver/stm32f4xx_hal_pwr_ex.o"
arm-none-eabi-gcc "/var/root/STM32Cube/Repository/STM32Cube_FW_F4_V1.28.1/Drivers/STM32F4xx_HAL_Driver/Src/stm32f4xx_hal_rcc.c" -mcpu=cortex-m4 -std=gnu11 -g3 -DDEBUG -DUSE_HAL_DRIVER -DSTM32F446xx -c -I../Core/Inc -I/var/root/STM32Cube/Repository/STM32Cube_FW_F4_V1.28.1/Drivers/STM32F4xx_HAL_Driver/Inc -I/var/root/STM32Cube/Repository/STM32Cube_FW_F4_V1.28.1/Drivers/STM32F4xx_HAL_Driver/Inc/Legacy -I/var/root/STM32Cube/Repository/STM32Cube_FW_F4_V1.28.1/Drivers/CMSIS/Device/ST/STM32F4xx/Include -I/var/root/STM32Cube/Repository/STM32Cube_FW_F4_V1.28.1/Drivers/CMSIS/Include -O0 -ffunction-sections -fdata-sections -Wall -fstack-usage -fcyclomatic-complexity -MMD -MP -MF"Drivers/STM32F4xx_HAL_Driver/stm32f4xx_hal_rcc.d" -MT"Drivers/STM32F4xx_HAL_Driver/stm32f4xx_hal_rcc.o" --specs=nano.specs -mfpu=fpv4-sp-d16 -mfloat-abi=hard -mthumb -o "Drivers/STM32F4xx_HAL_Driver/stm32f4xx_hal_rcc.o"
arm-none-eabi-gcc "/var/root/STM32Cube/Repository/STM32Cube_FW_F4_V1.28.1/Drivers/STM32F4xx_HAL_Driver/Src/stm32f4xx_hal_rcc_ex.c" -mcpu=cortex-m4 -std=gnu11 -g3 -DDEBUG -DUSE_HAL_DRIVER -DSTM32F446xx -c -I../Core/Inc -I/var/root/STM32Cube/Repository/STM32Cube_FW_F4_V1.28.1/Drivers/STM32F4xx_HAL_Driver/Inc -I/var/root/STM32Cube/Repository/STM32Cube_FW_F4_V1.28.1/Drivers/STM32F4xx_HAL_Driver/Inc/Legacy -I/var/root/STM32Cube/Repository/STM32Cube_FW_F4_V1.28.1/Drivers/CMSIS/Device/ST/STM32F4xx/Include -I/var/root/STM32Cube/Repository/STM32Cube_FW_F4_V1.28.1/Drivers/CMSIS/Include -O0 -ffunction-sections -fdata-sections -Wall -fstack-usage -fcyclomatic-complexity -MMD -MP -MF"Drivers/STM32F4xx_HAL_Driver/stm32f4xx_hal_rcc_ex.d" -MT"Drivers/STM32F4xx_HAL_Driver/stm32f4xx_hal_rcc_ex.o" --specs=nano.specs -mfpu=fpv4-sp-d16 -mfloat-abi=hard -mthumb -o "Drivers/STM32F4xx_HAL_Driver/stm32f4xx_hal_rcc_ex.o"
arm-none-eabi-gcc "/var/root/STM32Cube/Repository/STM32Cube_FW_F4_V1.28.1/Drivers/STM32F4xx_HAL_Driver/Src/stm32f4xx_hal_tim.c" -mcpu=cortex-m4 -std=gnu11 -g3 -DDEBUG -DUSE_HAL_DRIVER -DSTM32F446xx -c -I../Core/Inc -I/var/root/STM32Cube/Repository/STM32Cube_FW_F4_V1.28.1/Drivers/STM32F4xx_HAL_Driver/Inc -I/var/root/STM32Cube/Repository/STM32Cube_FW_F4_V1.28.1/Drivers/STM32F4xx_HAL_Driver/Inc/Legacy -I/var/root/STM32Cube/Repository/STM32Cube_FW_F4_V1.28.1/Drivers/CMSIS/Device/ST/STM32F4xx/Include -I/var/root/STM32Cube/Repository/STM32Cube_FW_F4_V1.28.1/Drivers/CMSIS/Include -O0 -ffunction-sections -fdata-sections -Wall -fstack-usage -fcyclomatic-complexity -MMD -MP -MF"Drivers/STM32F4xx_HAL_Driver/stm32f4xx_hal_tim.d" -MT"Drivers/STM32F4xx_HAL_Driver/stm32f4xx_hal_tim.o" --specs=nano.specs -mfpu=fpv4-sp-d16 -mfloat-abi=hard -mthumb -o "Drivers/STM32F4xx_HAL_Driver/stm32f4xx_hal_tim.o"
arm-none-eabi-gcc "/var/root/STM32Cube/Repository/STM32Cube_FW_F4_V1.28.1/Drivers/STM32F4xx_HAL_Driver/Src/stm32f4xx_hal_tim_ex.c" -mcpu=cortex-m4 -std=gnu11 -g3 -DDEBUG -DUSE_HAL_DRIVER -DSTM32F446xx -c -I../Core/Inc -I/var/root/STM32Cube/Repository/STM32Cube_FW_F4_V1.28.1/Drivers/STM32F4xx_HAL_Driver/Inc -I/var/root/STM32Cube/Repository/STM32Cube_FW_F4_V1.28.1/Drivers/STM32F4xx_HAL_Driver/Inc/Legacy -I/var/root/STM32Cube/Repository/STM32Cube_FW_F4_V1.28.1/Drivers/CMSIS/Device/ST/STM32F4xx/Include -I/var/root/STM32Cube/Repository/STM32Cube_FW_F4_V1.28.1/Drivers/CMSIS/Include -O0 -ffunction-sections -fdata-sections -Wall -fstack-usage -fcyclomatic-complexity -MMD -MP -MF"Drivers/STM32F4xx_HAL_Driver/stm32f4xx_hal_tim_ex.d" -MT"Drivers/STM32F4xx_HAL_Driver/stm32f4xx_hal_tim_ex.o" --specs=nano.specs -mfpu=fpv4-sp-d16 -mfloat-abi=hard -mthumb -o "Drivers/STM32F4xx_HAL_Driver/stm32f4xx_hal_tim_ex.o"
arm-none-eabi-gcc "/var/root/STM32Cube/Repository/STM32Cube_FW_F4_V1.28.1/Drivers/STM32F4xx_HAL_Driver/Src/stm32f4xx_hal_uart.c" -mcpu=cortex-m4 -std=gnu11 -g3 -DDEBUG -DUSE_HAL_DRIVER -DSTM32F446xx -c -I../Core/Inc -I/var/root/STM32Cube/Repository/STM32Cube_FW_F4_V1.28.1/Drivers/STM32F4xx_HAL_Driver/Inc -I/var/root/STM32Cube/Repository/STM32Cube_FW_F4_V1.28.1/Drivers/STM32F4xx_HAL_Driver/Inc/Legacy -I/var/root/STM32Cube/Repository/STM32Cube_FW_F4_V1.28.1/Drivers/CMSIS/Device/ST/STM32F4xx/Include -I/var/root/STM32Cube/Repository/STM32Cube_FW_F4_V1.28.1/Drivers/CMSIS/Include -O0 -ffunction-sections -fdata-sections -Wall -fstack-usage -fcyclomatic-complexity -MMD -MP -MF"Drivers/STM32F4xx_HAL_Driver/stm32f4xx_hal_uart.d" -MT"Drivers/STM32F4xx_HAL_Driver/stm32f4xx_hal_uart.o" --specs=nano.specs -mfpu=fpv4-sp-d16 -mfloat-abi=hard -mthumb -o "Drivers/STM32F4xx_HAL_Driver/stm32f4xx_hal_uart.o"
arm-none-eabi-gcc "/var/root/STM32Cube/Repository/STM32Cube_FW_F4_V1.28.1/Drivers/STM32F4xx_HAL_Driver/Src/stm32f4xx_ll_usb.c" -mcpu=cortex-m4 -std=gnu11 -g3 -DDEBUG -DUSE_HAL_DRIVER -DSTM32F446xx -c -I../Core/Inc -I/var/root/STM32Cube/Repository/STM32Cube_FW_F4_V1.28.1/Drivers/STM32F4xx_HAL_Driver/Inc -I/var/root/STM32Cube/Repository/STM32Cube_FW_F4_V1.28.1/Drivers/STM32F4xx_HAL_Driver/Inc/Legacy -I/var/root/STM32Cube/Repository/STM32Cube_FW_F4_V1.28.1/Drivers/CMSIS/Device/ST/STM32F4xx/Include -I/var/root/STM32Cube/Repository/STM32Cube_FW_F4_V1.28.1/Drivers/CMSIS/Include -O0 -ffunction-sections -fdata-sections -Wall -fstack-usage -fcyclomatic-complexity -MMD -MP -MF"Drivers/STM32F4xx_HAL_Driver/stm32f4xx_ll_usb.d" -MT"Drivers/STM32F4xx_HAL_Driver/stm32f4xx_ll_usb.o" --specs=nano.specs -mfpu=fpv4-sp-d16 -mfloat-abi=hard -mthumb -o "Drivers/STM32F4xx_HAL_Driver/stm32f4xx_ll_usb.o"
arm-none-eabi-gcc "../Core/Src/gpio.c" -mcpu=cortex-m4 -std=gnu11 -g3 -DDEBUG -DUSE_HAL_DRIVER -DSTM32F446xx -c -I../Core/Inc -I/var/root/STM32Cube/Repository/STM32Cube_FW_F4_V1.28.1/Drivers/STM32F4xx_HAL_Driver/Inc -I/var/root/STM32Cube/Repository/STM32Cube_FW_F4_V1.28.1/Drivers/STM32F4xx_HAL_Driver/Inc/Legacy -I/var/root/STM32Cube/Repository/STM32Cube_FW_F4_V1.28.1/Drivers/CMSIS/Device/ST/STM32F4xx/Include -I/var/root/STM32Cube/Repository/STM32Cube_FW_F4_V1.28.1/Drivers/CMSIS/Include -O0 -ffunction-sections -fdata-sections -Wall -fstack-usage -fcyclomatic-complexity -MMD -MP -MF"Core/Src/gpio.d" -MT"Core/Src/gpio.o" --specs=nano.specs -mfpu=fpv4-sp-d16 -mfloat-abi=hard -mthumb -o "Core/Src/gpio.o"
arm-none-eabi-gcc "../Core/Src/main.c" -mcpu=cortex-m4 -std=gnu11 -g3 -DDEBUG -DUSE_HAL_DRIVER -DSTM32F446xx -c -I../Core/Inc -I/var/root/STM32Cube/Repository/STM32Cube_FW_F4_V1.28.1/Drivers/STM32F4xx_HAL_Driver/Inc -I/var/root/STM32Cube/Repository/STM32Cube_FW_F4_V1.28.1/Drivers/STM32F4xx_HAL_Driver/Inc/Legacy -I/var/root/STM32Cube/Repository/STM32Cube_FW_F4_V1.28.1/Drivers/CMSIS/Device/ST/STM32F4xx/Include -I/var/root/STM32Cube/Repository/STM32Cube_FW_F4_V1.28.1/Drivers/CMSIS/Include -O0 -ffunction-sections -fdata-sections -Wall -fstack-usage -fcyclomatic-complexity -MMD -MP -MF"Core/Src/main.d" -MT"Core/Src/main.o" --specs=nano.specs -mfpu=fpv4-sp-d16 -mfloat-abi=hard -mthumb -o "Core/Src/main.o"
../Core/Src/main.c: In function 'RunMotorControlSequence':
../Core/Src/main.c:67:24: warning: implicit declaration of function 'GetEncoderPosition' [-Wimplicit-function-declaration]
   67 |     current_position = GetEncoderPosition();
      |                        ^~~~~~~~~~~~~~~~~~
../Core/Src/main.c:68:5: warning: statement with no effect [-Wunused-value]
   68 |     target_position;
      |     ^~~~~~~~~~~~~~~
../Core/Src/main.c:72:5: warning: implicit declaration of function 'MoveToPosition' [-Wimplicit-function-declaration]
   72 |     MoveToPosition(target_position);
      |     ^~~~~~~~~~~~~~
../Core/Src/main.c: At top level:
../Core/Src/main.c:83:6: warning: conflicting types for 'MoveToPosition'; have 'void(int)'
   83 | void MoveToPosition(int target_position)
      |      ^~~~~~~~~~~~~~
../Core/Src/main.c:72:5: note: previous implicit declaration of 'MoveToPosition' with type 'void(int)'
   72 |     MoveToPosition(target_position);
      |     ^~~~~~~~~~~~~~
../Core/Src/main.c: In function 'MoveToPosition':
../Core/Src/main.c:90:9: warning: implicit declaration of function 'SetMotorDirection' [-Wimplicit-function-declaration]
   90 |         SetMotorDirection(1);  // Move forward (clockwise)
      |         ^~~~~~~~~~~~~~~~~
../Core/Src/main.c:91:9: warning: implicit declaration of function 'SetMotorSpeed' [-Wimplicit-function-declaration]
   91 |         SetMotorSpeed(32000);  // Set moderate speed
      |         ^~~~~~~~~~~~~
../Core/Src/main.c: At top level:
../Core/Src/main.c:130:6: warning: conflicting types for 'SetMotorSpeed'; have 'void(uint16_t)' {aka 'void(short unsigned int)'}
  130 | void SetMotorSpeed(uint16_t speed)
      |      ^~~~~~~~~~~~~
../Core/Src/main.c:91:9: note: previous implicit declaration of 'SetMotorSpeed' with type 'void(uint16_t)' {aka 'void(short unsigned int)'}
   91 |         SetMotorSpeed(32000);  // Set moderate speed
      |         ^~~~~~~~~~~~~
../Core/Src/main.c:138:6: warning: conflicting types for 'SetMotorDirection'; have 'void(int)'
  138 | void SetMotorDirection(int direction)
      |      ^~~~~~~~~~~~~~~~~
../Core/Src/main.c:90:9: note: previous implicit declaration of 'SetMotorDirection' with type 'void(int)'
   90 |         SetMotorDirection(1);  // Move forward (clockwise)
      |         ^~~~~~~~~~~~~~~~~
arm-none-eabi-gcc "../Core/Src/stm32f4xx_hal_msp.c" -mcpu=cortex-m4 -std=gnu11 -g3 -DDEBUG -DUSE_HAL_DRIVER -DSTM32F446xx -c -I../Core/Inc -I/var/root/STM32Cube/Repository/STM32Cube_FW_F4_V1.28.1/Drivers/STM32F4xx_HAL_Driver/Inc -I/var/root/STM32Cube/Repository/STM32Cube_FW_F4_V1.28.1/Drivers/STM32F4xx_HAL_Driver/Inc/Legacy -I/var/root/STM32Cube/Repository/STM32Cube_FW_F4_V1.28.1/Drivers/CMSIS/Device/ST/STM32F4xx/Include -I/var/root/STM32Cube/Repository/STM32Cube_FW_F4_V1.28.1/Drivers/CMSIS/Include -O0 -ffunction-sections -fdata-sections -Wall -fstack-usage -fcyclomatic-complexity -MMD -MP -MF"Core/Src/stm32f4xx_hal_msp.d" -MT"Core/Src/stm32f4xx_hal_msp.o" --specs=nano.specs -mfpu=fpv4-sp-d16 -mfloat-abi=hard -mthumb -o "Core/Src/stm32f4xx_hal_msp.o"
arm-none-eabi-gcc "../Core/Src/stm32f4xx_it.c" -mcpu=cortex-m4 -std=gnu11 -g3 -DDEBUG -DUSE_HAL_DRIVER -DSTM32F446xx -c -I../Core/Inc -I/var/root/STM32Cube/Repository/STM32Cube_FW_F4_V1.28.1/Drivers/STM32F4xx_HAL_Driver/Inc -I/var/root/STM32Cube/Repository/STM32Cube_FW_F4_V1.28.1/Drivers/STM32F4xx_HAL_Driver/Inc/Legacy -I/var/root/STM32Cube/Repository/STM32Cube_FW_F4_V1.28.1/Drivers/CMSIS/Device/ST/STM32F4xx/Include -I/var/root/STM32Cube/Repository/STM32Cube_FW_F4_V1.28.1/Drivers/CMSIS/Include -O0 -ffunction-sections -fdata-sections -Wall -fstack-usage -fcyclomatic-complexity -MMD -MP -MF"Core/Src/stm32f4xx_it.d" -MT"Core/Src/stm32f4xx_it.o" --specs=nano.specs -mfpu=fpv4-sp-d16 -mfloat-abi=hard -mthumb -o "Core/Src/stm32f4xx_it.o"
arm-none-eabi-gcc "../Core/Src/syscalls.c" -mcpu=cortex-m4 -std=gnu11 -g3 -DDEBUG -DUSE_HAL_DRIVER -DSTM32F446xx -c -I../Core/Inc -I/var/root/STM32Cube/Repository/STM32Cube_FW_F4_V1.28.1/Drivers/STM32F4xx_HAL_Driver/Inc -I/var/root/STM32Cube/Repository/STM32Cube_FW_F4_V1.28.1/Drivers/STM32F4xx_HAL_Driver/Inc/Legacy -I/var/root/STM32Cube/Repository/STM32Cube_FW_F4_V1.28.1/Drivers/CMSIS/Device/ST/STM32F4xx/Include -I/var/root/STM32Cube/Repository/STM32Cube_FW_F4_V1.28.1/Drivers/CMSIS/Include -O0 -ffunction-sections -fdata-sections -Wall -fstack-usage -fcyclomatic-complexity -MMD -MP -MF"Core/Src/syscalls.d" -MT"Core/Src/syscalls.o" --specs=nano.specs -mfpu=fpv4-sp-d16 -mfloat-abi=hard -mthumb -o "Core/Src/syscalls.o"
arm-none-eabi-gcc "../Core/Src/sysmem.c" -mcpu=cortex-m4 -std=gnu11 -g3 -DDEBUG -DUSE_HAL_DRIVER -DSTM32F446xx -c -I../Core/Inc -I/var/root/STM32Cube/Repository/STM32Cube_FW_F4_V1.28.1/Drivers/STM32F4xx_HAL_Driver/Inc -I/var/root/STM32Cube/Repository/STM32Cube_FW_F4_V1.28.1/Drivers/STM32F4xx_HAL_Driver/Inc/Legacy -I/var/root/STM32Cube/Repository/STM32Cube_FW_F4_V1.28.1/Drivers/CMSIS/Device/ST/STM32F4xx/Include -I/var/root/STM32Cube/Repository/STM32Cube_FW_F4_V1.28.1/Drivers/CMSIS/Include -O0 -ffunction-sections -fdata-sections -Wall -fstack-usage -fcyclomatic-complexity -MMD -MP -MF"Core/Src/sysmem.d" -MT"Core/Src/sysmem.o" --specs=nano.specs -mfpu=fpv4-sp-d16 -mfloat-abi=hard -mthumb -o "Core/Src/sysmem.o"
arm-none-eabi-gcc "../Core/Src/system_stm32f4xx.c" -mcpu=cortex-m4 -std=gnu11 -g3 -DDEBUG -DUSE_HAL_DRIVER -DSTM32F446xx -c -I../Core/Inc -I/var/root/STM32Cube/Repository/STM32Cube_FW_F4_V1.28.1/Drivers/STM32F4xx_HAL_Driver/Inc -I/var/root/STM32Cube/Repository/STM32Cube_FW_F4_V1.28.1/Drivers/STM32F4xx_HAL_Driver/Inc/Legacy -I/var/root/STM32Cube/Repository/STM32Cube_FW_F4_V1.28.1/Drivers/CMSIS/Device/ST/STM32F4xx/Include -I/var/root/STM32Cube/Repository/STM32Cube_FW_F4_V1.28.1/Drivers/CMSIS/Include -O0 -ffunction-sections -fdata-sections -Wall -fstack-usage -fcyclomatic-complexity -MMD -MP -MF"Core/Src/system_stm32f4xx.d" -MT"Core/Src/system_stm32f4xx.o" --specs=nano.specs -mfpu=fpv4-sp-d16 -mfloat-abi=hard -mthumb -o "Core/Src/system_stm32f4xx.o"
arm-none-eabi-gcc "../Core/Src/tim.c" -mcpu=cortex-m4 -std=gnu11 -g3 -DDEBUG -DUSE_HAL_DRIVER -DSTM32F446xx -c -I../Core/Inc -I/var/root/STM32Cube/Repository/STM32Cube_FW_F4_V1.28.1/Drivers/STM32F4xx_HAL_Driver/Inc -I/var/root/STM32Cube/Repository/STM32Cube_FW_F4_V1.28.1/Drivers/STM32F4xx_HAL_Driver/Inc/Legacy -I/var/root/STM32Cube/Repository/STM32Cube_FW_F4_V1.28.1/Drivers/CMSIS/Device/ST/STM32F4xx/Include -I/var/root/STM32Cube/Repository/STM32Cube_FW_F4_V1.28.1/Drivers/CMSIS/Include -O0 -ffunction-sections -fdata-sections -Wall -fstack-usage -fcyclomatic-complexity -MMD -MP -MF"Core/Src/tim.d" -MT"Core/Src/tim.o" --specs=nano.specs -mfpu=fpv4-sp-d16 -mfloat-abi=hard -mthumb -o "Core/Src/tim.o"
arm-none-eabi-gcc "../Core/Src/usart.c" -mcpu=cortex-m4 -std=gnu11 -g3 -DDEBUG -DUSE_HAL_DRIVER -DSTM32F446xx -c -I../Core/Inc -I/var/root/STM32Cube/Repository/STM32Cube_FW_F4_V1.28.1/Drivers/STM32F4xx_HAL_Driver/Inc -I/var/root/STM32Cube/Repository/STM32Cube_FW_F4_V1.28.1/Drivers/STM32F4xx_HAL_Driver/Inc/Legacy -I/var/root/STM32Cube/Repository/STM32Cube_FW_F4_V1.28.1/Drivers/CMSIS/Device/ST/STM32F4xx/Include -I/var/root/STM32Cube/Repository/STM32Cube_FW_F4_V1.28.1/Drivers/CMSIS/Include -O0 -ffunction-sections -fdata-sections -Wall -fstack-usage -fcyclomatic-complexity -MMD -MP -MF"Core/Src/usart.d" -MT"Core/Src/usart.o" --specs=nano.specs -mfpu=fpv4-sp-d16 -mfloat-abi=hard -mthumb -o "Core/Src/usart.o"
arm-none-eabi-gcc "../Core/Src/usb_otg.c" -mcpu=cortex-m4 -std=gnu11 -g3 -DDEBUG -DUSE_HAL_DRIVER -DSTM32F446xx -c -I../Core/Inc -I/var/root/STM32Cube/Repository/STM32Cube_FW_F4_V1.28.1/Drivers/STM32F4xx_HAL_Driver/Inc -I/var/root/STM32Cube/Repository/STM32Cube_FW_F4_V1.28.1/Drivers/STM32F4xx_HAL_Driver/Inc/Legacy -I/var/root/STM32Cube/Repository/STM32Cube_FW_F4_V1.28.1/Drivers/CMSIS/Device/ST/STM32F4xx/Include -I/var/root/STM32Cube/Repository/STM32Cube_FW_F4_V1.28.1/Drivers/CMSIS/Include -O0 -ffunction-sections -fdata-sections -Wall -fstack-usage -fcyclomatic-complexity -MMD -MP -MF"Core/Src/usb_otg.d" -MT"Core/Src/usb_otg.o" --specs=nano.specs -mfpu=fpv4-sp-d16 -mfloat-abi=hard -mthumb -o "Core/Src/usb_otg.o"
arm-none-eabi-gcc -o "motor_control.elf" @"objects.list"   -mcpu=cortex-m4 -T"/Users/vihaanravishankar/Desktop/Turnstile stuff/motor_control/STM32F446ZETX_FLASH.ld" --specs=nosys.specs -Wl,-Map="motor_control.map" -Wl,--gc-sections -static --specs=nano.specs -mfpu=fpv4-sp-d16 -mfloat-abi=hard -mthumb -Wl,--start-group -lc -lm -Wl,--end-group
Finished building target: motor_control.elf
 
arm-none-eabi-size  motor_control.elf 
arm-none-eabi-objdump -h -S motor_control.elf  > "motor_control.list"
   text	   data	    bss	    dec	    hex	filename
  16444	     12	   2964	  19420	   4bdc	motor_control.elf
Finished building: default.size.stdout
 
Finished building: motor_control.list
 
18:14:15 **** Incremental Build of configuration Debug for project motor_control ****
make -j7 all 
arm-none-eabi-size  motor_control.elf 
   text	   data	    bss	    dec	    hex	filename
  16444	     12	   2964	  19420	   4bdc	motor_control.elf
Finished building: default.size.stdout
 
18:14:39 **** Incremental Build of configuration Debug for project motor_control ****
make -j7 all 
arm-none-eabi-size  motor_control.elf 
   text	   data	    bss	    dec	    hex	filename
  16444	     12	   2964	  19420	   4bdc	motor_control.elf
Finished building: default.size.stdout
 
11:29:00 **** Incremental Build of configuration Debug for project limit_switch ****
make -j7 all 
arm-none-eabi-size  limit_switch.elf 
   text	   data	    bss	    dec	    hex	filename
  12812	     12	   2892	  15716	   3d64	limit_switch.elf
Finished building: default.size.stdout
 
11:29:01 **** Build of configuration Debug for project motor2 ****
make -j7 all 
arm-none-eabi-gcc "../Drivers/STM32F1xx_HAL_Driver/Src/stm32f1xx_hal.c" -mcpu=cortex-m3 -std=gnu11 -g3 -DDEBUG -DUSE_HAL_DRIVER -DSTM32F103xB -c -I../Core/Inc -I../Drivers/STM32F1xx_HAL_Driver/Inc -I../Drivers/STM32F1xx_HAL_Driver/Inc/Legacy -I../Drivers/CMSIS/Device/ST/STM32F1xx/Include -I../Drivers/CMSIS/Include -O0 -ffunction-sections -fdata-sections -Wall -fstack-usage -fcyclomatic-complexity -MMD -MP -MF"Drivers/STM32F1xx_HAL_Driver/Src/stm32f1xx_hal.d" -MT"Drivers/STM32F1xx_HAL_Driver/Src/stm32f1xx_hal.o" --specs=nano.specs -mfloat-abi=soft -mthumb -o "Drivers/STM32F1xx_HAL_Driver/Src/stm32f1xx_hal.o"
arm-none-eabi-gcc "../Drivers/STM32F1xx_HAL_Driver/Src/stm32f1xx_hal_cortex.c" -mcpu=cortex-m3 -std=gnu11 -g3 -DDEBUG -DUSE_HAL_DRIVER -DSTM32F103xB -c -I../Core/Inc -I../Drivers/STM32F1xx_HAL_Driver/Inc -I../Drivers/STM32F1xx_HAL_Driver/Inc/Legacy -I../Drivers/CMSIS/Device/ST/STM32F1xx/Include -I../Drivers/CMSIS/Include -O0 -ffunction-sections -fdata-sections -Wall -fstack-usage -fcyclomatic-complexity -MMD -MP -MF"Drivers/STM32F1xx_HAL_Driver/Src/stm32f1xx_hal_cortex.d" -MT"Drivers/STM32F1xx_HAL_Driver/Src/stm32f1xx_hal_cortex.o" --specs=nano.specs -mfloat-abi=soft -mthumb -o "Drivers/STM32F1xx_HAL_Driver/Src/stm32f1xx_hal_cortex.o"
arm-none-eabi-gcc "../Drivers/STM32F1xx_HAL_Driver/Src/stm32f1xx_hal_dma.c" -mcpu=cortex-m3 -std=gnu11 -g3 -DDEBUG -DUSE_HAL_DRIVER -DSTM32F103xB -c -I../Core/Inc -I../Drivers/STM32F1xx_HAL_Driver/Inc -I../Drivers/STM32F1xx_HAL_Driver/Inc/Legacy -I../Drivers/CMSIS/Device/ST/STM32F1xx/Include -I../Drivers/CMSIS/Include -O0 -ffunction-sections -fdata-sections -Wall -fstack-usage -fcyclomatic-complexity -MMD -MP -MF"Drivers/STM32F1xx_HAL_Driver/Src/stm32f1xx_hal_dma.d" -MT"Drivers/STM32F1xx_HAL_Driver/Src/stm32f1xx_hal_dma.o" --specs=nano.specs -mfloat-abi=soft -mthumb -o "Drivers/STM32F1xx_HAL_Driver/Src/stm32f1xx_hal_dma.o"
arm-none-eabi-gcc "../Drivers/STM32F1xx_HAL_Driver/Src/stm32f1xx_hal_exti.c" -mcpu=cortex-m3 -std=gnu11 -g3 -DDEBUG -DUSE_HAL_DRIVER -DSTM32F103xB -c -I../Core/Inc -I../Drivers/STM32F1xx_HAL_Driver/Inc -I../Drivers/STM32F1xx_HAL_Driver/Inc/Legacy -I../Drivers/CMSIS/Device/ST/STM32F1xx/Include -I../Drivers/CMSIS/Include -O0 -ffunction-sections -fdata-sections -Wall -fstack-usage -fcyclomatic-complexity -MMD -MP -MF"Drivers/STM32F1xx_HAL_Driver/Src/stm32f1xx_hal_exti.d" -MT"Drivers/STM32F1xx_HAL_Driver/Src/stm32f1xx_hal_exti.o" --specs=nano.specs -mfloat-abi=soft -mthumb -o "Drivers/STM32F1xx_HAL_Driver/Src/stm32f1xx_hal_exti.o"
arm-none-eabi-gcc "../Drivers/STM32F1xx_HAL_Driver/Src/stm32f1xx_hal_flash.c" -mcpu=cortex-m3 -std=gnu11 -g3 -DDEBUG -DUSE_HAL_DRIVER -DSTM32F103xB -c -I../Core/Inc -I../Drivers/STM32F1xx_HAL_Driver/Inc -I../Drivers/STM32F1xx_HAL_Driver/Inc/Legacy -I../Drivers/CMSIS/Device/ST/STM32F1xx/Include -I../Drivers/CMSIS/Include -O0 -ffunction-sections -fdata-sections -Wall -fstack-usage -fcyclomatic-complexity -MMD -MP -MF"Drivers/STM32F1xx_HAL_Driver/Src/stm32f1xx_hal_flash.d" -MT"Drivers/STM32F1xx_HAL_Driver/Src/stm32f1xx_hal_flash.o" --specs=nano.specs -mfloat-abi=soft -mthumb -o "Drivers/STM32F1xx_HAL_Driver/Src/stm32f1xx_hal_flash.o"
arm-none-eabi-gcc "../Drivers/STM32F1xx_HAL_Driver/Src/stm32f1xx_hal_flash_ex.c" -mcpu=cortex-m3 -std=gnu11 -g3 -DDEBUG -DUSE_HAL_DRIVER -DSTM32F103xB -c -I../Core/Inc -I../Drivers/STM32F1xx_HAL_Driver/Inc -I../Drivers/STM32F1xx_HAL_Driver/Inc/Legacy -I../Drivers/CMSIS/Device/ST/STM32F1xx/Include -I../Drivers/CMSIS/Include -O0 -ffunction-sections -fdata-sections -Wall -fstack-usage -fcyclomatic-complexity -MMD -MP -MF"Drivers/STM32F1xx_HAL_Driver/Src/stm32f1xx_hal_flash_ex.d" -MT"Drivers/STM32F1xx_HAL_Driver/Src/stm32f1xx_hal_flash_ex.o" --specs=nano.specs -mfloat-abi=soft -mthumb -o "Drivers/STM32F1xx_HAL_Driver/Src/stm32f1xx_hal_flash_ex.o"
arm-none-eabi-gcc "../Drivers/STM32F1xx_HAL_Driver/Src/stm32f1xx_hal_gpio.c" -mcpu=cortex-m3 -std=gnu11 -g3 -DDEBUG -DUSE_HAL_DRIVER -DSTM32F103xB -c -I../Core/Inc -I../Drivers/STM32F1xx_HAL_Driver/Inc -I../Drivers/STM32F1xx_HAL_Driver/Inc/Legacy -I../Drivers/CMSIS/Device/ST/STM32F1xx/Include -I../Drivers/CMSIS/Include -O0 -ffunction-sections -fdata-sections -Wall -fstack-usage -fcyclomatic-complexity -MMD -MP -MF"Drivers/STM32F1xx_HAL_Driver/Src/stm32f1xx_hal_gpio.d" -MT"Drivers/STM32F1xx_HAL_Driver/Src/stm32f1xx_hal_gpio.o" --specs=nano.specs -mfloat-abi=soft -mthumb -o "Drivers/STM32F1xx_HAL_Driver/Src/stm32f1xx_hal_gpio.o"
arm-none-eabi-gcc "../Drivers/STM32F1xx_HAL_Driver/Src/stm32f1xx_hal_gpio_ex.c" -mcpu=cortex-m3 -std=gnu11 -g3 -DDEBUG -DUSE_HAL_DRIVER -DSTM32F103xB -c -I../Core/Inc -I../Drivers/STM32F1xx_HAL_Driver/Inc -I../Drivers/STM32F1xx_HAL_Driver/Inc/Legacy -I../Drivers/CMSIS/Device/ST/STM32F1xx/Include -I../Drivers/CMSIS/Include -O0 -ffunction-sections -fdata-sections -Wall -fstack-usage -fcyclomatic-complexity -MMD -MP -MF"Drivers/STM32F1xx_HAL_Driver/Src/stm32f1xx_hal_gpio_ex.d" -MT"Drivers/STM32F1xx_HAL_Driver/Src/stm32f1xx_hal_gpio_ex.o" --specs=nano.specs -mfloat-abi=soft -mthumb -o "Drivers/STM32F1xx_HAL_Driver/Src/stm32f1xx_hal_gpio_ex.o"
arm-none-eabi-gcc "../Drivers/STM32F1xx_HAL_Driver/Src/stm32f1xx_hal_pwr.c" -mcpu=cortex-m3 -std=gnu11 -g3 -DDEBUG -DUSE_HAL_DRIVER -DSTM32F103xB -c -I../Core/Inc -I../Drivers/STM32F1xx_HAL_Driver/Inc -I../Drivers/STM32F1xx_HAL_Driver/Inc/Legacy -I../Drivers/CMSIS/Device/ST/STM32F1xx/Include -I../Drivers/CMSIS/Include -O0 -ffunction-sections -fdata-sections -Wall -fstack-usage -fcyclomatic-complexity -MMD -MP -MF"Drivers/STM32F1xx_HAL_Driver/Src/stm32f1xx_hal_pwr.d" -MT"Drivers/STM32F1xx_HAL_Driver/Src/stm32f1xx_hal_pwr.o" --specs=nano.specs -mfloat-abi=soft -mthumb -o "Drivers/STM32F1xx_HAL_Driver/Src/stm32f1xx_hal_pwr.o"
arm-none-eabi-gcc "../Drivers/STM32F1xx_HAL_Driver/Src/stm32f1xx_hal_rcc.c" -mcpu=cortex-m3 -std=gnu11 -g3 -DDEBUG -DUSE_HAL_DRIVER -DSTM32F103xB -c -I../Core/Inc -I../Drivers/STM32F1xx_HAL_Driver/Inc -I../Drivers/STM32F1xx_HAL_Driver/Inc/Legacy -I../Drivers/CMSIS/Device/ST/STM32F1xx/Include -I../Drivers/CMSIS/Include -O0 -ffunction-sections -fdata-sections -Wall -fstack-usage -fcyclomatic-complexity -MMD -MP -MF"Drivers/STM32F1xx_HAL_Driver/Src/stm32f1xx_hal_rcc.d" -MT"Drivers/STM32F1xx_HAL_Driver/Src/stm32f1xx_hal_rcc.o" --specs=nano.specs -mfloat-abi=soft -mthumb -o "Drivers/STM32F1xx_HAL_Driver/Src/stm32f1xx_hal_rcc.o"
arm-none-eabi-gcc "../Drivers/STM32F1xx_HAL_Driver/Src/stm32f1xx_hal_rcc_ex.c" -mcpu=cortex-m3 -std=gnu11 -g3 -DDEBUG -DUSE_HAL_DRIVER -DSTM32F103xB -c -I../Core/Inc -I../Drivers/STM32F1xx_HAL_Driver/Inc -I../Drivers/STM32F1xx_HAL_Driver/Inc/Legacy -I../Drivers/CMSIS/Device/ST/STM32F1xx/Include -I../Drivers/CMSIS/Include -O0 -ffunction-sections -fdata-sections -Wall -fstack-usage -fcyclomatic-complexity -MMD -MP -MF"Drivers/STM32F1xx_HAL_Driver/Src/stm32f1xx_hal_rcc_ex.d" -MT"Drivers/STM32F1xx_HAL_Driver/Src/stm32f1xx_hal_rcc_ex.o" --specs=nano.specs -mfloat-abi=soft -mthumb -o "Drivers/STM32F1xx_HAL_Driver/Src/stm32f1xx_hal_rcc_ex.o"
arm-none-eabi-gcc "../Drivers/STM32F1xx_HAL_Driver/Src/stm32f1xx_hal_tim.c" -mcpu=cortex-m3 -std=gnu11 -g3 -DDEBUG -DUSE_HAL_DRIVER -DSTM32F103xB -c -I../Core/Inc -I../Drivers/STM32F1xx_HAL_Driver/Inc -I../Drivers/STM32F1xx_HAL_Driver/Inc/Legacy -I../Drivers/CMSIS/Device/ST/STM32F1xx/Include -I../Drivers/CMSIS/Include -O0 -ffunction-sections -fdata-sections -Wall -fstack-usage -fcyclomatic-complexity -MMD -MP -MF"Drivers/STM32F1xx_HAL_Driver/Src/stm32f1xx_hal_tim.d" -MT"Drivers/STM32F1xx_HAL_Driver/Src/stm32f1xx_hal_tim.o" --specs=nano.specs -mfloat-abi=soft -mthumb -o "Drivers/STM32F1xx_HAL_Driver/Src/stm32f1xx_hal_tim.o"
arm-none-eabi-gcc "../Drivers/STM32F1xx_HAL_Driver/Src/stm32f1xx_hal_tim_ex.c" -mcpu=cortex-m3 -std=gnu11 -g3 -DDEBUG -DUSE_HAL_DRIVER -DSTM32F103xB -c -I../Core/Inc -I../Drivers/STM32F1xx_HAL_Driver/Inc -I../Drivers/STM32F1xx_HAL_Driver/Inc/Legacy -I../Drivers/CMSIS/Device/ST/STM32F1xx/Include -I../Drivers/CMSIS/Include -O0 -ffunction-sections -fdata-sections -Wall -fstack-usage -fcyclomatic-complexity -MMD -MP -MF"Drivers/STM32F1xx_HAL_Driver/Src/stm32f1xx_hal_tim_ex.d" -MT"Drivers/STM32F1xx_HAL_Driver/Src/stm32f1xx_hal_tim_ex.o" --specs=nano.specs -mfloat-abi=soft -mthumb -o "Drivers/STM32F1xx_HAL_Driver/Src/stm32f1xx_hal_tim_ex.o"
arm-none-eabi-gcc "../Drivers/STM32F1xx_HAL_Driver/Src/stm32f1xx_hal_uart.c" -mcpu=cortex-m3 -std=gnu11 -g3 -DDEBUG -DUSE_HAL_DRIVER -DSTM32F103xB -c -I../Core/Inc -I../Drivers/STM32F1xx_HAL_Driver/Inc -I../Drivers/STM32F1xx_HAL_Driver/Inc/Legacy -I../Drivers/CMSIS/Device/ST/STM32F1xx/Include -I../Drivers/CMSIS/Include -O0 -ffunction-sections -fdata-sections -Wall -fstack-usage -fcyclomatic-complexity -MMD -MP -MF"Drivers/STM32F1xx_HAL_Driver/Src/stm32f1xx_hal_uart.d" -MT"Drivers/STM32F1xx_HAL_Driver/Src/stm32f1xx_hal_uart.o" --specs=nano.specs -mfloat-abi=soft -mthumb -o "Drivers/STM32F1xx_HAL_Driver/Src/stm32f1xx_hal_uart.o"
arm-none-eabi-gcc -mcpu=cortex-m3 -g3 -DDEBUG -c -x assembler-with-cpp -MMD -MP -MF"Core/Startup/startup_stm32f103rbtx.d" -MT"Core/Startup/startup_stm32f103rbtx.o" --specs=nano.specs -mfloat-abi=soft -mthumb -o "Core/Startup/startup_stm32f103rbtx.o" "../Core/Startup/startup_stm32f103rbtx.s"
arm-none-eabi-gcc "../Core/Src/gpio.c" -mcpu=cortex-m3 -std=gnu11 -g3 -DDEBUG -DUSE_HAL_DRIVER -DSTM32F103xB -c -I../Core/Inc -I../Drivers/STM32F1xx_HAL_Driver/Inc -I../Drivers/STM32F1xx_HAL_Driver/Inc/Legacy -I../Drivers/CMSIS/Device/ST/STM32F1xx/Include -I../Drivers/CMSIS/Include -O0 -ffunction-sections -fdata-sections -Wall -fstack-usage -fcyclomatic-complexity -MMD -MP -MF"Core/Src/gpio.d" -MT"Core/Src/gpio.o" --specs=nano.specs -mfloat-abi=soft -mthumb -o "Core/Src/gpio.o"
arm-none-eabi-gcc "../Core/Src/main.c" -mcpu=cortex-m3 -std=gnu11 -g3 -DDEBUG -DUSE_HAL_DRIVER -DSTM32F103xB -c -I../Core/Inc -I../Drivers/STM32F1xx_HAL_Driver/Inc -I../Drivers/STM32F1xx_HAL_Driver/Inc/Legacy -I../Drivers/CMSIS/Device/ST/STM32F1xx/Include -I../Drivers/CMSIS/Include -O0 -ffunction-sections -fdata-sections -Wall -fstack-usage -fcyclomatic-complexity -MMD -MP -MF"Core/Src/main.d" -MT"Core/Src/main.o" --specs=nano.specs -mfloat-abi=soft -mthumb -o "Core/Src/main.o"
arm-none-eabi-gcc "../Core/Src/stm32f1xx_hal_msp.c" -mcpu=cortex-m3 -std=gnu11 -g3 -DDEBUG -DUSE_HAL_DRIVER -DSTM32F103xB -c -I../Core/Inc -I../Drivers/STM32F1xx_HAL_Driver/Inc -I../Drivers/STM32F1xx_HAL_Driver/Inc/Legacy -I../Drivers/CMSIS/Device/ST/STM32F1xx/Include -I../Drivers/CMSIS/Include -O0 -ffunction-sections -fdata-sections -Wall -fstack-usage -fcyclomatic-complexity -MMD -MP -MF"Core/Src/stm32f1xx_hal_msp.d" -MT"Core/Src/stm32f1xx_hal_msp.o" --specs=nano.specs -mfloat-abi=soft -mthumb -o "Core/Src/stm32f1xx_hal_msp.o"
arm-none-eabi-gcc "../Core/Src/stm32f1xx_it.c" -mcpu=cortex-m3 -std=gnu11 -g3 -DDEBUG -DUSE_HAL_DRIVER -DSTM32F103xB -c -I../Core/Inc -I../Drivers/STM32F1xx_HAL_Driver/Inc -I../Drivers/STM32F1xx_HAL_Driver/Inc/Legacy -I../Drivers/CMSIS/Device/ST/STM32F1xx/Include -I../Drivers/CMSIS/Include -O0 -ffunction-sections -fdata-sections -Wall -fstack-usage -fcyclomatic-complexity -MMD -MP -MF"Core/Src/stm32f1xx_it.d" -MT"Core/Src/stm32f1xx_it.o" --specs=nano.specs -mfloat-abi=soft -mthumb -o "Core/Src/stm32f1xx_it.o"
arm-none-eabi-gcc "../Core/Src/syscalls.c" -mcpu=cortex-m3 -std=gnu11 -g3 -DDEBUG -DUSE_HAL_DRIVER -DSTM32F103xB -c -I../Core/Inc -I../Drivers/STM32F1xx_HAL_Driver/Inc -I../Drivers/STM32F1xx_HAL_Driver/Inc/Legacy -I../Drivers/CMSIS/Device/ST/STM32F1xx/Include -I../Drivers/CMSIS/Include -O0 -ffunction-sections -fdata-sections -Wall -fstack-usage -fcyclomatic-complexity -MMD -MP -MF"Core/Src/syscalls.d" -MT"Core/Src/syscalls.o" --specs=nano.specs -mfloat-abi=soft -mthumb -o "Core/Src/syscalls.o"
../Core/Src/main.c: In function 'main':
../Core/Src/main.c:105:43: error: 'G180_Pin' undeclared (first use in this function); did you mean 'B1_Pin'?
  105 |                 if(HAL_GPIO_ReadPin(GPIOA,G180_Pin)==GPIO_PIN_RESET)
      |                                           ^~~~~~~~
      |                                           B1_Pin
../Core/Src/main.c:105:43: note: each undeclared identifier is reported only once for each function it appears in
../Core/Src/main.c:109:43: error: 'G90_Pin' undeclared (first use in this function)
arm-none-eabi-gcc "../Core/Src/sysmem.c" -mcpu=cortex-m3 -std=gnu11 -g3 -DDEBUG -DUSE_HAL_DRIVER -DSTM32F103xB -c -I../Core/Inc -I../Drivers/STM32F1xx_HAL_Driver/Inc -I../Drivers/STM32F1xx_HAL_Driver/Inc/Legacy -I../Drivers/CMSIS/Device/ST/STM32F1xx/Include -I../Drivers/CMSIS/Include -O0 -ffunction-sections -fdata-sections -Wall -fstack-usage -fcyclomatic-complexity -MMD -MP -MF"Core/Src/sysmem.d" -MT"Core/Src/sysmem.o" --specs=nano.specs -mfloat-abi=soft -mthumb -o "Core/Src/sysmem.o"
  109 |                 if(HAL_GPIO_ReadPin(GPIOA,G90_Pin)==GPIO_PIN_RESET)
      |                                           ^~~~~~~
../Core/Src/main.c:113:43: error: 'G0_Pin' undeclared (first use in this function); did you mean 'B1_Pin'?
  113 |                 if(HAL_GPIO_ReadPin(GPIOA,G0_Pin)==GPIO_PIN_RESET)
      |                                           ^~~~~~
      |                                           B1_Pin
make: *** [Core/Src/subdir.mk:43: Core/Src/main.o] Error 1
make: *** Waiting for unfinished jobs....
"make -j7 all" terminated with exit code 2. Build might be incomplete.
11:29:03 **** Incremental Build of configuration Debug for project motor_control ****
make -j7 all 
arm-none-eabi-gcc "../Core/Src/main.c" -mcpu=cortex-m4 -std=gnu11 -g3 -DDEBUG -DUSE_HAL_DRIVER -DSTM32F446xx -c -I../Core/Inc -I/var/root/STM32Cube/Repository/STM32Cube_FW_F4_V1.28.1/Drivers/STM32F4xx_HAL_Driver/Inc -I/var/root/STM32Cube/Repository/STM32Cube_FW_F4_V1.28.1/Drivers/STM32F4xx_HAL_Driver/Inc/Legacy -I/var/root/STM32Cube/Repository/STM32Cube_FW_F4_V1.28.1/Drivers/CMSIS/Device/ST/STM32F4xx/Include -I/var/root/STM32Cube/Repository/STM32Cube_FW_F4_V1.28.1/Drivers/CMSIS/Include -O0 -ffunction-sections -fdata-sections -Wall -fstack-usage -fcyclomatic-complexity -MMD -MP -MF"Core/Src/main.d" -MT"Core/Src/main.o" --specs=nano.specs -mfpu=fpv4-sp-d16 -mfloat-abi=hard -mthumb -o "Core/Src/main.o"
../Core/Src/main.c: In function 'RunMotorControlSequence':
../Core/Src/main.c:67:24: warning: implicit declaration of function 'GetEncoderPosition' [-Wimplicit-function-declaration]
   67 |     current_position = GetEncoderPosition();
      |                        ^~~~~~~~~~~~~~~~~~
../Core/Src/main.c:68:5: warning: statement with no effect [-Wunused-value]
   68 |     target_position;
      |     ^~~~~~~~~~~~~~~
../Core/Src/main.c:72:5: warning: implicit declaration of function 'MoveToPosition' [-Wimplicit-function-declaration]
   72 |     MoveToPosition(target_position);
      |     ^~~~~~~~~~~~~~
../Core/Src/main.c: At top level:
../Core/Src/main.c:83:6: warning: conflicting types for 'MoveToPosition'; have 'void(int)'
   83 | void MoveToPosition(int target_position)
      |      ^~~~~~~~~~~~~~
../Core/Src/main.c:72:5: note: previous implicit declaration of 'MoveToPosition' with type 'void(int)'
   72 |     MoveToPosition(target_position);
      |     ^~~~~~~~~~~~~~
../Core/Src/main.c: In function 'MoveToPosition':
../Core/Src/main.c:90:9: warning: implicit declaration of function 'SetMotorDirection' [-Wimplicit-function-declaration]
   90 |         SetMotorDirection(1);  // Move forward (clockwise)
      |         ^~~~~~~~~~~~~~~~~
../Core/Src/main.c:91:9: warning: implicit declaration of function 'SetMotorSpeed' [-Wimplicit-function-declaration]
   91 |         SetMotorSpeed(32000);  // Set moderate speed
      |         ^~~~~~~~~~~~~
../Core/Src/main.c: In function 'GetEncoderPosition':
../Core/Src/main.c:126:12: warning: implicit declaration of function '__HAL_TIM_GET_CONTER' [-Wimplicit-function-declaration]
  126 |     return __HAL_TIM_GET_CONTER(&htim4);
      |            ^~~~~~~~~~~~~~~~~~~~
../Core/Src/main.c: At top level:
../Core/Src/main.c:130:6: warning: conflicting types for 'SetMotorSpeed'; have 'void(uint16_t)' {aka 'void(short unsigned int)'}
  130 | void SetMotorSpeed(uint16_t speed)
      |      ^~~~~~~~~~~~~
../Core/Src/main.c:91:9: note: previous implicit declaration of 'SetMotorSpeed' with type 'void(uint16_t)' {aka 'void(short unsigned int)'}
   91 |         SetMotorSpeed(32000);  // Set moderate speed
      |         ^~~~~~~~~~~~~
../Core/Src/main.c:138:6: warning: conflicting types for 'SetMotorDirection'; have 'void(int)'
  138 | void SetMotorDirection(int direction)
      |      ^~~~~~~~~~~~~~~~~
../Core/Src/main.c:90:9: note: previous implicit declaration of 'SetMotorDirection' with type 'void(int)'
   90 |         SetMotorDirection(1);  // Move forward (clockwise)
      |         ^~~~~~~~~~~~~~~~~
arm-none-eabi-gcc -o "motor_control.elf" @"objects.list"   -mcpu=cortex-m4 -T"/Users/vihaanravishankar/Desktop/Turnstile stuff/motor_control/STM32F446ZETX_FLASH.ld" --specs=nosys.specs -Wl,-Map="motor_control.map" -Wl,--gc-sections -static --specs=nano.specs -mfpu=fpv4-sp-d16 -mfloat-abi=hard -mthumb -Wl,--start-group -lc -lm -Wl,--end-group
Finished building target: motor_control.elf
 
arm-none-eabi-size  motor_control.elf 
arm-none-eabi-objdump -h -S motor_control.elf  > "motor_control.list"
   text	   data	    bss	    dec	    hex	filename
  16444	     12	   2964	  19420	   4bdc	motor_control.elf
Finished building: default.size.stdout
 
Finished building: motor_control.list
 
11:29:04 **** Incremental Build of configuration Debug for project rfid ****
make -j7 all 
arm-none-eabi-size  rfid.elf 
   text	   data	    bss	    dec	    hex	filename
   9464	     12	   1748	  11224	   2bd8	rfid.elf
Finished building: default.size.stdout
 
12:04:14 **** Incremental Build of configuration Debug for project limit_switch ****
make -j7 all 
arm-none-eabi-size  limit_switch.elf 
   text	   data	    bss	    dec	    hex	filename
  12812	     12	   2892	  15716	   3d64	limit_switch.elf
Finished building: default.size.stdout
 
12:04:15 **** Incremental Build of configuration Debug for project motor2 ****
make -j7 all 
arm-none-eabi-gcc "../Core/Src/main.c" -mcpu=cortex-m3 -std=gnu11 -g3 -DDEBUG -DUSE_HAL_DRIVER -DSTM32F103xB -c -I../Core/Inc -I../Drivers/STM32F1xx_HAL_Driver/Inc -I../Drivers/STM32F1xx_HAL_Driver/Inc/Legacy -I../Drivers/CMSIS/Device/ST/STM32F1xx/Include -I../Drivers/CMSIS/Include -O0 -ffunction-sections -fdata-sections -Wall -fstack-usage -fcyclomatic-complexity -MMD -MP -MF"Core/Src/main.d" -MT"Core/Src/main.o" --specs=nano.specs -mfloat-abi=soft -mthumb -o "Core/Src/main.o"
arm-none-eabi-gcc "../Core/Src/system_stm32f1xx.c" -mcpu=cortex-m3 -std=gnu11 -g3 -DDEBUG -DUSE_HAL_DRIVER -DSTM32F103xB -c -I../Core/Inc -I../Drivers/STM32F1xx_HAL_Driver/Inc -I../Drivers/STM32F1xx_HAL_Driver/Inc/Legacy -I../Drivers/CMSIS/Device/ST/STM32F1xx/Include -I../Drivers/CMSIS/Include -O0 -ffunction-sections -fdata-sections -Wall -fstack-usage -fcyclomatic-complexity -MMD -MP -MF"Core/Src/system_stm32f1xx.d" -MT"Core/Src/system_stm32f1xx.o" --specs=nano.specs -mfloat-abi=soft -mthumb -o "Core/Src/system_stm32f1xx.o"
arm-none-eabi-gcc "../Core/Src/tim.c" -mcpu=cortex-m3 -std=gnu11 -g3 -DDEBUG -DUSE_HAL_DRIVER -DSTM32F103xB -c -I../Core/Inc -I../Drivers/STM32F1xx_HAL_Driver/Inc -I../Drivers/STM32F1xx_HAL_Driver/Inc/Legacy -I../Drivers/CMSIS/Device/ST/STM32F1xx/Include -I../Drivers/CMSIS/Include -O0 -ffunction-sections -fdata-sections -Wall -fstack-usage -fcyclomatic-complexity -MMD -MP -MF"Core/Src/tim.d" -MT"Core/Src/tim.o" --specs=nano.specs -mfloat-abi=soft -mthumb -o "Core/Src/tim.o"
arm-none-eabi-gcc "../Core/Src/usart.c" -mcpu=cortex-m3 -std=gnu11 -g3 -DDEBUG -DUSE_HAL_DRIVER -DSTM32F103xB -c -I../Core/Inc -I../Drivers/STM32F1xx_HAL_Driver/Inc -I../Drivers/STM32F1xx_HAL_Driver/Inc/Legacy -I../Drivers/CMSIS/Device/ST/STM32F1xx/Include -I../Drivers/CMSIS/Include -O0 -ffunction-sections -fdata-sections -Wall -fstack-usage -fcyclomatic-complexity -MMD -MP -MF"Core/Src/usart.d" -MT"Core/Src/usart.o" --specs=nano.specs -mfloat-abi=soft -mthumb -o "Core/Src/usart.o"
arm-none-eabi-gcc -o "motor2.elf" @"objects.list"   -mcpu=cortex-m3 -T"/Users/vihaanravishankar/Desktop/Turnstile stuff/motor2/STM32F103RBTX_FLASH.ld" --specs=nosys.specs -Wl,-Map="motor2.map" -Wl,--gc-sections -static --specs=nano.specs -mfloat-abi=soft -mthumb -Wl,--start-group -lc -lm -Wl,--end-group
Finished building target: motor2.elf
 
arm-none-eabi-size  motor2.elf 
arm-none-eabi-objdump -h -S motor2.elf  > "motor2.list"
   text	   data	    bss	    dec	    hex	filename
   9132	     12	   1716	  10860	   2a6c	motor2.elf
Finished building: default.size.stdout
 
Finished building: motor2.list
 
12:04:16 **** Incremental Build of configuration Debug for project motor_control ****
make -j7 all 
arm-none-eabi-size  motor_control.elf 
   text	   data	    bss	    dec	    hex	filename
  16444	     12	   2964	  19420	   4bdc	motor_control.elf
Finished building: default.size.stdout
 
12:04:17 **** Incremental Build of configuration Debug for project rfid ****
make -j7 all 
arm-none-eabi-size  rfid.elf 
   text	   data	    bss	    dec	    hex	filename
   9464	     12	   1748	  11224	   2bd8	rfid.elf
Finished building: default.size.stdout
 
12:04:48 **** Incremental Build of configuration Debug for project limit_switch ****
make -j7 all 
arm-none-eabi-size  limit_switch.elf 
   text	   data	    bss	    dec	    hex	filename
  12812	     12	   2892	  15716	   3d64	limit_switch.elf
Finished building: default.size.stdout
 
12:04:49 **** Incremental Build of configuration Debug for project motor2 ****
make -j7 all 
arm-none-eabi-gcc "../Core/Src/main.c" -mcpu=cortex-m3 -std=gnu11 -g3 -DDEBUG -DUSE_HAL_DRIVER -DSTM32F103xB -c -I../Core/Inc -I../Drivers/STM32F1xx_HAL_Driver/Inc -I../Drivers/STM32F1xx_HAL_Driver/Inc/Legacy -I../Drivers/CMSIS/Device/ST/STM32F1xx/Include -I../Drivers/CMSIS/Include -O0 -ffunction-sections -fdata-sections -Wall -fstack-usage -fcyclomatic-complexity -MMD -MP -MF"Core/Src/main.d" -MT"Core/Src/main.o" --specs=nano.specs -mfloat-abi=soft -mthumb -o "Core/Src/main.o"
../Core/Src/main.c: In function 'main':
../Core/Src/main.c:105:11: warning: implicit declaration of function 'Motor_Control' [-Wimplicit-function-declaration]
  105 |           Motor_Control();
      |           ^~~~~~~~~~~~~
../Core/Src/main.c: At top level:
../Core/Src/main.c:150:6: warning: conflicting types for 'Motor_Control'; have 'void(void)'
  150 | void Motor_Control(void)
      |      ^~~~~~~~~~~~~
../Core/Src/main.c:105:11: note: previous implicit declaration of 'Motor_Control' with type 'void(void)'
  105 |           Motor_Control();
      |           ^~~~~~~~~~~~~
arm-none-eabi-gcc -o "motor2.elf" @"objects.list"   -mcpu=cortex-m3 -T"/Users/vihaanravishankar/Desktop/Turnstile stuff/motor2/STM32F103RBTX_FLASH.ld" --specs=nosys.specs -Wl,-Map="motor2.map" -Wl,--gc-sections -static --specs=nano.specs -mfloat-abi=soft -mthumb -Wl,--start-group -lc -lm -Wl,--end-group
Finished building target: motor2.elf
 
arm-none-eabi-size  motor2.elf 
arm-none-eabi-objdump -h -S motor2.elf  > "motor2.list"
   text	   data	    bss	    dec	    hex	filename
   9224	     12	   1716	  10952	   2ac8	motor2.elf
Finished building: default.size.stdout
 
Finished building: motor2.list
 
12:04:49 **** Incremental Build of configuration Debug for project motor_control ****
make -j7 all 
arm-none-eabi-size  motor_control.elf 
   text	   data	    bss	    dec	    hex	filename
  16444	     12	   2964	  19420	   4bdc	motor_control.elf
Finished building: default.size.stdout
 
12:04:50 **** Incremental Build of configuration Debug for project rfid ****
make -j7 all 
arm-none-eabi-size  rfid.elf 
   text	   data	    bss	    dec	    hex	filename
   9464	     12	   1748	  11224	   2bd8	rfid.elf
Finished building: default.size.stdout
 
12:05:10 **** Incremental Build of configuration Debug for project motor2 ****
make -j7 all 
arm-none-eabi-size  motor2.elf 
   text	   data	    bss	    dec	    hex	filename
   9224	     12	   1716	  10952	   2ac8	motor2.elf
Finished building: default.size.stdout
 
12:07:15 **** Incremental Build of configuration Debug for project motor2 ****
make -j7 all 
arm-none-eabi-size  motor2.elf 
   text	   data	    bss	    dec	    hex	filename
   9224	     12	   1716	  10952	   2ac8	motor2.elf
Finished building: default.size.stdout
 
12:08:42 **** Incremental Build of configuration Debug for project limit_switch ****
make -j7 all 
arm-none-eabi-size  limit_switch.elf 
   text	   data	    bss	    dec	    hex	filename
  12812	     12	   2892	  15716	   3d64	limit_switch.elf
Finished building: default.size.stdout
 
12:08:43 **** Incremental Build of configuration Debug for project motor2 ****
make -j7 all 
arm-none-eabi-gcc "../Core/Src/main.c" -mcpu=cortex-m3 -std=gnu11 -g3 -DDEBUG -DUSE_HAL_DRIVER -DSTM32F103xB -c -I../Core/Inc -I../Drivers/STM32F1xx_HAL_Driver/Inc -I../Drivers/STM32F1xx_HAL_Driver/Inc/Legacy -I../Drivers/CMSIS/Device/ST/STM32F1xx/Include -I../Drivers/CMSIS/Include -O0 -ffunction-sections -fdata-sections -Wall -fstack-usage -fcyclomatic-complexity -MMD -MP -MF"Core/Src/main.d" -MT"Core/Src/main.o" --specs=nano.specs -mfloat-abi=soft -mthumb -o "Core/Src/main.o"
../Core/Src/main.c: In function 'main':
../Core/Src/main.c:105:11: warning: implicit declaration of function 'Motor_Control' [-Wimplicit-function-declaration]
  105 |           Motor_Control();
      |           ^~~~~~~~~~~~~
../Core/Src/main.c: At top level:
../Core/Src/main.c:150:6: warning: conflicting types for 'Motor_Control'; have 'void(void)'
  150 | void Motor_Control(void)
      |      ^~~~~~~~~~~~~
../Core/Src/main.c:105:11: note: previous implicit declaration of 'Motor_Control' with type 'void(void)'
  105 |           Motor_Control();
      |           ^~~~~~~~~~~~~
arm-none-eabi-gcc -o "motor2.elf" @"objects.list"   -mcpu=cortex-m3 -T"/Users/vihaanravishankar/Desktop/Turnstile stuff/motor2/STM32F103RBTX_FLASH.ld" --specs=nosys.specs -Wl,-Map="motor2.map" -Wl,--gc-sections -static --specs=nano.specs -mfloat-abi=soft -mthumb -Wl,--start-group -lc -lm -Wl,--end-group
Finished building target: motor2.elf
 
arm-none-eabi-size  motor2.elf 
arm-none-eabi-objdump -h -S motor2.elf  > "motor2.list"
   text	   data	    bss	    dec	    hex	filename
   9224	     12	   1716	  10952	   2ac8	motor2.elf
Finished building: default.size.stdout
 
Finished building: motor2.list
 
12:08:44 **** Incremental Build of configuration Debug for project motor_control ****
make -j7 all 
arm-none-eabi-size  motor_control.elf 
   text	   data	    bss	    dec	    hex	filename
  16444	     12	   2964	  19420	   4bdc	motor_control.elf
Finished building: default.size.stdout
 
12:08:45 **** Incremental Build of configuration Debug for project rfid ****
make -j7 all 
arm-none-eabi-size  rfid.elf 
   text	   data	    bss	    dec	    hex	filename
   9464	     12	   1748	  11224	   2bd8	rfid.elf
Finished building: default.size.stdout
 
12:08:48 **** Incremental Build of configuration Debug for project motor2 ****
make -j7 all 
arm-none-eabi-size  motor2.elf 
   text	   data	    bss	    dec	    hex	filename
   9224	     12	   1716	  10952	   2ac8	motor2.elf
Finished building: default.size.stdout
 
12:09:04 **** Incremental Build of configuration Debug for project motor2 ****
make -j7 all 
arm-none-eabi-size  motor2.elf 
   text	   data	    bss	    dec	    hex	filename
   9224	     12	   1716	  10952	   2ac8	motor2.elf
Finished building: default.size.stdout
 
12:10:39 **** Incremental Build of configuration Debug for project limit_switch ****
make -j7 all 
arm-none-eabi-size  limit_switch.elf 
   text	   data	    bss	    dec	    hex	filename
  12812	     12	   2892	  15716	   3d64	limit_switch.elf
Finished building: default.size.stdout
 
12:10:40 **** Incremental Build of configuration Debug for project motor2 ****
make -j7 all 
arm-none-eabi-gcc "../Core/Src/main.c" -mcpu=cortex-m3 -std=gnu11 -g3 -DDEBUG -DUSE_HAL_DRIVER -DSTM32F103xB -c -I../Core/Inc -I../Drivers/STM32F1xx_HAL_Driver/Inc -I../Drivers/STM32F1xx_HAL_Driver/Inc/Legacy -I../Drivers/CMSIS/Device/ST/STM32F1xx/Include -I../Drivers/CMSIS/Include -O0 -ffunction-sections -fdata-sections -Wall -fstack-usage -fcyclomatic-complexity -MMD -MP -MF"Core/Src/main.d" -MT"Core/Src/main.o" --specs=nano.specs -mfloat-abi=soft -mthumb -o "Core/Src/main.o"
../Core/Src/main.c: In function 'main':
../Core/Src/main.c:105:11: warning: implicit declaration of function 'Motor_Control' [-Wimplicit-function-declaration]
  105 |           Motor_Control();
      |           ^~~~~~~~~~~~~
../Core/Src/main.c: At top level:
../Core/Src/main.c:150:6: warning: conflicting types for 'Motor_Control'; have 'void(void)'
  150 | void Motor_Control(void)
      |      ^~~~~~~~~~~~~
../Core/Src/main.c:105:11: note: previous implicit declaration of 'Motor_Control' with type 'void(void)'
  105 |           Motor_Control();
      |           ^~~~~~~~~~~~~
arm-none-eabi-gcc -o "motor2.elf" @"objects.list"   -mcpu=cortex-m3 -T"/Users/vihaanravishankar/Desktop/Turnstile stuff/motor2/STM32F103RBTX_FLASH.ld" --specs=nosys.specs -Wl,-Map="motor2.map" -Wl,--gc-sections -static --specs=nano.specs -mfloat-abi=soft -mthumb -Wl,--start-group -lc -lm -Wl,--end-group
Finished building target: motor2.elf
 
arm-none-eabi-size  motor2.elf 
arm-none-eabi-objdump -h -S motor2.elf  > "motor2.list"
   text	   data	    bss	    dec	    hex	filename
   9224	     12	   1716	  10952	   2ac8	motor2.elf
Finished building: default.size.stdout
 
Finished building: motor2.list
 
12:10:41 **** Incremental Build of configuration Debug for project motor_control ****
make -j7 all 
arm-none-eabi-size  motor_control.elf 
   text	   data	    bss	    dec	    hex	filename
  16444	     12	   2964	  19420	   4bdc	motor_control.elf
Finished building: default.size.stdout
 
12:10:42 **** Incremental Build of configuration Debug for project rfid ****
make -j7 all 
arm-none-eabi-size  rfid.elf 
   text	   data	    bss	    dec	    hex	filename
   9464	     12	   1748	  11224	   2bd8	rfid.elf
Finished building: default.size.stdout
 
12:10:44 **** Incremental Build of configuration Debug for project motor2 ****
make -j7 all 
arm-none-eabi-size  motor2.elf 
   text	   data	    bss	    dec	    hex	filename
   9224	     12	   1716	  10952	   2ac8	motor2.elf
Finished building: default.size.stdout
 
12:14:12 **** Incremental Build of configuration Debug for project limit_switch ****
make -j7 all 
arm-none-eabi-size  limit_switch.elf 
   text	   data	    bss	    dec	    hex	filename
  12812	     12	   2892	  15716	   3d64	limit_switch.elf
Finished building: default.size.stdout
 
12:14:13 **** Incremental Build of configuration Debug for project motor2 ****
make -j7 all 
arm-none-eabi-gcc "../Core/Src/main.c" -mcpu=cortex-m3 -std=gnu11 -g3 -DDEBUG -DUSE_HAL_DRIVER -DSTM32F103xB -c -I../Core/Inc -I../Drivers/STM32F1xx_HAL_Driver/Inc -I../Drivers/STM32F1xx_HAL_Driver/Inc/Legacy -I../Drivers/CMSIS/Device/ST/STM32F1xx/Include -I../Drivers/CMSIS/Include -O0 -ffunction-sections -fdata-sections -Wall -fstack-usage -fcyclomatic-complexity -MMD -MP -MF"Core/Src/main.d" -MT"Core/Src/main.o" --specs=nano.specs -mfloat-abi=soft -mthumb -o "Core/Src/main.o"
../Core/Src/main.c: In function 'main':
../Core/Src/main.c:105:11: warning: implicit declaration of function 'Motor_Control' [-Wimplicit-function-declaration]
  105 |           Motor_Control();
      |           ^~~~~~~~~~~~~
../Core/Src/main.c: At top level:
../Core/Src/main.c:150:6: warning: conflicting types for 'Motor_Control'; have 'void(void)'
  150 | void Motor_Control(void)
      |      ^~~~~~~~~~~~~
../Core/Src/main.c:105:11: note: previous implicit declaration of 'Motor_Control' with type 'void(void)'
  105 |           Motor_Control();
      |           ^~~~~~~~~~~~~
arm-none-eabi-gcc -o "motor2.elf" @"objects.list"   -mcpu=cortex-m3 -T"/Users/vihaanravishankar/Desktop/Turnstile stuff/motor2/STM32F103RBTX_FLASH.ld" --specs=nosys.specs -Wl,-Map="motor2.map" -Wl,--gc-sections -static --specs=nano.specs -mfloat-abi=soft -mthumb -Wl,--start-group -lc -lm -Wl,--end-group
Finished building target: motor2.elf
 
arm-none-eabi-size  motor2.elf 
arm-none-eabi-objdump -h -S motor2.elf  > "motor2.list"
   text	   data	    bss	    dec	    hex	filename
   9224	     12	   1716	  10952	   2ac8	motor2.elf
Finished building: default.size.stdout
 
Finished building: motor2.list
 
12:14:15 **** Incremental Build of configuration Debug for project motor_control ****
make -j7 all 
arm-none-eabi-size  motor_control.elf 
   text	   data	    bss	    dec	    hex	filename
  16444	     12	   2964	  19420	   4bdc	motor_control.elf
Finished building: default.size.stdout
 
12:14:15 **** Incremental Build of configuration Debug for project rfid ****
make -j7 all 
arm-none-eabi-size  rfid.elf 
   text	   data	    bss	    dec	    hex	filename
   9464	     12	   1748	  11224	   2bd8	rfid.elf
Finished building: default.size.stdout
 
12:14:18 **** Incremental Build of configuration Debug for project motor2 ****
make -j7 all 
arm-none-eabi-size  motor2.elf 
   text	   data	    bss	    dec	    hex	filename
   9224	     12	   1716	  10952	   2ac8	motor2.elf
Finished building: default.size.stdout
 
12:22:02 **** Incremental Build of configuration Debug for project limit_switch ****
make -j7 all 
arm-none-eabi-size  limit_switch.elf 
   text	   data	    bss	    dec	    hex	filename
  12812	     12	   2892	  15716	   3d64	limit_switch.elf
Finished building: default.size.stdout
 
12:22:03 **** Incremental Build of configuration Debug for project motor2 ****
make -j7 all 
arm-none-eabi-gcc "../Core/Src/main.c" -mcpu=cortex-m3 -std=gnu11 -g3 -DDEBUG -DUSE_HAL_DRIVER -DSTM32F103xB -c -I../Core/Inc -I../Drivers/STM32F1xx_HAL_Driver/Inc -I../Drivers/STM32F1xx_HAL_Driver/Inc/Legacy -I../Drivers/CMSIS/Device/ST/STM32F1xx/Include -I../Drivers/CMSIS/Include -O0 -ffunction-sections -fdata-sections -Wall -fstack-usage -fcyclomatic-complexity -MMD -MP -MF"Core/Src/main.d" -MT"Core/Src/main.o" --specs=nano.specs -mfloat-abi=soft -mthumb -o "Core/Src/main.o"
../Core/Src/main.c: In function 'main':
../Core/Src/main.c:105:11: warning: implicit declaration of function 'Motor_Control' [-Wimplicit-function-declaration]
  105 |           Motor_Control();
      |           ^~~~~~~~~~~~~
../Core/Src/main.c: At top level:
../Core/Src/main.c:150:6: warning: conflicting types for 'Motor_Control'; have 'void(void)'
  150 | void Motor_Control(void)
      |      ^~~~~~~~~~~~~
../Core/Src/main.c:105:11: note: previous implicit declaration of 'Motor_Control' with type 'void(void)'
  105 |           Motor_Control();
      |           ^~~~~~~~~~~~~
arm-none-eabi-gcc -o "motor2.elf" @"objects.list"   -mcpu=cortex-m3 -T"/Users/vihaanravishankar/Desktop/Turnstile stuff/motor2/STM32F103RBTX_FLASH.ld" --specs=nosys.specs -Wl,-Map="motor2.map" -Wl,--gc-sections -static --specs=nano.specs -mfloat-abi=soft -mthumb -Wl,--start-group -lc -lm -Wl,--end-group
Finished building target: motor2.elf
 
arm-none-eabi-size  motor2.elf 
arm-none-eabi-objdump -h -S motor2.elf  > "motor2.list"
   text	   data	    bss	    dec	    hex	filename
   9228	     12	   1716	  10956	   2acc	motor2.elf
Finished building: default.size.stdout
 
Finished building: motor2.list
 
12:22:04 **** Incremental Build of configuration Debug for project motor_control ****
make -j7 all 
arm-none-eabi-size  motor_control.elf 
   text	   data	    bss	    dec	    hex	filename
  16444	     12	   2964	  19420	   4bdc	motor_control.elf
Finished building: default.size.stdout
 
12:22:04 **** Incremental Build of configuration Debug for project rfid ****
make -j7 all 
arm-none-eabi-size  rfid.elf 
   text	   data	    bss	    dec	    hex	filename
   9464	     12	   1748	  11224	   2bd8	rfid.elf
Finished building: default.size.stdout
 
12:22:07 **** Incremental Build of configuration Debug for project motor2 ****
make -j7 all 
arm-none-eabi-size  motor2.elf 
   text	   data	    bss	    dec	    hex	filename
   9228	     12	   1716	  10956	   2acc	motor2.elf
Finished building: default.size.stdout
 
12:23:04 **** Incremental Build of configuration Debug for project limit_switch ****
make -j7 all 
arm-none-eabi-size  limit_switch.elf 
   text	   data	    bss	    dec	    hex	filename
  12812	     12	   2892	  15716	   3d64	limit_switch.elf
Finished building: default.size.stdout
 
12:23:05 **** Incremental Build of configuration Debug for project motor2 ****
make -j7 all 
arm-none-eabi-gcc "../Drivers/STM32F1xx_HAL_Driver/Src/stm32f1xx_hal.c" -mcpu=cortex-m3 -std=gnu11 -g3 -DDEBUG -DUSE_HAL_DRIVER -DSTM32F103xB -c -I../Core/Inc -I../Drivers/STM32F1xx_HAL_Driver/Inc -I../Drivers/STM32F1xx_HAL_Driver/Inc/Legacy -I../Drivers/CMSIS/Device/ST/STM32F1xx/Include -I../Drivers/CMSIS/Include -O0 -ffunction-sections -fdata-sections -Wall -fstack-usage -fcyclomatic-complexity -MMD -MP -MF"Drivers/STM32F1xx_HAL_Driver/Src/stm32f1xx_hal.d" -MT"Drivers/STM32F1xx_HAL_Driver/Src/stm32f1xx_hal.o" --specs=nano.specs -mfloat-abi=soft -mthumb -o "Drivers/STM32F1xx_HAL_Driver/Src/stm32f1xx_hal.o"
arm-none-eabi-gcc "../Drivers/STM32F1xx_HAL_Driver/Src/stm32f1xx_hal_cortex.c" -mcpu=cortex-m3 -std=gnu11 -g3 -DDEBUG -DUSE_HAL_DRIVER -DSTM32F103xB -c -I../Core/Inc -I../Drivers/STM32F1xx_HAL_Driver/Inc -I../Drivers/STM32F1xx_HAL_Driver/Inc/Legacy -I../Drivers/CMSIS/Device/ST/STM32F1xx/Include -I../Drivers/CMSIS/Include -O0 -ffunction-sections -fdata-sections -Wall -fstack-usage -fcyclomatic-complexity -MMD -MP -MF"Drivers/STM32F1xx_HAL_Driver/Src/stm32f1xx_hal_cortex.d" -MT"Drivers/STM32F1xx_HAL_Driver/Src/stm32f1xx_hal_cortex.o" --specs=nano.specs -mfloat-abi=soft -mthumb -o "Drivers/STM32F1xx_HAL_Driver/Src/stm32f1xx_hal_cortex.o"
arm-none-eabi-gcc "../Drivers/STM32F1xx_HAL_Driver/Src/stm32f1xx_hal_dma.c" -mcpu=cortex-m3 -std=gnu11 -g3 -DDEBUG -DUSE_HAL_DRIVER -DSTM32F103xB -c -I../Core/Inc -I../Drivers/STM32F1xx_HAL_Driver/Inc -I../Drivers/STM32F1xx_HAL_Driver/Inc/Legacy -I../Drivers/CMSIS/Device/ST/STM32F1xx/Include -I../Drivers/CMSIS/Include -O0 -ffunction-sections -fdata-sections -Wall -fstack-usage -fcyclomatic-complexity -MMD -MP -MF"Drivers/STM32F1xx_HAL_Driver/Src/stm32f1xx_hal_dma.d" -MT"Drivers/STM32F1xx_HAL_Driver/Src/stm32f1xx_hal_dma.o" --specs=nano.specs -mfloat-abi=soft -mthumb -o "Drivers/STM32F1xx_HAL_Driver/Src/stm32f1xx_hal_dma.o"
arm-none-eabi-gcc "../Drivers/STM32F1xx_HAL_Driver/Src/stm32f1xx_hal_exti.c" -mcpu=cortex-m3 -std=gnu11 -g3 -DDEBUG -DUSE_HAL_DRIVER -DSTM32F103xB -c -I../Core/Inc -I../Drivers/STM32F1xx_HAL_Driver/Inc -I../Drivers/STM32F1xx_HAL_Driver/Inc/Legacy -I../Drivers/CMSIS/Device/ST/STM32F1xx/Include -I../Drivers/CMSIS/Include -O0 -ffunction-sections -fdata-sections -Wall -fstack-usage -fcyclomatic-complexity -MMD -MP -MF"Drivers/STM32F1xx_HAL_Driver/Src/stm32f1xx_hal_exti.d" -MT"Drivers/STM32F1xx_HAL_Driver/Src/stm32f1xx_hal_exti.o" --specs=nano.specs -mfloat-abi=soft -mthumb -o "Drivers/STM32F1xx_HAL_Driver/Src/stm32f1xx_hal_exti.o"
arm-none-eabi-gcc "../Drivers/STM32F1xx_HAL_Driver/Src/stm32f1xx_hal_flash.c" -mcpu=cortex-m3 -std=gnu11 -g3 -DDEBUG -DUSE_HAL_DRIVER -DSTM32F103xB -c -I../Core/Inc -I../Drivers/STM32F1xx_HAL_Driver/Inc -I../Drivers/STM32F1xx_HAL_Driver/Inc/Legacy -I../Drivers/CMSIS/Device/ST/STM32F1xx/Include -I../Drivers/CMSIS/Include -O0 -ffunction-sections -fdata-sections -Wall -fstack-usage -fcyclomatic-complexity -MMD -MP -MF"Drivers/STM32F1xx_HAL_Driver/Src/stm32f1xx_hal_flash.d" -MT"Drivers/STM32F1xx_HAL_Driver/Src/stm32f1xx_hal_flash.o" --specs=nano.specs -mfloat-abi=soft -mthumb -o "Drivers/STM32F1xx_HAL_Driver/Src/stm32f1xx_hal_flash.o"
arm-none-eabi-gcc "../Drivers/STM32F1xx_HAL_Driver/Src/stm32f1xx_hal_flash_ex.c" -mcpu=cortex-m3 -std=gnu11 -g3 -DDEBUG -DUSE_HAL_DRIVER -DSTM32F103xB -c -I../Core/Inc -I../Drivers/STM32F1xx_HAL_Driver/Inc -I../Drivers/STM32F1xx_HAL_Driver/Inc/Legacy -I../Drivers/CMSIS/Device/ST/STM32F1xx/Include -I../Drivers/CMSIS/Include -O0 -ffunction-sections -fdata-sections -Wall -fstack-usage -fcyclomatic-complexity -MMD -MP -MF"Drivers/STM32F1xx_HAL_Driver/Src/stm32f1xx_hal_flash_ex.d" -MT"Drivers/STM32F1xx_HAL_Driver/Src/stm32f1xx_hal_flash_ex.o" --specs=nano.specs -mfloat-abi=soft -mthumb -o "Drivers/STM32F1xx_HAL_Driver/Src/stm32f1xx_hal_flash_ex.o"
arm-none-eabi-gcc "../Drivers/STM32F1xx_HAL_Driver/Src/stm32f1xx_hal_gpio.c" -mcpu=cortex-m3 -std=gnu11 -g3 -DDEBUG -DUSE_HAL_DRIVER -DSTM32F103xB -c -I../Core/Inc -I../Drivers/STM32F1xx_HAL_Driver/Inc -I../Drivers/STM32F1xx_HAL_Driver/Inc/Legacy -I../Drivers/CMSIS/Device/ST/STM32F1xx/Include -I../Drivers/CMSIS/Include -O0 -ffunction-sections -fdata-sections -Wall -fstack-usage -fcyclomatic-complexity -MMD -MP -MF"Drivers/STM32F1xx_HAL_Driver/Src/stm32f1xx_hal_gpio.d" -MT"Drivers/STM32F1xx_HAL_Driver/Src/stm32f1xx_hal_gpio.o" --specs=nano.specs -mfloat-abi=soft -mthumb -o "Drivers/STM32F1xx_HAL_Driver/Src/stm32f1xx_hal_gpio.o"
arm-none-eabi-gcc "../Drivers/STM32F1xx_HAL_Driver/Src/stm32f1xx_hal_gpio_ex.c" -mcpu=cortex-m3 -std=gnu11 -g3 -DDEBUG -DUSE_HAL_DRIVER -DSTM32F103xB -c -I../Core/Inc -I../Drivers/STM32F1xx_HAL_Driver/Inc -I../Drivers/STM32F1xx_HAL_Driver/Inc/Legacy -I../Drivers/CMSIS/Device/ST/STM32F1xx/Include -I../Drivers/CMSIS/Include -O0 -ffunction-sections -fdata-sections -Wall -fstack-usage -fcyclomatic-complexity -MMD -MP -MF"Drivers/STM32F1xx_HAL_Driver/Src/stm32f1xx_hal_gpio_ex.d" -MT"Drivers/STM32F1xx_HAL_Driver/Src/stm32f1xx_hal_gpio_ex.o" --specs=nano.specs -mfloat-abi=soft -mthumb -o "Drivers/STM32F1xx_HAL_Driver/Src/stm32f1xx_hal_gpio_ex.o"
arm-none-eabi-gcc "../Drivers/STM32F1xx_HAL_Driver/Src/stm32f1xx_hal_pwr.c" -mcpu=cortex-m3 -std=gnu11 -g3 -DDEBUG -DUSE_HAL_DRIVER -DSTM32F103xB -c -I../Core/Inc -I../Drivers/STM32F1xx_HAL_Driver/Inc -I../Drivers/STM32F1xx_HAL_Driver/Inc/Legacy -I../Drivers/CMSIS/Device/ST/STM32F1xx/Include -I../Drivers/CMSIS/Include -O0 -ffunction-sections -fdata-sections -Wall -fstack-usage -fcyclomatic-complexity -MMD -MP -MF"Drivers/STM32F1xx_HAL_Driver/Src/stm32f1xx_hal_pwr.d" -MT"Drivers/STM32F1xx_HAL_Driver/Src/stm32f1xx_hal_pwr.o" --specs=nano.specs -mfloat-abi=soft -mthumb -o "Drivers/STM32F1xx_HAL_Driver/Src/stm32f1xx_hal_pwr.o"
arm-none-eabi-gcc "../Drivers/STM32F1xx_HAL_Driver/Src/stm32f1xx_hal_rcc.c" -mcpu=cortex-m3 -std=gnu11 -g3 -DDEBUG -DUSE_HAL_DRIVER -DSTM32F103xB -c -I../Core/Inc -I../Drivers/STM32F1xx_HAL_Driver/Inc -I../Drivers/STM32F1xx_HAL_Driver/Inc/Legacy -I../Drivers/CMSIS/Device/ST/STM32F1xx/Include -I../Drivers/CMSIS/Include -O0 -ffunction-sections -fdata-sections -Wall -fstack-usage -fcyclomatic-complexity -MMD -MP -MF"Drivers/STM32F1xx_HAL_Driver/Src/stm32f1xx_hal_rcc.d" -MT"Drivers/STM32F1xx_HAL_Driver/Src/stm32f1xx_hal_rcc.o" --specs=nano.specs -mfloat-abi=soft -mthumb -o "Drivers/STM32F1xx_HAL_Driver/Src/stm32f1xx_hal_rcc.o"
arm-none-eabi-gcc "../Drivers/STM32F1xx_HAL_Driver/Src/stm32f1xx_hal_rcc_ex.c" -mcpu=cortex-m3 -std=gnu11 -g3 -DDEBUG -DUSE_HAL_DRIVER -DSTM32F103xB -c -I../Core/Inc -I../Drivers/STM32F1xx_HAL_Driver/Inc -I../Drivers/STM32F1xx_HAL_Driver/Inc/Legacy -I../Drivers/CMSIS/Device/ST/STM32F1xx/Include -I../Drivers/CMSIS/Include -O0 -ffunction-sections -fdata-sections -Wall -fstack-usage -fcyclomatic-complexity -MMD -MP -MF"Drivers/STM32F1xx_HAL_Driver/Src/stm32f1xx_hal_rcc_ex.d" -MT"Drivers/STM32F1xx_HAL_Driver/Src/stm32f1xx_hal_rcc_ex.o" --specs=nano.specs -mfloat-abi=soft -mthumb -o "Drivers/STM32F1xx_HAL_Driver/Src/stm32f1xx_hal_rcc_ex.o"
arm-none-eabi-gcc "../Drivers/STM32F1xx_HAL_Driver/Src/stm32f1xx_hal_tim.c" -mcpu=cortex-m3 -std=gnu11 -g3 -DDEBUG -DUSE_HAL_DRIVER -DSTM32F103xB -c -I../Core/Inc -I../Drivers/STM32F1xx_HAL_Driver/Inc -I../Drivers/STM32F1xx_HAL_Driver/Inc/Legacy -I../Drivers/CMSIS/Device/ST/STM32F1xx/Include -I../Drivers/CMSIS/Include -O0 -ffunction-sections -fdata-sections -Wall -fstack-usage -fcyclomatic-complexity -MMD -MP -MF"Drivers/STM32F1xx_HAL_Driver/Src/stm32f1xx_hal_tim.d" -MT"Drivers/STM32F1xx_HAL_Driver/Src/stm32f1xx_hal_tim.o" --specs=nano.specs -mfloat-abi=soft -mthumb -o "Drivers/STM32F1xx_HAL_Driver/Src/stm32f1xx_hal_tim.o"
arm-none-eabi-gcc "../Drivers/STM32F1xx_HAL_Driver/Src/stm32f1xx_hal_tim_ex.c" -mcpu=cortex-m3 -std=gnu11 -g3 -DDEBUG -DUSE_HAL_DRIVER -DSTM32F103xB -c -I../Core/Inc -I../Drivers/STM32F1xx_HAL_Driver/Inc -I../Drivers/STM32F1xx_HAL_Driver/Inc/Legacy -I../Drivers/CMSIS/Device/ST/STM32F1xx/Include -I../Drivers/CMSIS/Include -O0 -ffunction-sections -fdata-sections -Wall -fstack-usage -fcyclomatic-complexity -MMD -MP -MF"Drivers/STM32F1xx_HAL_Driver/Src/stm32f1xx_hal_tim_ex.d" -MT"Drivers/STM32F1xx_HAL_Driver/Src/stm32f1xx_hal_tim_ex.o" --specs=nano.specs -mfloat-abi=soft -mthumb -o "Drivers/STM32F1xx_HAL_Driver/Src/stm32f1xx_hal_tim_ex.o"
arm-none-eabi-gcc "../Drivers/STM32F1xx_HAL_Driver/Src/stm32f1xx_hal_uart.c" -mcpu=cortex-m3 -std=gnu11 -g3 -DDEBUG -DUSE_HAL_DRIVER -DSTM32F103xB -c -I../Core/Inc -I../Drivers/STM32F1xx_HAL_Driver/Inc -I../Drivers/STM32F1xx_HAL_Driver/Inc/Legacy -I../Drivers/CMSIS/Device/ST/STM32F1xx/Include -I../Drivers/CMSIS/Include -O0 -ffunction-sections -fdata-sections -Wall -fstack-usage -fcyclomatic-complexity -MMD -MP -MF"Drivers/STM32F1xx_HAL_Driver/Src/stm32f1xx_hal_uart.d" -MT"Drivers/STM32F1xx_HAL_Driver/Src/stm32f1xx_hal_uart.o" --specs=nano.specs -mfloat-abi=soft -mthumb -o "Drivers/STM32F1xx_HAL_Driver/Src/stm32f1xx_hal_uart.o"
arm-none-eabi-gcc "../Core/Src/gpio.c" -mcpu=cortex-m3 -std=gnu11 -g3 -DDEBUG -DUSE_HAL_DRIVER -DSTM32F103xB -c -I../Core/Inc -I../Drivers/STM32F1xx_HAL_Driver/Inc -I../Drivers/STM32F1xx_HAL_Driver/Inc/Legacy -I../Drivers/CMSIS/Device/ST/STM32F1xx/Include -I../Drivers/CMSIS/Include -O0 -ffunction-sections -fdata-sections -Wall -fstack-usage -fcyclomatic-complexity -MMD -MP -MF"Core/Src/gpio.d" -MT"Core/Src/gpio.o" --specs=nano.specs -mfloat-abi=soft -mthumb -o "Core/Src/gpio.o"
arm-none-eabi-gcc "../Core/Src/main.c" -mcpu=cortex-m3 -std=gnu11 -g3 -DDEBUG -DUSE_HAL_DRIVER -DSTM32F103xB -c -I../Core/Inc -I../Drivers/STM32F1xx_HAL_Driver/Inc -I../Drivers/STM32F1xx_HAL_Driver/Inc/Legacy -I../Drivers/CMSIS/Device/ST/STM32F1xx/Include -I../Drivers/CMSIS/Include -O0 -ffunction-sections -fdata-sections -Wall -fstack-usage -fcyclomatic-complexity -MMD -MP -MF"Core/Src/main.d" -MT"Core/Src/main.o" --specs=nano.specs -mfloat-abi=soft -mthumb -o "Core/Src/main.o"
arm-none-eabi-gcc "../Core/Src/stm32f1xx_hal_msp.c" -mcpu=cortex-m3 -std=gnu11 -g3 -DDEBUG -DUSE_HAL_DRIVER -DSTM32F103xB -c -I../Core/Inc -I../Drivers/STM32F1xx_HAL_Driver/Inc -I../Drivers/STM32F1xx_HAL_Driver/Inc/Legacy -I../Drivers/CMSIS/Device/ST/STM32F1xx/Include -I../Drivers/CMSIS/Include -O0 -ffunction-sections -fdata-sections -Wall -fstack-usage -fcyclomatic-complexity -MMD -MP -MF"Core/Src/stm32f1xx_hal_msp.d" -MT"Core/Src/stm32f1xx_hal_msp.o" --specs=nano.specs -mfloat-abi=soft -mthumb -o "Core/Src/stm32f1xx_hal_msp.o"
arm-none-eabi-gcc "../Core/Src/stm32f1xx_it.c" -mcpu=cortex-m3 -std=gnu11 -g3 -DDEBUG -DUSE_HAL_DRIVER -DSTM32F103xB -c -I../Core/Inc -I../Drivers/STM32F1xx_HAL_Driver/Inc -I../Drivers/STM32F1xx_HAL_Driver/Inc/Legacy -I../Drivers/CMSIS/Device/ST/STM32F1xx/Include -I../Drivers/CMSIS/Include -O0 -ffunction-sections -fdata-sections -Wall -fstack-usage -fcyclomatic-complexity -MMD -MP -MF"Core/Src/stm32f1xx_it.d" -MT"Core/Src/stm32f1xx_it.o" --specs=nano.specs -mfloat-abi=soft -mthumb -o "Core/Src/stm32f1xx_it.o"
../Core/Src/main.c: In function 'main':
../Core/Src/main.c:105:11: warning: implicit declaration of function 'Motor_Control' [-Wimplicit-function-declaration]
  105 |           Motor_Control();
      |           ^~~~~~~~~~~~~
../Core/Src/main.c: At top level:
../Core/Src/main.c:150:6: warning: conflicting types for 'Motor_Control'; have 'void(void)'
  150 | void Motor_Control(void)
      |      ^~~~~~~~~~~~~
../Core/Src/main.c:105:11: note: previous implicit declaration of 'Motor_Control' with type 'void(void)'
  105 |           Motor_Control();
      |           ^~~~~~~~~~~~~
arm-none-eabi-gcc "../Core/Src/system_stm32f1xx.c" -mcpu=cortex-m3 -std=gnu11 -g3 -DDEBUG -DUSE_HAL_DRIVER -DSTM32F103xB -c -I../Core/Inc -I../Drivers/STM32F1xx_HAL_Driver/Inc -I../Drivers/STM32F1xx_HAL_Driver/Inc/Legacy -I../Drivers/CMSIS/Device/ST/STM32F1xx/Include -I../Drivers/CMSIS/Include -O0 -ffunction-sections -fdata-sections -Wall -fstack-usage -fcyclomatic-complexity -MMD -MP -MF"Core/Src/system_stm32f1xx.d" -MT"Core/Src/system_stm32f1xx.o" --specs=nano.specs -mfloat-abi=soft -mthumb -o "Core/Src/system_stm32f1xx.o"
arm-none-eabi-gcc "../Core/Src/tim.c" -mcpu=cortex-m3 -std=gnu11 -g3 -DDEBUG -DUSE_HAL_DRIVER -DSTM32F103xB -c -I../Core/Inc -I../Drivers/STM32F1xx_HAL_Driver/Inc -I../Drivers/STM32F1xx_HAL_Driver/Inc/Legacy -I../Drivers/CMSIS/Device/ST/STM32F1xx/Include -I../Drivers/CMSIS/Include -O0 -ffunction-sections -fdata-sections -Wall -fstack-usage -fcyclomatic-complexity -MMD -MP -MF"Core/Src/tim.d" -MT"Core/Src/tim.o" --specs=nano.specs -mfloat-abi=soft -mthumb -o "Core/Src/tim.o"
arm-none-eabi-gcc "../Core/Src/usart.c" -mcpu=cortex-m3 -std=gnu11 -g3 -DDEBUG -DUSE_HAL_DRIVER -DSTM32F103xB -c -I../Core/Inc -I../Drivers/STM32F1xx_HAL_Driver/Inc -I../Drivers/STM32F1xx_HAL_Driver/Inc/Legacy -I../Drivers/CMSIS/Device/ST/STM32F1xx/Include -I../Drivers/CMSIS/Include -O0 -ffunction-sections -fdata-sections -Wall -fstack-usage -fcyclomatic-complexity -MMD -MP -MF"Core/Src/usart.d" -MT"Core/Src/usart.o" --specs=nano.specs -mfloat-abi=soft -mthumb -o "Core/Src/usart.o"
arm-none-eabi-gcc -o "motor2.elf" @"objects.list"   -mcpu=cortex-m3 -T"/Users/vihaanravishankar/Desktop/Turnstile stuff/motor2/STM32F103RBTX_FLASH.ld" --specs=nosys.specs -Wl,-Map="motor2.map" -Wl,--gc-sections -static --specs=nano.specs -mfloat-abi=soft -mthumb -Wl,--start-group -lc -lm -Wl,--end-group
Finished building target: motor2.elf
 
arm-none-eabi-size  motor2.elf 
arm-none-eabi-objdump -h -S motor2.elf  > "motor2.list"
   text	   data	    bss	    dec	    hex	filename
   9224	     12	   1716	  10952	   2ac8	motor2.elf
Finished building: default.size.stdout
 
Finished building: motor2.list
 
12:23:07 **** Incremental Build of configuration Debug for project motor_control ****
make -j7 all 
arm-none-eabi-size  motor_control.elf 
   text	   data	    bss	    dec	    hex	filename
  16444	     12	   2964	  19420	   4bdc	motor_control.elf
Finished building: default.size.stdout
 
12:23:07 **** Incremental Build of configuration Debug for project rfid ****
make -j7 all 
arm-none-eabi-size  rfid.elf 
   text	   data	    bss	    dec	    hex	filename
   9464	     12	   1748	  11224	   2bd8	rfid.elf
Finished building: default.size.stdout
 
12:23:11 **** Incremental Build of configuration Debug for project motor2 ****
make -j7 all 
arm-none-eabi-size  motor2.elf 
   text	   data	    bss	    dec	    hex	filename
   9224	     12	   1716	  10952	   2ac8	motor2.elf
Finished building: default.size.stdout
 
12:25:18 **** Incremental Build of configuration Debug for project limit_switch ****
make -j7 all 
arm-none-eabi-size  limit_switch.elf 
   text	   data	    bss	    dec	    hex	filename
  12812	     12	   2892	  15716	   3d64	limit_switch.elf
Finished building: default.size.stdout
 
12:25:18 **** Incremental Build of configuration Debug for project motor2 ****
make -j7 all 
[...]
  110 |           Speed_Control(500);
      |           ^~~~~~~~~~~~~
../Core/Src/main.c:111:11: warning: implicit declaration of function 'Direction' [-Wimplicit-function-declaration]
  111 |           Direction(1);
      |           ^~~~~~~~~
../Core/Src/main.c: At top level:
../Core/Src/main.c:157:6: warning: conflicting types for 'Speed_Control'; have 'void(int)'
  157 | void Speed_Control(int a)
      |      ^~~~~~~~~~~~~
../Core/Src/main.c:110:11: note: previous implicit declaration of 'Speed_Control' with type 'void(int)'
  110 |           Speed_Control(500);
      |           ^~~~~~~~~~~~~
../Core/Src/main.c:165:6: warning: conflicting types for 'Direction'; have 'void(int)'
  165 | void Direction(int a)
      |      ^~~~~~~~~
../Core/Src/main.c:111:11: note: previous implicit declaration of 'Direction' with type 'void(int)'
  111 |           Direction(1);
      |           ^~~~~~~~~
../Core/Src/main.c: In function 'HAL_GPIO_EXTI_Callback':
../Core/Src/main.c:181:17: warning: implicit declaration of function 'encoder' [-Wimplicit-function-declaration]
  181 |                 encoder();
      |                 ^~~~~~~
../Core/Src/main.c: At top level:
../Core/Src/main.c:185:6: warning: conflicting types for 'encoder'; have 'void(void)'
  185 | void encoder(void)
      |      ^~~~~~~
../Core/Src/main.c:181:17: note: previous implicit declaration of 'encoder' with type 'void(void)'
  181 |                 encoder();
      |                 ^~~~~~~
arm-none-eabi-gcc -o "motor2.elf" @"objects.list"   -mcpu=cortex-m3 -T"/Users/vihaanravishankar/Desktop/Turnstile stuff/motor2/STM32F103RBTX_FLASH.ld" --specs=nosys.specs -Wl,-Map="motor2.map" -Wl,--gc-sections -static --specs=nano.specs -mfloat-abi=soft -mthumb -Wl,--start-group -lc -lm -Wl,--end-group
Finished building target: motor2.elf
 
arm-none-eabi-size  motor2.elf 
arm-none-eabi-objdump -h -S motor2.elf  > "motor2.list"
   text	   data	    bss	    dec	    hex	filename
   9436	     12	   1724	  11172	   2ba4	motor2.elf
Finished building: default.size.stdout
 
Finished building: motor2.list
 
15:49:02 **** Incremental Build of configuration Debug for project limit_switch ****
make -j7 all 
arm-none-eabi-size  limit_switch.elf 
   text	   data	    bss	    dec	    hex	filename
  12812	     12	   2892	  15716	   3d64	limit_switch.elf
Finished building: default.size.stdout
 
15:49:03 **** Incremental Build of configuration Debug for project motor2 ****
make -j7 all 
arm-none-eabi-gcc "../Core/Src/main.c" -mcpu=cortex-m3 -std=gnu11 -g3 -DDEBUG -DUSE_HAL_DRIVER -DSTM32F103xB -c -I../Core/Inc -I../Drivers/STM32F1xx_HAL_Driver/Inc -I../Drivers/STM32F1xx_HAL_Driver/Inc/Legacy -I../Drivers/CMSIS/Device/ST/STM32F1xx/Include -I../Drivers/CMSIS/Include -O0 -ffunction-sections -fdata-sections -Wall -fstack-usage -fcyclomatic-complexity -MMD -MP -MF"Core/Src/main.d" -MT"Core/Src/main.o" --specs=nano.specs -mfloat-abi=soft -mthumb -o "Core/Src/main.o"
../Core/Src/main.c: In function 'main':
../Core/Src/main.c:110:11: warning: implicit declaration of function 'Speed_Control' [-Wimplicit-function-declaration]
  110 |           Speed_Control(1000);
      |           ^~~~~~~~~~~~~
../Core/Src/main.c:111:11: warning: implicit declaration of function 'Direction' [-Wimplicit-function-declaration]
  111 |           Direction(0);
      |           ^~~~~~~~~
../Core/Src/main.c: At top level:
../Core/Src/main.c:156:6: warning: conflicting types for 'Speed_Control'; have 'void(int)'
  156 | void Speed_Control(int a)
      |      ^~~~~~~~~~~~~
../Core/Src/main.c:110:11: note: previous implicit declaration of 'Speed_Control' with type 'void(int)'
  110 |           Speed_Control(1000);
      |           ^~~~~~~~~~~~~
../Core/Src/main.c:164:6: warning: conflicting types for 'Direction'; have 'void(int)'
  164 | void Direction(int a)
      |      ^~~~~~~~~
../Core/Src/main.c:111:11: note: previous implicit declaration of 'Direction' with type 'void(int)'
  111 |           Direction(0);
      |           ^~~~~~~~~
../Core/Src/main.c: In function 'HAL_GPIO_EXTI_Callback':
../Core/Src/main.c:180:17: warning: implicit declaration of function 'encoder' [-Wimplicit-function-declaration]
  180 |                 encoder();
      |                 ^~~~~~~
../Core/Src/main.c: At top level:
../Core/Src/main.c:184:6: warning: conflicting types for 'encoder'; have 'void(void)'
  184 | void encoder(void)
      |      ^~~~~~~
../Core/Src/main.c:180:17: note: previous implicit declaration of 'encoder' with type 'void(void)'
  180 |                 encoder();
      |                 ^~~~~~~
arm-none-eabi-gcc -o "motor2.elf" @"objects.list"   -mcpu=cortex-m3 -T"/Users/vihaanravishankar/Desktop/Turnstile stuff/motor2/STM32F103RBTX_FLASH.ld" --specs=nosys.specs -Wl,-Map="motor2.map" -Wl,--gc-sections -static --specs=nano.specs -mfloat-abi=soft -mthumb -Wl,--start-group -lc -lm -Wl,--end-group
Finished building target: motor2.elf
 
arm-none-eabi-size  motor2.elf 
arm-none-eabi-objdump -h -S motor2.elf  > "motor2.list"
   text	   data	    bss	    dec	    hex	filename
   9432	     12	   1724	  11168	   2ba0	motor2.elf
Finished building: default.size.stdout
 
Finished building: motor2.list
 
15:49:04 **** Incremental Build of configuration Debug for project motor_control ****
make -j7 all 
arm-none-eabi-size  motor_control.elf 
   text	   data	    bss	    dec	    hex	filename
  16444	     12	   2964	  19420	   4bdc	motor_control.elf
Finished building: default.size.stdout
 
15:49:05 **** Incremental Build of configuration Debug for project rfid ****
make -j7 all 
arm-none-eabi-size  rfid.elf 
   text	   data	    bss	    dec	    hex	filename
   9464	     12	   1748	  11224	   2bd8	rfid.elf
Finished building: default.size.stdout
 
15:49:17 **** Incremental Build of configuration Debug for project motor2 ****
make -j7 all 
arm-none-eabi-size  motor2.elf 
   text	   data	    bss	    dec	    hex	filename
   9432	     12	   1724	  11168	   2ba0	motor2.elf
Finished building: default.size.stdout
 
15:58:13 **** Incremental Build of configuration Debug for project limit_switch ****
make -j7 all 
arm-none-eabi-size  limit_switch.elf 
   text	   data	    bss	    dec	    hex	filename
  12812	     12	   2892	  15716	   3d64	limit_switch.elf
Finished building: default.size.stdout
 
15:58:14 **** Incremental Build of configuration Debug for project motor2 ****
make -j7 all 
arm-none-eabi-gcc "../Core/Src/main.c" -mcpu=cortex-m3 -std=gnu11 -g3 -DDEBUG -DUSE_HAL_DRIVER -DSTM32F103xB -c -I../Core/Inc -I../Drivers/STM32F1xx_HAL_Driver/Inc -I../Drivers/STM32F1xx_HAL_Driver/Inc/Legacy -I../Drivers/CMSIS/Device/ST/STM32F1xx/Include -I../Drivers/CMSIS/Include -O0 -ffunction-sections -fdata-sections -Wall -fstack-usage -fcyclomatic-complexity -MMD -MP -MF"Core/Src/main.d" -MT"Core/Src/main.o" --specs=nano.specs -mfloat-abi=soft -mthumb -o "Core/Src/main.o"
../Core/Src/main.c: In function 'main':
../Core/Src/main.c:111:11: warning: implicit declaration of function 'Speed_Control' [-Wimplicit-function-declaration]
  111 |           Speed_Control(1000);
      |           ^~~~~~~~~~~~~
../Core/Src/main.c:112:11: warning: implicit declaration of function 'Direction' [-Wimplicit-function-declaration]
  112 |           Direction(0);
      |           ^~~~~~~~~
../Core/Src/main.c: At top level:
../Core/Src/main.c:157:6: warning: conflicting types for 'Speed_Control'; have 'void(int)'
  157 | void Speed_Control(int a)
      |      ^~~~~~~~~~~~~
../Core/Src/main.c:111:11: note: previous implicit declaration of 'Speed_Control' with type 'void(int)'
  111 |           Speed_Control(1000);
      |           ^~~~~~~~~~~~~
../Core/Src/main.c:165:6: warning: conflicting types for 'Direction'; have 'void(int)'
  165 | void Direction(int a)
      |      ^~~~~~~~~
../Core/Src/main.c:112:11: note: previous implicit declaration of 'Direction' with type 'void(int)'
  112 |           Direction(0);
      |           ^~~~~~~~~
../Core/Src/main.c: In function 'HAL_GPIO_EXTI_Callback':
../Core/Src/main.c:183:17: warning: implicit declaration of function 'encoder' [-Wimplicit-function-declaration]
  183 |                 encoder();
      |                 ^~~~~~~
../Core/Src/main.c: At top level:
../Core/Src/main.c:187:6: warning: conflicting types for 'encoder'; have 'void(void)'
  187 | void encoder(void)
      |      ^~~~~~~
../Core/Src/main.c:183:17: note: previous implicit declaration of 'encoder' with type 'void(void)'
  183 |                 encoder();
      |                 ^~~~~~~
arm-none-eabi-gcc -o "motor2.elf" @"objects.list"   -mcpu=cortex-m3 -T"/Users/vihaanravishankar/Desktop/Turnstile stuff/motor2/STM32F103RBTX_FLASH.ld" --specs=nosys.specs -Wl,-Map="motor2.map" -Wl,--gc-sections -static --specs=nano.specs -mfloat-abi=soft -mthumb -Wl,--start-group -lc -lm -Wl,--end-group
Finished building target: motor2.elf
 
arm-none-eabi-size  motor2.elf 
arm-none-eabi-objdump -h -S motor2.elf  > "motor2.list"
   text	   data	    bss	    dec	    hex	filename
   9420	     12	   1716	  11148	   2b8c	motor2.elf
Finished building: default.size.stdout
 
Finished building: motor2.list
 
15:58:15 **** Incremental Build of configuration Debug for project motor_control ****
make -j7 all 
arm-none-eabi-size  motor_control.elf 
   text	   data	    bss	    dec	    hex	filename
  16444	     12	   2964	  19420	   4bdc	motor_control.elf
Finished building: default.size.stdout
 
15:58:16 **** Incremental Build of configuration Debug for project rfid ****
make -j7 all 
arm-none-eabi-size  rfid.elf 
   text	   data	    bss	    dec	    hex	filename
   9464	     12	   1748	  11224	   2bd8	rfid.elf
Finished building: default.size.stdout
 
15:58:27 **** Incremental Build of configuration Debug for project motor2 ****
make -j7 all 
arm-none-eabi-size  motor2.elf 
   text	   data	    bss	    dec	    hex	filename
   9420	     12	   1716	  11148	   2b8c	motor2.elf
Finished building: default.size.stdout
 
16:01:00 **** Incremental Build of configuration Debug for project limit_switch ****
make -j7 all 
arm-none-eabi-size  limit_switch.elf 
   text	   data	    bss	    dec	    hex	filename
  12812	     12	   2892	  15716	   3d64	limit_switch.elf
Finished building: default.size.stdout
 
16:01:01 **** Incremental Build of configuration Debug for project motor2 ****
make -j7 all 
arm-none-eabi-gcc "../Core/Src/main.c" -mcpu=cortex-m3 -std=gnu11 -g3 -DDEBUG -DUSE_HAL_DRIVER -DSTM32F103xB -c -I../Core/Inc -I../Drivers/STM32F1xx_HAL_Driver/Inc -I../Drivers/STM32F1xx_HAL_Driver/Inc/Legacy -I../Drivers/CMSIS/Device/ST/STM32F1xx/Include -I../Drivers/CMSIS/Include -O0 -ffunction-sections -fdata-sections -Wall -fstack-usage -fcyclomatic-complexity -MMD -MP -MF"Core/Src/main.d" -MT"Core/Src/main.o" --specs=nano.specs -mfloat-abi=soft -mthumb -o "Core/Src/main.o"
../Core/Src/main.c: In function 'main':
../Core/Src/main.c:113:19: warning: implicit declaration of function 'quarter_circle_cw' [-Wimplicit-function-declaration]
  113 |                   quarter_circle_cw();
      |                   ^~~~~~~~~~~~~~~~~
../Core/Src/main.c: In function 'HAL_GPIO_EXTI_Callback':
../Core/Src/main.c:182:17: warning: implicit declaration of function 'encoder' [-Wimplicit-function-declaration]
  182 |                 encoder();
      |                 ^~~~~~~
../Core/Src/main.c: At top level:
../Core/Src/main.c:186:6: warning: conflicting types for 'encoder'; have 'void(void)'
  186 | void encoder(void)
      |      ^~~~~~~
../Core/Src/main.c:182:17: note: previous implicit declaration of 'encoder' with type 'void(void)'
  182 |                 encoder();
      |                 ^~~~~~~
arm-none-eabi-gcc -o "motor2.elf" @"objects.list"   -mcpu=cortex-m3 -T"/Users/vihaanravishankar/Desktop/Turnstile stuff/motor2/STM32F103RBTX_FLASH.ld" --specs=nosys.specs -Wl,-Map="motor2.map" -Wl,--gc-sections -static --specs=nano.specs -mfloat-abi=soft -mthumb -Wl,--start-group -lc -lm -Wl,--end-group
/Applications/STM32CubeIDE.app/Contents/Eclipse/plugins/com.st.stm32cube.ide.mcu.externaltools.gnu-tools-for-stm32.12.3.rel1.macos64_1.0.200.202406191456/tools/bin/../lib/gcc/arm-none-eabi/12.3.1/../../../../arm-none-eabi/bin/ld: ./Core/Src/main.o: in function `main':
/Users/vihaanravishankar/Desktop/Turnstile stuff/motor2/Debug/../Core/Src/main.c:113: undefined reference to `quarter_circle_cw'
collect2: error: ld returned 1 exit status
make: *** [makefile:64: motor2.elf] Error 1
"make -j7 all" terminated with exit code 2. Build might be incomplete.
16:01:02 **** Incremental Build of configuration Debug for project motor_control ****
make -j7 all 
arm-none-eabi-size  motor_control.elf 
   text	   data	    bss	    dec	    hex	filename
  16444	     12	   2964	  19420	   4bdc	motor_control.elf
Finished building: default.size.stdout
 
16:01:03 **** Incremental Build of configuration Debug for project rfid ****
make -j7 all 
arm-none-eabi-size  rfid.elf 
   text	   data	    bss	    dec	    hex	filename
   9464	     12	   1748	  11224	   2bd8	rfid.elf
Finished building: default.size.stdout
 
16:01:21 **** Incremental Build of configuration Debug for project limit_switch ****
make -j7 all 
arm-none-eabi-size  limit_switch.elf 
   text	   data	    bss	    dec	    hex	filename
  12812	     12	   2892	  15716	   3d64	limit_switch.elf
Finished building: default.size.stdout
 
16:01:21 **** Incremental Build of configuration Debug for project motor2 ****
make -j7 all 
arm-none-eabi-gcc "../Core/Src/main.c" -mcpu=cortex-m3 -std=gnu11 -g3 -DDEBUG -DUSE_HAL_DRIVER -DSTM32F103xB -c -I../Core/Inc -I../Drivers/STM32F1xx_HAL_Driver/Inc -I../Drivers/STM32F1xx_HAL_Driver/Inc/Legacy -I../Drivers/CMSIS/Device/ST/STM32F1xx/Include -I../Drivers/CMSIS/Include -O0 -ffunction-sections -fdata-sections -Wall -fstack-usage -fcyclomatic-complexity -MMD -MP -MF"Core/Src/main.d" -MT"Core/Src/main.o" --specs=nano.specs -mfloat-abi=soft -mthumb -o "Core/Src/main.o"
../Core/Src/main.c: In function 'main':
../Core/Src/main.c:113:19: warning: implicit declaration of function 'quarter_cycle_cw' [-Wimplicit-function-declaration]
  113 |                   quarter_cycle_cw();
      |                   ^~~~~~~~~~~~~~~~
../Core/Src/main.c: In function 'HAL_GPIO_EXTI_Callback':
../Core/Src/main.c:182:17: warning: implicit declaration of function 'encoder' [-Wimplicit-function-declaration]
  182 |                 encoder();
      |                 ^~~~~~~
../Core/Src/main.c: At top level:
../Core/Src/main.c:186:6: warning: conflicting types for 'encoder'; have 'void(void)'
  186 | void encoder(void)
      |      ^~~~~~~
../Core/Src/main.c:182:17: note: previous implicit declaration of 'encoder' with type 'void(void)'
  182 |                 encoder();
      |                 ^~~~~~~
../Core/Src/main.c:195:6: warning: conflicting types for 'quarter_cycle_cw'; have 'void(void)'
  195 | void quarter_cycle_cw(void)
      |      ^~~~~~~~~~~~~~~~
../Core/Src/main.c:113:19: note: previous implicit declaration of 'quarter_cycle_cw' with type 'void(void)'
  113 |                   quarter_cycle_cw();
      |                   ^~~~~~~~~~~~~~~~
arm-none-eabi-gcc -o "motor2.elf" @"objects.list"   -mcpu=cortex-m3 -T"/Users/vihaanravishankar/Desktop/Turnstile stuff/motor2/STM32F103RBTX_FLASH.ld" --specs=nosys.specs -Wl,-Map="motor2.map" -Wl,--gc-sections -static --specs=nano.specs -mfloat-abi=soft -mthumb -Wl,--start-group -lc -lm -Wl,--end-group
Finished building target: motor2.elf
 
arm-none-eabi-size  motor2.elf 
arm-none-eabi-objdump -h -S motor2.elf  > "motor2.list"
   text	   data	    bss	    dec	    hex	filename
   9436	     12	   1716	  11164	   2b9c	motor2.elf
Finished building: default.size.stdout
 
Finished building: motor2.list
 
16:01:23 **** Incremental Build of configuration Debug for project motor_control ****
make -j7 all 
arm-none-eabi-size  motor_control.elf 
   text	   data	    bss	    dec	    hex	filename
  16444	     12	   2964	  19420	   4bdc	motor_control.elf
Finished building: default.size.stdout
 
16:01:23 **** Incremental Build of configuration Debug for project rfid ****
make -j7 all 
arm-none-eabi-size  rfid.elf 
   text	   data	    bss	    dec	    hex	filename
   9464	     12	   1748	  11224	   2bd8	rfid.elf
Finished building: default.size.stdout
 
16:01:34 **** Incremental Build of configuration Debug for project motor2 ****
make -j7 all 
arm-none-eabi-size  motor2.elf 
   text	   data	    bss	    dec	    hex	filename
   9436	     12	   1716	  11164	   2b9c	motor2.elf
Finished building: default.size.stdout
 
16:05:48 **** Incremental Build of configuration Debug for project limit_switch ****
make -j7 all 
arm-none-eabi-size  limit_switch.elf 
   text	   data	    bss	    dec	    hex	filename
  12812	     12	   2892	  15716	   3d64	limit_switch.elf
Finished building: default.size.stdout
 
16:05:48 **** Incremental Build of configuration Debug for project motor2 ****
make -j7 all 
arm-none-eabi-gcc "../Core/Src/main.c" -mcpu=cortex-m3 -std=gnu11 -g3 -DDEBUG -DUSE_HAL_DRIVER -DSTM32F103xB -c -I../Core/Inc -I../Drivers/STM32F1xx_HAL_Driver/Inc -I../Drivers/STM32F1xx_HAL_Driver/Inc/Legacy -I../Drivers/CMSIS/Device/ST/STM32F1xx/Include -I../Drivers/CMSIS/Include -O0 -ffunction-sections -fdata-sections -Wall -fstack-usage -fcyclomatic-complexity -MMD -MP -MF"Core/Src/main.d" -MT"Core/Src/main.o" --specs=nano.specs -mfloat-abi=soft -mthumb -o "Core/Src/main.o"
../Core/Src/main.c: In function 'main':
../Core/Src/main.c:113:19: warning: implicit declaration of function 'quarter_cycle_acw' [-Wimplicit-function-declaration]
  113 |                   quarter_cycle_acw();
      |                   ^~~~~~~~~~~~~~~~~
../Core/Src/main.c: In function 'HAL_GPIO_EXTI_Callback':
../Core/Src/main.c:182:17: warning: implicit declaration of function 'encoder' [-Wimplicit-function-declaration]
  182 |                 encoder();
      |                 ^~~~~~~
../Core/Src/main.c: At top level:
../Core/Src/main.c:186:6: warning: conflicting types for 'encoder'; have 'void(void)'
  186 | void encoder(void)
      |      ^~~~~~~
../Core/Src/main.c:182:17: note: previous implicit declaration of 'encoder' with type 'void(void)'
  182 |                 encoder();
      |                 ^~~~~~~
../Core/Src/main.c:200:6: warning: conflicting types for 'quarter_cycle_acw'; have 'void(void)'
  200 | void quarter_cycle_acw(void)
      |      ^~~~~~~~~~~~~~~~~
../Core/Src/main.c:113:19: note: previous implicit declaration of 'quarter_cycle_acw' with type 'void(void)'
  113 |                   quarter_cycle_acw();
      |                   ^~~~~~~~~~~~~~~~~
arm-none-eabi-gcc -o "motor2.elf" @"objects.list"   -mcpu=cortex-m3 -T"/Users/vihaanravishankar/Desktop/Turnstile stuff/motor2/STM32F103RBTX_FLASH.ld" --specs=nosys.specs -Wl,-Map="motor2.map" -Wl,--gc-sections -static --specs=nano.specs -mfloat-abi=soft -mthumb -Wl,--start-group -lc -lm -Wl,--end-group
Finished building target: motor2.elf
 
arm-none-eabi-size  motor2.elf 
arm-none-eabi-objdump -h -S motor2.elf  > "motor2.list"
   text	   data	    bss	    dec	    hex	filename
   9436	     12	   1716	  11164	   2b9c	motor2.elf
Finished building: default.size.stdout
 
Finished building: motor2.list
 
16:05:49 **** Incremental Build of configuration Debug for project motor_control ****
make -j7 all 
arm-none-eabi-size  motor_control.elf 
   text	   data	    bss	    dec	    hex	filename
  16444	     12	   2964	  19420	   4bdc	motor_control.elf
Finished building: default.size.stdout
 
16:05:50 **** Incremental Build of configuration Debug for project rfid ****
make -j7 all 
arm-none-eabi-size  rfid.elf 
   text	   data	    bss	    dec	    hex	filename
   9464	     12	   1748	  11224	   2bd8	rfid.elf
Finished building: default.size.stdout
 
16:05:55 **** Incremental Build of configuration Debug for project motor2 ****
make -j7 all 
arm-none-eabi-size  motor2.elf 
   text	   data	    bss	    dec	    hex	filename
   9436	     12	   1716	  11164	   2b9c	motor2.elf
Finished building: default.size.stdout
 
