14:40:20 **** Incremental Build of configuration Debug for project turnstile_stm_program ****
make -j7 all 
arm-none-eabi-gcc "../Core/Src/main.c" -mcpu=cortex-m3 -std=gnu11 -g3 -DDEBUG -DUSE_HAL_DRIVER -DSTM32F103xB -c -I../Core/Inc -I../Drivers/STM32F1xx_HAL_Driver/Inc -I../Drivers/STM32F1xx_HAL_Driver/Inc/Legacy -I../Drivers/CMSIS/Device/ST/STM32F1xx/Include -I../Drivers/CMSIS/Include -I../I-CUBE-WS28XX -I../Middlewares/Third_Party/NimaLTD_Driver/WS28XX -O0 -ffunction-sections -fdata-sections -Wall -fstack-usage -fcyclomatic-complexity -MMD -MP -MF"Core/Src/main.d" -MT"Core/Src/main.o" --specs=nano.specs -mfloat-abi=soft -mthumb -o "Core/Src/main.o"
../Core/Src/main.c: In function 'Clear_All_Animations':
../Core/Src/main.c:226:15: warning: passing argument 1 of 'Led_Strip' from incompatible pointer type [-Wincompatible-pointer-types]
  226 |     Led_Strip(&ws, entryStrip, entryStripSize, "off");
      |               ^~~
      |               |
      |               WS28XX_HandleTypeDef **
../Core/Src/main.c:176:38: note: expected 'WS28XX_HandleTypeDef *' but argument is of type 'WS28XX_HandleTypeDef **'
  176 | void Led_Strip(WS28XX_HandleTypeDef *ws, int *strip, int strip_size, char *color) {
      |                ~~~~~~~~~~~~~~~~~~~~~~^~
../Core/Src/main.c:227:15: warning: passing argument 1 of 'Led_Strip' from incompatible pointer type [-Wincompatible-pointer-types]
  227 |     Led_Strip(&ws, entryRFID, entryRFIDSize, "off");
      |               ^~~
      |               |
      |               WS28XX_HandleTypeDef **
../Core/Src/main.c:176:38: note: expected 'WS28XX_HandleTypeDef *' but argument is of type 'WS28XX_HandleTypeDef **'
  176 | void Led_Strip(WS28XX_HandleTypeDef *ws, int *strip, int strip_size, char *color) {
      |                ~~~~~~~~~~~~~~~~~~~~~~^~
../Core/Src/main.c:228:15: warning: passing argument 1 of 'Led_Strip' from incompatible pointer type [-Wincompatible-pointer-types]
  228 |     Led_Strip(&ws, exitStrip, exitStripSize, "off");
      |               ^~~
      |               |
      |               WS28XX_HandleTypeDef **
../Core/Src/main.c:176:38: note: expected 'WS28XX_HandleTypeDef *' but argument is of type 'WS28XX_HandleTypeDef **'
  176 | void Led_Strip(WS28XX_HandleTypeDef *ws, int *strip, int strip_size, char *color) {
      |                ~~~~~~~~~~~~~~~~~~~~~~^~
../Core/Src/main.c:229:15: warning: passing argument 1 of 'Led_Strip' from incompatible pointer type [-Wincompatible-pointer-types]
  229 |     Led_Strip(&ws, exitRFID, exitRFIDSize, "off");
      |               ^~~
      |               |
      |               WS28XX_HandleTypeDef **
../Core/Src/main.c:176:38: note: expected 'WS28XX_HandleTypeDef *' but argument is of type 'WS28XX_HandleTypeDef **'
  176 | void Led_Strip(WS28XX_HandleTypeDef *ws, int *strip, int strip_size, char *color) {
      |                ~~~~~~~~~~~~~~~~~~~~~~^~
../Core/Src/main.c: In function 'Entry_Granted_Animation':
../Core/Src/main.c:243:19: warning: passing argument 1 of 'Led_Strip' from incompatible pointer type [-Wincompatible-pointer-types]
  243 |         Led_Strip(&ws, entryStrip, entryStripSize, "green");
      |                   ^~~
      |                   |
      |                   WS28XX_HandleTypeDef **
../Core/Src/main.c:176:38: note: expected 'WS28XX_HandleTypeDef *' but argument is of type 'WS28XX_HandleTypeDef **'
  176 | void Led_Strip(WS28XX_HandleTypeDef *ws, int *strip, int strip_size, char *color) {
      |                ~~~~~~~~~~~~~~~~~~~~~~^~
../Core/Src/main.c:244:19: warning: passing argument 1 of 'Led_Strip' from incompatible pointer type [-Wincompatible-pointer-types]
  244 |         Led_Strip(&ws, entryRFID, entryRFIDSize, "green");
      |                   ^~~
      |                   |
      |                   WS28XX_HandleTypeDef **
../Core/Src/main.c:176:38: note: expected 'WS28XX_HandleTypeDef *' but argument is of type 'WS28XX_HandleTypeDef **'
  176 | void Led_Strip(WS28XX_HandleTypeDef *ws, int *strip, int strip_size, char *color) {
      |                ~~~~~~~~~~~~~~~~~~~~~~^~
../Core/Src/main.c:245:19: warning: passing argument 1 of 'Led_Strip' from incompatible pointer type [-Wincompatible-pointer-types]
  245 |         Led_Strip(&ws, exitStrip, exitStripSize, "red");
      |                   ^~~
      |                   |
      |                   WS28XX_HandleTypeDef **
../Core/Src/main.c:176:38: note: expected 'WS28XX_HandleTypeDef *' but argument is of type 'WS28XX_HandleTypeDef **'
  176 | void Led_Strip(WS28XX_HandleTypeDef *ws, int *strip, int strip_size, char *color) {
      |                ~~~~~~~~~~~~~~~~~~~~~~^~
../Core/Src/main.c:246:19: warning: passing argument 1 of 'Led_Strip' from incompatible pointer type [-Wincompatible-pointer-types]
  246 |         Led_Strip(&ws, exitRFID, exitRFIDSize, "red");
      |                   ^~~
      |                   |
      |                   WS28XX_HandleTypeDef **
../Core/Src/main.c:176:38: note: expected 'WS28XX_HandleTypeDef *' but argument is of type 'WS28XX_HandleTypeDef **'
  176 | void Led_Strip(WS28XX_HandleTypeDef *ws, int *strip, int strip_size, char *color) {
      |                ~~~~~~~~~~~~~~~~~~~~~~^~
../Core/Src/main.c: In function 'Exit_Granted_Animation':
../Core/Src/main.c:271:19: warning: passing argument 1 of 'Led_Strip' from incompatible pointer type [-Wincompatible-pointer-types]
  271 |         Led_Strip(&ws, entryStrip, entryStripSize, "red");
      |                   ^~~
      |                   |
      |                   WS28XX_HandleTypeDef **
../Core/Src/main.c:176:38: note: expected 'WS28XX_HandleTypeDef *' but argument is of type 'WS28XX_HandleTypeDef **'
  176 | void Led_Strip(WS28XX_HandleTypeDef *ws, int *strip, int strip_size, char *color) {
      |                ~~~~~~~~~~~~~~~~~~~~~~^~
../Core/Src/main.c:272:19: warning: passing argument 1 of 'Led_Strip' from incompatible pointer type [-Wincompatible-pointer-types]
  272 |         Led_Strip(&ws, entryRFID, entryRFIDSize, "red");
      |                   ^~~
      |                   |
      |                   WS28XX_HandleTypeDef **
../Core/Src/main.c:176:38: note: expected 'WS28XX_HandleTypeDef *' but argument is of type 'WS28XX_HandleTypeDef **'
  176 | void Led_Strip(WS28XX_HandleTypeDef *ws, int *strip, int strip_size, char *color) {
      |                ~~~~~~~~~~~~~~~~~~~~~~^~
../Core/Src/main.c:273:19: warning: passing argument 1 of 'Led_Strip' from incompatible pointer type [-Wincompatible-pointer-types]
  273 |         Led_Strip(&ws, exitStrip, exitStripSize, "green");
      |                   ^~~
      |                   |
      |                   WS28XX_HandleTypeDef **
../Core/Src/main.c:176:38: note: expected 'WS28XX_HandleTypeDef *' but argument is of type 'WS28XX_HandleTypeDef **'
  176 | void Led_Strip(WS28XX_HandleTypeDef *ws, int *strip, int strip_size, char *color) {
      |                ~~~~~~~~~~~~~~~~~~~~~~^~
../Core/Src/main.c:274:19: warning: passing argument 1 of 'Led_Strip' from incompatible pointer type [-Wincompatible-pointer-types]
  274 |         Led_Strip(&ws, exitRFID, exitRFIDSize, "green");
      |                   ^~~
      |                   |
      |                   WS28XX_HandleTypeDef **
../Core/Src/main.c:176:38: note: expected 'WS28XX_HandleTypeDef *' but argument is of type 'WS28XX_HandleTypeDef **'
  176 | void Led_Strip(WS28XX_HandleTypeDef *ws, int *strip, int strip_size, char *color) {
      |                ~~~~~~~~~~~~~~~~~~~~~~^~
../Core/Src/main.c: In function 'Ready_State_Animation':
../Core/Src/main.c:289:19: warning: passing argument 1 of 'Led_Strip' from incompatible pointer type [-Wincompatible-pointer-types]
  289 |         Led_Strip(&ws, entryStrip, entryStripSize, "blue");
      |                   ^~~
      |                   |
      |                   WS28XX_HandleTypeDef **
../Core/Src/main.c:176:38: note: expected 'WS28XX_HandleTypeDef *' but argument is of type 'WS28XX_HandleTypeDef **'
  176 | void Led_Strip(WS28XX_HandleTypeDef *ws, int *strip, int strip_size, char *color) {
      |                ~~~~~~~~~~~~~~~~~~~~~~^~
../Core/Src/main.c:290:19: warning: passing argument 1 of 'Led_Strip' from incompatible pointer type [-Wincompatible-pointer-types]
  290 |         Led_Strip(&ws, entryRFID, entryRFIDSize, "blue");
      |                   ^~~
      |                   |
      |                   WS28XX_HandleTypeDef **
../Core/Src/main.c:176:38: note: expected 'WS28XX_HandleTypeDef *' but argument is of type 'WS28XX_HandleTypeDef **'
  176 | void Led_Strip(WS28XX_HandleTypeDef *ws, int *strip, int strip_size, char *color) {
      |                ~~~~~~~~~~~~~~~~~~~~~~^~
../Core/Src/main.c:291:19: warning: passing argument 1 of 'Led_Strip' from incompatible pointer type [-Wincompatible-pointer-types]
  291 |         Led_Strip(&ws, exitStrip, exitStripSize, "blue");
      |                   ^~~
      |                   |
      |                   WS28XX_HandleTypeDef **
../Core/Src/main.c:176:38: note: expected 'WS28XX_HandleTypeDef *' but argument is of type 'WS28XX_HandleTypeDef **'
  176 | void Led_Strip(WS28XX_HandleTypeDef *ws, int *strip, int strip_size, char *color) {
      |                ~~~~~~~~~~~~~~~~~~~~~~^~
../Core/Src/main.c:292:19: warning: passing argument 1 of 'Led_Strip' from incompatible pointer type [-Wincompatible-pointer-types]
  292 |         Led_Strip(&ws, exitRFID, exitRFIDSize, "blue");
      |                   ^~~
      |                   |
      |                   WS28XX_HandleTypeDef **
../Core/Src/main.c:176:38: note: expected 'WS28XX_HandleTypeDef *' but argument is of type 'WS28XX_HandleTypeDef **'
  176 | void Led_Strip(WS28XX_HandleTypeDef *ws, int *strip, int strip_size, char *color) {
      |                ~~~~~~~~~~~~~~~~~~~~~~^~
../Core/Src/main.c: In function 'Access_Denied_Animation':
../Core/Src/main.c:320:19: warning: passing argument 1 of 'Led_Strip' from incompatible pointer type [-Wincompatible-pointer-types]
  320 |         Led_Strip(&ws, entryStrip, entryStripSize, "red");
      |                   ^~~
      |                   |
      |                   WS28XX_HandleTypeDef **
../Core/Src/main.c:176:38: note: expected 'WS28XX_HandleTypeDef *' but argument is of type 'WS28XX_HandleTypeDef **'
  176 | void Led_Strip(WS28XX_HandleTypeDef *ws, int *strip, int strip_size, char *color) {
      |                ~~~~~~~~~~~~~~~~~~~~~~^~
../Core/Src/main.c:321:19: warning: passing argument 1 of 'Led_Strip' from incompatible pointer type [-Wincompatible-pointer-types]
  321 |         Led_Strip(&ws, entryRFID, entryRFIDSize, "red");
      |                   ^~~
      |                   |
      |                   WS28XX_HandleTypeDef **
../Core/Src/main.c:176:38: note: expected 'WS28XX_HandleTypeDef *' but argument is of type 'WS28XX_HandleTypeDef **'
  176 | void Led_Strip(WS28XX_HandleTypeDef *ws, int *strip, int strip_size, char *color) {
      |                ~~~~~~~~~~~~~~~~~~~~~~^~
../Core/Src/main.c:322:19: warning: passing argument 1 of 'Led_Strip' from incompatible pointer type [-Wincompatible-pointer-types]
  322 |         Led_Strip(&ws, exitStrip, exitStripSize, "red");
      |                   ^~~
      |                   |
      |                   WS28XX_HandleTypeDef **
../Core/Src/main.c:176:38: note: expected 'WS28XX_HandleTypeDef *' but argument is of type 'WS28XX_HandleTypeDef **'
  176 | void Led_Strip(WS28XX_HandleTypeDef *ws, int *strip, int strip_size, char *color) {
      |                ~~~~~~~~~~~~~~~~~~~~~~^~
../Core/Src/main.c:323:19: warning: passing argument 1 of 'Led_Strip' from incompatible pointer type [-Wincompatible-pointer-types]
  323 |         Led_Strip(&ws, exitRFID, exitRFIDSize, "red");
      |                   ^~~
      |                   |
      |                   WS28XX_HandleTypeDef **
../Core/Src/main.c:176:38: note: expected 'WS28XX_HandleTypeDef *' but argument is of type 'WS28XX_HandleTypeDef **'
  176 | void Led_Strip(WS28XX_HandleTypeDef *ws, int *strip, int strip_size, char *color) {
      |                ~~~~~~~~~~~~~~~~~~~~~~^~
../Core/Src/main.c: In function 'main':
../Core/Src/main.c:655:32: warning: passing argument 2 of 'HAL_UART_Receive_IT' from incompatible pointer type [-Wincompatible-pointer-types]
  655 |   HAL_UART_Receive_IT(&huart3, &responseData, 2);
      |                                ^~~~~~~~~~~~~
      |                                |
      |                                uint8_t (*)[2] {aka unsigned char (*)[2]}
In file included from ../Core/Inc/stm32f1xx_hal_conf.h:338,
                 from ../Drivers/STM32F1xx_HAL_Driver/Inc/stm32f1xx_hal.h:29,
                 from ../Core/Inc/main.h:30,
                 from ../Core/Src/main.c:20:
../Drivers/STM32F1xx_HAL_Driver/Inc/stm32f1xx_hal_uart.h:752:75: note: expected 'uint8_t *' {aka 'unsigned char *'} but argument is of type 'uint8_t (*)[2]' {aka 'unsigned char (*)[2]'}
  752 | HAL_StatusTypeDef HAL_UART_Receive_IT(UART_HandleTypeDef *huart, uint8_t *pData, uint16_t Size);
      |                                                                  ~~~~~~~~~^~~~~
arm-none-eabi-gcc -o "turnstile_stm_program.elf" @"objects.list"   -mcpu=cortex-m3 -T"/Users/vihaanravishankar/Desktop/Turnstile stuff/turnstile_stm_program/STM32F103RBTX_FLASH.ld" --specs=nosys.specs -Wl,-Map="turnstile_stm_program.map" -Wl,--gc-sections -static --specs=nano.specs -mfloat-abi=soft -mthumb -Wl,--start-group -lc -lm -Wl,--end-group
Finished building target: turnstile_stm_program.elf
 
arm-none-eabi-size  turnstile_stm_program.elf 
arm-none-eabi-objdump -h -S turnstile_stm_program.elf  > "turnstile_stm_program.list"
   text	   data	    bss	    dec	    hex	filename
  25736	   1004	  18228	  44968	   afa8	turnstile_stm_program.elf
Finished building: default.size.stdout
 
Finished building: turnstile_stm_program.list
 
12:30:00 **** Incremental Build of configuration Debug for project ir_sensor ****
make -j7 all 
arm-none-eabi-gcc "../Core/Src/main.c" -mcpu=cortex-m3 -std=gnu11 -g3 -DDEBUG -DUSE_HAL_DRIVER -DSTM32F103xB -c -I../Core/Inc -I../Drivers/STM32F1xx_HAL_Driver/Inc -I../Drivers/STM32F1xx_HAL_Driver/Inc/Legacy -I../Drivers/CMSIS/Device/ST/STM32F1xx/Include -I../Drivers/CMSIS/Include -O0 -ffunction-sections -fdata-sections -Wall -fstack-usage -fcyclomatic-complexity -MMD -MP -MF"Core/Src/main.d" -MT"Core/Src/main.o" --specs=nano.specs -mfloat-abi=soft -mthumb -o "Core/Src/main.o"
arm-none-eabi-gcc -o "ir_sensor.elf" @"objects.list"   -mcpu=cortex-m3 -T"/Users/vihaanravishankar/Desktop/Turnstile stuff/ir_sensor/STM32F103RBTX_FLASH.ld" --specs=nosys.specs -Wl,-Map="ir_sensor.map" -Wl,--gc-sections -static --specs=nano.specs -mfloat-abi=soft -mthumb -Wl,--start-group -lc -lm -Wl,--end-group
Finished building target: ir_sensor.elf
 
arm-none-eabi-size  ir_sensor.elf 
arm-none-eabi-objdump -h -S ir_sensor.elf  > "ir_sensor.list"
   text	   data	    bss	    dec	    hex	filename
   6020	     12	   1700	   7732	   1e34	ir_sensor.elf
Finished building: default.size.stdout
 
Finished building: ir_sensor.list
 
12:30:02 **** Incremental Build of configuration Debug for project led_matrix ****
make -j7 all 
arm-none-eabi-size  led_matrix.elf 
   text	   data	    bss	    dec	    hex	filename
  14208	     12	   8708	  22928	   5990	led_matrix.elf
Finished building: default.size.stdout
 
12:30:03 **** Incremental Build of configuration Debug for project limit_switch ****
make -j7 all 
arm-none-eabi-size  limit_switch.elf 
   text	   data	    bss	    dec	    hex	filename
  12812	     12	   2892	  15716	   3d64	limit_switch.elf
Finished building: default.size.stdout
 
12:30:04 **** Incremental Build of configuration Debug for project limit_switch2 ****
make -j7 all 
arm-none-eabi-size  limit_switch2.elf 
   text	   data	    bss	    dec	    hex	filename
   5656	     12	   1644	   7312	   1c90	limit_switch2.elf
Finished building: default.size.stdout
 
12:30:04 **** Incremental Build of configuration Debug for project motor2 ****
make -j7 all 
arm-none-eabi-size  motor2.elf 
   text	   data	    bss	    dec	    hex	filename
   9436	     12	   1716	  11164	   2b9c	motor2.elf
Finished building: default.size.stdout
 
12:30:05 **** Incremental Build of configuration Debug for project rfid ****
make -j7 all 
arm-none-eabi-size  rfid.elf 
   text	   data	    bss	    dec	    hex	filename
  11532	     92	   2148	  13772	   35cc	rfid.elf
Finished building: default.size.stdout
 
12:30:05 **** Incremental Build of configuration Debug for project turnstile_stm_program ****
make -j7 all 
arm-none-eabi-gcc "../Core/Src/main.c" -mcpu=cortex-m3 -std=gnu11 -g3 -DDEBUG -DUSE_HAL_DRIVER -DSTM32F103xB -c -I../Core/Inc -I../Drivers/STM32F1xx_HAL_Driver/Inc -I../Drivers/STM32F1xx_HAL_Driver/Inc/Legacy -I../Drivers/CMSIS/Device/ST/STM32F1xx/Include -I../Drivers/CMSIS/Include -I../I-CUBE-WS28XX -I../Middlewares/Third_Party/NimaLTD_Driver/WS28XX -O0 -ffunction-sections -fdata-sections -Wall -fstack-usage -fcyclomatic-complexity -MMD -MP -MF"Core/Src/main.d" -MT"Core/Src/main.o" --specs=nano.specs -mfloat-abi=soft -mthumb -o "Core/Src/main.o"
../Core/Src/main.c: In function 'Clear_All_Animations':
../Core/Src/main.c:226:15: warning: passing argument 1 of 'Led_Strip' from incompatible pointer type [-Wincompatible-pointer-types]
  226 |     Led_Strip(&ws, entryStrip, entryStripSize, "off");
      |               ^~~
      |               |
      |               WS28XX_HandleTypeDef **
../Core/Src/main.c:176:38: note: expected 'WS28XX_HandleTypeDef *' but argument is of type 'WS28XX_HandleTypeDef **'
  176 | void Led_Strip(WS28XX_HandleTypeDef *ws, int *strip, int strip_size, char *color) {
      |                ~~~~~~~~~~~~~~~~~~~~~~^~
../Core/Src/main.c:227:15: warning: passing argument 1 of 'Led_Strip' from incompatible pointer type [-Wincompatible-pointer-types]
  227 |     Led_Strip(&ws, entryRFID, entryRFIDSize, "off");
      |               ^~~
      |               |
      |               WS28XX_HandleTypeDef **
../Core/Src/main.c:176:38: note: expected 'WS28XX_HandleTypeDef *' but argument is of type 'WS28XX_HandleTypeDef **'
  176 | void Led_Strip(WS28XX_HandleTypeDef *ws, int *strip, int strip_size, char *color) {
      |                ~~~~~~~~~~~~~~~~~~~~~~^~
../Core/Src/main.c:228:15: warning: passing argument 1 of 'Led_Strip' from incompatible pointer type [-Wincompatible-pointer-types]
  228 |     Led_Strip(&ws, exitStrip, exitStripSize, "off");
      |               ^~~
      |               |
      |               WS28XX_HandleTypeDef **
../Core/Src/main.c:176:38: note: expected 'WS28XX_HandleTypeDef *' but argument is of type 'WS28XX_HandleTypeDef **'
  176 | void Led_Strip(WS28XX_HandleTypeDef *ws, int *strip, int strip_size, char *color) {
      |                ~~~~~~~~~~~~~~~~~~~~~~^~
../Core/Src/main.c:229:15: warning: passing argument 1 of 'Led_Strip' from incompatible pointer type [-Wincompatible-pointer-types]
  229 |     Led_Strip(&ws, exitRFID, exitRFIDSize, "off");
      |               ^~~
      |               |
      |               WS28XX_HandleTypeDef **
../Core/Src/main.c:176:38: note: expected 'WS28XX_HandleTypeDef *' but argument is of type 'WS28XX_HandleTypeDef **'
  176 | void Led_Strip(WS28XX_HandleTypeDef *ws, int *strip, int strip_size, char *color) {
      |                ~~~~~~~~~~~~~~~~~~~~~~^~
../Core/Src/main.c: In function 'Entry_Granted_Animation':
../Core/Src/main.c:243:19: warning: passing argument 1 of 'Led_Strip' from incompatible pointer type [-Wincompatible-pointer-types]
  243 |         Led_Strip(&ws, entryStrip, entryStripSize, "green");
      |                   ^~~
      |                   |
      |                   WS28XX_HandleTypeDef **
../Core/Src/main.c:176:38: note: expected 'WS28XX_HandleTypeDef *' but argument is of type 'WS28XX_HandleTypeDef **'
  176 | void Led_Strip(WS28XX_HandleTypeDef *ws, int *strip, int strip_size, char *color) {
      |                ~~~~~~~~~~~~~~~~~~~~~~^~
../Core/Src/main.c:244:19: warning: passing argument 1 of 'Led_Strip' from incompatible pointer type [-Wincompatible-pointer-types]
  244 |         Led_Strip(&ws, entryRFID, entryRFIDSize, "green");
      |                   ^~~
      |                   |
      |                   WS28XX_HandleTypeDef **
../Core/Src/main.c:176:38: note: expected 'WS28XX_HandleTypeDef *' but argument is of type 'WS28XX_HandleTypeDef **'
  176 | void Led_Strip(WS28XX_HandleTypeDef *ws, int *strip, int strip_size, char *color) {
      |                ~~~~~~~~~~~~~~~~~~~~~~^~
../Core/Src/main.c:245:19: warning: passing argument 1 of 'Led_Strip' from incompatible pointer type [-Wincompatible-pointer-types]
  245 |         Led_Strip(&ws, exitStrip, exitStripSize, "red");
      |                   ^~~
      |                   |
      |                   WS28XX_HandleTypeDef **
../Core/Src/main.c:176:38: note: expected 'WS28XX_HandleTypeDef *' but argument is of type 'WS28XX_HandleTypeDef **'
  176 | void Led_Strip(WS28XX_HandleTypeDef *ws, int *strip, int strip_size, char *color) {
      |                ~~~~~~~~~~~~~~~~~~~~~~^~
../Core/Src/main.c:246:19: warning: passing argument 1 of 'Led_Strip' from incompatible pointer type [-Wincompatible-pointer-types]
  246 |         Led_Strip(&ws, exitRFID, exitRFIDSize, "red");
      |                   ^~~
      |                   |
      |                   WS28XX_HandleTypeDef **
../Core/Src/main.c:176:38: note: expected 'WS28XX_HandleTypeDef *' but argument is of type 'WS28XX_HandleTypeDef **'
  176 | void Led_Strip(WS28XX_HandleTypeDef *ws, int *strip, int strip_size, char *color) {
      |                ~~~~~~~~~~~~~~~~~~~~~~^~
../Core/Src/main.c: In function 'Exit_Granted_Animation':
../Core/Src/main.c:271:19: warning: passing argument 1 of 'Led_Strip' from incompatible pointer type [-Wincompatible-pointer-types]
  271 |         Led_Strip(&ws, entryStrip, entryStripSize, "red");
      |                   ^~~
      |                   |
      |                   WS28XX_HandleTypeDef **
../Core/Src/main.c:176:38: note: expected 'WS28XX_HandleTypeDef *' but argument is of type 'WS28XX_HandleTypeDef **'
  176 | void Led_Strip(WS28XX_HandleTypeDef *ws, int *strip, int strip_size, char *color) {
      |                ~~~~~~~~~~~~~~~~~~~~~~^~
../Core/Src/main.c:272:19: warning: passing argument 1 of 'Led_Strip' from incompatible pointer type [-Wincompatible-pointer-types]
  272 |         Led_Strip(&ws, entryRFID, entryRFIDSize, "red");
      |                   ^~~
      |                   |
      |                   WS28XX_HandleTypeDef **
../Core/Src/main.c:176:38: note: expected 'WS28XX_HandleTypeDef *' but argument is of type 'WS28XX_HandleTypeDef **'
  176 | void Led_Strip(WS28XX_HandleTypeDef *ws, int *strip, int strip_size, char *color) {
      |                ~~~~~~~~~~~~~~~~~~~~~~^~
../Core/Src/main.c:273:19: warning: passing argument 1 of 'Led_Strip' from incompatible pointer type [-Wincompatible-pointer-types]
  273 |         Led_Strip(&ws, exitStrip, exitStripSize, "green");
      |                   ^~~
      |                   |
      |                   WS28XX_HandleTypeDef **
../Core/Src/main.c:176:38: note: expected 'WS28XX_HandleTypeDef *' but argument is of type 'WS28XX_HandleTypeDef **'
  176 | void Led_Strip(WS28XX_HandleTypeDef *ws, int *strip, int strip_size, char *color) {
      |                ~~~~~~~~~~~~~~~~~~~~~~^~
../Core/Src/main.c:274:19: warning: passing argument 1 of 'Led_Strip' from incompatible pointer type [-Wincompatible-pointer-types]
  274 |         Led_Strip(&ws, exitRFID, exitRFIDSize, "green");
      |                   ^~~
      |                   |
      |                   WS28XX_HandleTypeDef **
../Core/Src/main.c:176:38: note: expected 'WS28XX_HandleTypeDef *' but argument is of type 'WS28XX_HandleTypeDef **'
  176 | void Led_Strip(WS28XX_HandleTypeDef *ws, int *strip, int strip_size, char *color) {
      |                ~~~~~~~~~~~~~~~~~~~~~~^~
../Core/Src/main.c: In function 'Ready_State_Animation':
../Core/Src/main.c:289:19: warning: passing argument 1 of 'Led_Strip' from incompatible pointer type [-Wincompatible-pointer-types]
  289 |         Led_Strip(&ws, entryStrip, entryStripSize, "blue");
      |                   ^~~
      |                   |
      |                   WS28XX_HandleTypeDef **
../Core/Src/main.c:176:38: note: expected 'WS28XX_HandleTypeDef *' but argument is of type 'WS28XX_HandleTypeDef **'
  176 | void Led_Strip(WS28XX_HandleTypeDef *ws, int *strip, int strip_size, char *color) {
      |                ~~~~~~~~~~~~~~~~~~~~~~^~
../Core/Src/main.c:290:19: warning: passing argument 1 of 'Led_Strip' from incompatible pointer type [-Wincompatible-pointer-types]
  290 |         Led_Strip(&ws, entryRFID, entryRFIDSize, "blue");
      |                   ^~~
      |                   |
      |                   WS28XX_HandleTypeDef **
../Core/Src/main.c:176:38: note: expected 'WS28XX_HandleTypeDef *' but argument is of type 'WS28XX_HandleTypeDef **'
  176 | void Led_Strip(WS28XX_HandleTypeDef *ws, int *strip, int strip_size, char *color) {
      |                ~~~~~~~~~~~~~~~~~~~~~~^~
../Core/Src/main.c:291:19: warning: passing argument 1 of 'Led_Strip' from incompatible pointer type [-Wincompatible-pointer-types]
  291 |         Led_Strip(&ws, exitStrip, exitStripSize, "blue");
      |                   ^~~
      |                   |
      |                   WS28XX_HandleTypeDef **
../Core/Src/main.c:176:38: note: expected 'WS28XX_HandleTypeDef *' but argument is of type 'WS28XX_HandleTypeDef **'
  176 | void Led_Strip(WS28XX_HandleTypeDef *ws, int *strip, int strip_size, char *color) {
      |                ~~~~~~~~~~~~~~~~~~~~~~^~
../Core/Src/main.c:292:19: warning: passing argument 1 of 'Led_Strip' from incompatible pointer type [-Wincompatible-pointer-types]
  292 |         Led_Strip(&ws, exitRFID, exitRFIDSize, "blue");
      |                   ^~~
      |                   |
      |                   WS28XX_HandleTypeDef **
../Core/Src/main.c:176:38: note: expected 'WS28XX_HandleTypeDef *' but argument is of type 'WS28XX_HandleTypeDef **'
  176 | void Led_Strip(WS28XX_HandleTypeDef *ws, int *strip, int strip_size, char *color) {
      |                ~~~~~~~~~~~~~~~~~~~~~~^~
../Core/Src/main.c: In function 'Access_Denied_Animation':
../Core/Src/main.c:320:19: warning: passing argument 1 of 'Led_Strip' from incompatible pointer type [-Wincompatible-pointer-types]
  320 |         Led_Strip(&ws, entryStrip, entryStripSize, "red");
      |                   ^~~
      |                   |
      |                   WS28XX_HandleTypeDef **
../Core/Src/main.c:176:38: note: expected 'WS28XX_HandleTypeDef *' but argument is of type 'WS28XX_HandleTypeDef **'
  176 | void Led_Strip(WS28XX_HandleTypeDef *ws, int *strip, int strip_size, char *color) {
      |                ~~~~~~~~~~~~~~~~~~~~~~^~
../Core/Src/main.c:321:19: warning: passing argument 1 of 'Led_Strip' from incompatible pointer type [-Wincompatible-pointer-types]
  321 |         Led_Strip(&ws, entryRFID, entryRFIDSize, "red");
      |                   ^~~
      |                   |
      |                   WS28XX_HandleTypeDef **
../Core/Src/main.c:176:38: note: expected 'WS28XX_HandleTypeDef *' but argument is of type 'WS28XX_HandleTypeDef **'
  176 | void Led_Strip(WS28XX_HandleTypeDef *ws, int *strip, int strip_size, char *color) {
      |                ~~~~~~~~~~~~~~~~~~~~~~^~
../Core/Src/main.c:322:19: warning: passing argument 1 of 'Led_Strip' from incompatible pointer type [-Wincompatible-pointer-types]
  322 |         Led_Strip(&ws, exitStrip, exitStripSize, "red");
      |                   ^~~
      |                   |
      |                   WS28XX_HandleTypeDef **
../Core/Src/main.c:176:38: note: expected 'WS28XX_HandleTypeDef *' but argument is of type 'WS28XX_HandleTypeDef **'
  176 | void Led_Strip(WS28XX_HandleTypeDef *ws, int *strip, int strip_size, char *color) {
      |                ~~~~~~~~~~~~~~~~~~~~~~^~
../Core/Src/main.c:323:19: warning: passing argument 1 of 'Led_Strip' from incompatible pointer type [-Wincompatible-pointer-types]
  323 |         Led_Strip(&ws, exitRFID, exitRFIDSize, "red");
      |                   ^~~
      |                   |
      |                   WS28XX_HandleTypeDef **
../Core/Src/main.c:176:38: note: expected 'WS28XX_HandleTypeDef *' but argument is of type 'WS28XX_HandleTypeDef **'
  176 | void Led_Strip(WS28XX_HandleTypeDef *ws, int *strip, int strip_size, char *color) {
      |                ~~~~~~~~~~~~~~~~~~~~~~^~
../Core/Src/main.c: In function 'quarter_cycle_open':
../Core/Src/main.c:432:9: warning: implicit declaration of function 'Report_Error' [-Wimplicit-function-declaration]
  432 |         Report_Error("Timeout: Encoder failed to stop motor");
      |         ^~~~~~~~~~~~
../Core/Src/main.c: In function 'main':
../Core/Src/main.c:656:32: warning: passing argument 2 of 'HAL_UART_Receive_IT' from incompatible pointer type [-Wincompatible-pointer-types]
  656 |   HAL_UART_Receive_IT(&huart3, &responseData, 2);
      |                                ^~~~~~~~~~~~~
      |                                |
      |                                uint8_t (*)[2] {aka unsigned char (*)[2]}
In file included from ../Core/Inc/stm32f1xx_hal_conf.h:338,
                 from ../Drivers/STM32F1xx_HAL_Driver/Inc/stm32f1xx_hal.h:29,
                 from ../Core/Inc/main.h:30,
                 from ../Core/Src/main.c:20:
../Drivers/STM32F1xx_HAL_Driver/Inc/stm32f1xx_hal_uart.h:752:75: note: expected 'uint8_t *' {aka 'unsigned char *'} but argument is of type 'uint8_t (*)[2]' {aka 'unsigned char (*)[2]'}
  752 | HAL_StatusTypeDef HAL_UART_Receive_IT(UART_HandleTypeDef *huart, uint8_t *pData, uint16_t Size);
      |                                                                  ~~~~~~~~~^~~~~
arm-none-eabi-gcc -o "turnstile_stm_program.elf" @"objects.list"   -mcpu=cortex-m3 -T"/Users/vihaanravishankar/Desktop/Turnstile stuff/turnstile_stm_program/STM32F103RBTX_FLASH.ld" --specs=nosys.specs -Wl,-Map="turnstile_stm_program.map" -Wl,--gc-sections -static --specs=nano.specs -mfloat-abi=soft -mthumb -Wl,--start-group -lc -lm -Wl,--end-group
/Applications/STM32CubeIDE.app/Contents/Eclipse/plugins/com.st.stm32cube.ide.mcu.externaltools.gnu-tools-for-stm32.12.3.rel1.macos64_1.0.200.202406191456/tools/bin/../lib/gcc/arm-none-eabi/12.3.1/../../../../arm-none-eabi/bin/ld: ./Core/Src/main.o: in function `quarter_cycle_open':
/Users/vihaanravishankar/Desktop/Turnstile stuff/turnstile_stm_program/Debug/../Core/Src/main.c:432: undefined reference to `Report_Error'
/Applications/STM32CubeIDE.app/Contents/Eclipse/plugins/com.st.stm32cube.ide.mcu.externaltools.gnu-tools-for-stm32.12.3.rel1.macos64_1.0.200.202406191456/tools/bin/../lib/gcc/arm-none-eabi/12.3.1/../../../../arm-none-eabi/bin/ld: ./Core/Src/main.o: in function `quarter_cycle_closed':
/Users/vihaanravishankar/Desktop/Turnstile stuff/turnstile_stm_program/Debug/../Core/Src/main.c:458: undefined reference to `Report_Error'
collect2: error: ld returned 1 exit status
make: *** [makefile:65: turnstile_stm_program.elf] Error 1
"make -j7 all" terminated with exit code 2. Build might be incomplete.
12:30:07 **** Incremental Build of configuration Debug for project uart_test ****
make -j7 all 
arm-none-eabi-size  uart_test.elf 
   text	   data	    bss	    dec	    hex	filename
   9000	     92	   2060	  11152	   2b90	uart_test.elf
Finished building: default.size.stdout
 
12:32:16 **** Incremental Build of configuration Debug for project ir_sensor ****
make -j7 all 
arm-none-eabi-size  ir_sensor.elf 
   text	   data	    bss	    dec	    hex	filename
   6020	     12	   1700	   7732	   1e34	ir_sensor.elf
Finished building: default.size.stdout
 
12:32:17 **** Incremental Build of configuration Debug for project led_matrix ****
make -j7 all 
arm-none-eabi-size  led_matrix.elf 
   text	   data	    bss	    dec	    hex	filename
  14208	     12	   8708	  22928	   5990	led_matrix.elf
Finished building: default.size.stdout
 
12:32:18 **** Incremental Build of configuration Debug for project limit_switch ****
make -j7 all 
arm-none-eabi-size  limit_switch.elf 
   text	   data	    bss	    dec	    hex	filename
  12812	     12	   2892	  15716	   3d64	limit_switch.elf
Finished building: default.size.stdout
 
12:32:18 **** Incremental Build of configuration Debug for project limit_switch2 ****
make -j7 all 
arm-none-eabi-size  limit_switch2.elf 
   text	   data	    bss	    dec	    hex	filename
   5656	     12	   1644	   7312	   1c90	limit_switch2.elf
Finished building: default.size.stdout
 
12:32:19 **** Incremental Build of configuration Debug for project motor2 ****
make -j7 all 
arm-none-eabi-size  motor2.elf 
   text	   data	    bss	    dec	    hex	filename
   9436	     12	   1716	  11164	   2b9c	motor2.elf
Finished building: default.size.stdout
 
12:32:19 **** Incremental Build of configuration Debug for project rfid ****
make -j7 all 
arm-none-eabi-size  rfid.elf 
   text	   data	    bss	    dec	    hex	filename
  11532	     92	   2148	  13772	   35cc	rfid.elf
Finished building: default.size.stdout
 
12:32:20 **** Incremental Build of configuration Debug for project turnstile_stm_program ****
make -j7 all 
arm-none-eabi-gcc "../Core/Src/main.c" -mcpu=cortex-m3 -std=gnu11 -g3 -DDEBUG -DUSE_HAL_DRIVER -DSTM32F103xB -c -I../Core/Inc -I../Drivers/STM32F1xx_HAL_Driver/Inc -I../Drivers/STM32F1xx_HAL_Driver/Inc/Legacy -I../Drivers/CMSIS/Device/ST/STM32F1xx/Include -I../Drivers/CMSIS/Include -I../I-CUBE-WS28XX -I../Middlewares/Third_Party/NimaLTD_Driver/WS28XX -O0 -ffunction-sections -fdata-sections -Wall -fstack-usage -fcyclomatic-complexity -MMD -MP -MF"Core/Src/main.d" -MT"Core/Src/main.o" --specs=nano.specs -mfloat-abi=soft -mthumb -o "Core/Src/main.o"
../Core/Src/main.c: In function 'Clear_All_Animations':
../Core/Src/main.c:226:15: warning: passing argument 1 of 'Led_Strip' from incompatible pointer type [-Wincompatible-pointer-types]
  226 |     Led_Strip(&ws, entryStrip, entryStripSize, "off");
      |               ^~~
      |               |
      |               WS28XX_HandleTypeDef **
../Core/Src/main.c:176:38: note: expected 'WS28XX_HandleTypeDef *' but argument is of type 'WS28XX_HandleTypeDef **'
  176 | void Led_Strip(WS28XX_HandleTypeDef *ws, int *strip, int strip_size, char *color) {
      |                ~~~~~~~~~~~~~~~~~~~~~~^~
../Core/Src/main.c:227:15: warning: passing argument 1 of 'Led_Strip' from incompatible pointer type [-Wincompatible-pointer-types]
  227 |     Led_Strip(&ws, entryRFID, entryRFIDSize, "off");
      |               ^~~
      |               |
      |               WS28XX_HandleTypeDef **
../Core/Src/main.c:176:38: note: expected 'WS28XX_HandleTypeDef *' but argument is of type 'WS28XX_HandleTypeDef **'
  176 | void Led_Strip(WS28XX_HandleTypeDef *ws, int *strip, int strip_size, char *color) {
      |                ~~~~~~~~~~~~~~~~~~~~~~^~
../Core/Src/main.c:228:15: warning: passing argument 1 of 'Led_Strip' from incompatible pointer type [-Wincompatible-pointer-types]
  228 |     Led_Strip(&ws, exitStrip, exitStripSize, "off");
      |               ^~~
      |               |
      |               WS28XX_HandleTypeDef **
../Core/Src/main.c:176:38: note: expected 'WS28XX_HandleTypeDef *' but argument is of type 'WS28XX_HandleTypeDef **'
  176 | void Led_Strip(WS28XX_HandleTypeDef *ws, int *strip, int strip_size, char *color) {
      |                ~~~~~~~~~~~~~~~~~~~~~~^~
../Core/Src/main.c:229:15: warning: passing argument 1 of 'Led_Strip' from incompatible pointer type [-Wincompatible-pointer-types]
  229 |     Led_Strip(&ws, exitRFID, exitRFIDSize, "off");
      |               ^~~
      |               |
      |               WS28XX_HandleTypeDef **
../Core/Src/main.c:176:38: note: expected 'WS28XX_HandleTypeDef *' but argument is of type 'WS28XX_HandleTypeDef **'
  176 | void Led_Strip(WS28XX_HandleTypeDef *ws, int *strip, int strip_size, char *color) {
      |                ~~~~~~~~~~~~~~~~~~~~~~^~
../Core/Src/main.c: In function 'Entry_Granted_Animation':
../Core/Src/main.c:243:19: warning: passing argument 1 of 'Led_Strip' from incompatible pointer type [-Wincompatible-pointer-types]
  243 |         Led_Strip(&ws, entryStrip, entryStripSize, "green");
      |                   ^~~
      |                   |
      |                   WS28XX_HandleTypeDef **
../Core/Src/main.c:176:38: note: expected 'WS28XX_HandleTypeDef *' but argument is of type 'WS28XX_HandleTypeDef **'
  176 | void Led_Strip(WS28XX_HandleTypeDef *ws, int *strip, int strip_size, char *color) {
      |                ~~~~~~~~~~~~~~~~~~~~~~^~
../Core/Src/main.c:244:19: warning: passing argument 1 of 'Led_Strip' from incompatible pointer type [-Wincompatible-pointer-types]
  244 |         Led_Strip(&ws, entryRFID, entryRFIDSize, "green");
      |                   ^~~
      |                   |
      |                   WS28XX_HandleTypeDef **
../Core/Src/main.c:176:38: note: expected 'WS28XX_HandleTypeDef *' but argument is of type 'WS28XX_HandleTypeDef **'
  176 | void Led_Strip(WS28XX_HandleTypeDef *ws, int *strip, int strip_size, char *color) {
      |                ~~~~~~~~~~~~~~~~~~~~~~^~
../Core/Src/main.c:245:19: warning: passing argument 1 of 'Led_Strip' from incompatible pointer type [-Wincompatible-pointer-types]
  245 |         Led_Strip(&ws, exitStrip, exitStripSize, "red");
      |                   ^~~
      |                   |
      |                   WS28XX_HandleTypeDef **
../Core/Src/main.c:176:38: note: expected 'WS28XX_HandleTypeDef *' but argument is of type 'WS28XX_HandleTypeDef **'
  176 | void Led_Strip(WS28XX_HandleTypeDef *ws, int *strip, int strip_size, char *color) {
      |                ~~~~~~~~~~~~~~~~~~~~~~^~
../Core/Src/main.c:246:19: warning: passing argument 1 of 'Led_Strip' from incompatible pointer type [-Wincompatible-pointer-types]
  246 |         Led_Strip(&ws, exitRFID, exitRFIDSize, "red");
      |                   ^~~
      |                   |
      |                   WS28XX_HandleTypeDef **
../Core/Src/main.c:176:38: note: expected 'WS28XX_HandleTypeDef *' but argument is of type 'WS28XX_HandleTypeDef **'
  176 | void Led_Strip(WS28XX_HandleTypeDef *ws, int *strip, int strip_size, char *color) {
      |                ~~~~~~~~~~~~~~~~~~~~~~^~
../Core/Src/main.c: In function 'Exit_Granted_Animation':
../Core/Src/main.c:271:19: warning: passing argument 1 of 'Led_Strip' from incompatible pointer type [-Wincompatible-pointer-types]
  271 |         Led_Strip(&ws, entryStrip, entryStripSize, "red");
      |                   ^~~
      |                   |
      |                   WS28XX_HandleTypeDef **
../Core/Src/main.c:176:38: note: expected 'WS28XX_HandleTypeDef *' but argument is of type 'WS28XX_HandleTypeDef **'
  176 | void Led_Strip(WS28XX_HandleTypeDef *ws, int *strip, int strip_size, char *color) {
      |                ~~~~~~~~~~~~~~~~~~~~~~^~
../Core/Src/main.c:272:19: warning: passing argument 1 of 'Led_Strip' from incompatible pointer type [-Wincompatible-pointer-types]
  272 |         Led_Strip(&ws, entryRFID, entryRFIDSize, "red");
      |                   ^~~
      |                   |
      |                   WS28XX_HandleTypeDef **
../Core/Src/main.c:176:38: note: expected 'WS28XX_HandleTypeDef *' but argument is of type 'WS28XX_HandleTypeDef **'
  176 | void Led_Strip(WS28XX_HandleTypeDef *ws, int *strip, int strip_size, char *color) {
      |                ~~~~~~~~~~~~~~~~~~~~~~^~
../Core/Src/main.c:273:19: warning: passing argument 1 of 'Led_Strip' from incompatible pointer type [-Wincompatible-pointer-types]
  273 |         Led_Strip(&ws, exitStrip, exitStripSize, "green");
      |                   ^~~
      |                   |
      |                   WS28XX_HandleTypeDef **
../Core/Src/main.c:176:38: note: expected 'WS28XX_HandleTypeDef *' but argument is of type 'WS28XX_HandleTypeDef **'
  176 | void Led_Strip(WS28XX_HandleTypeDef *ws, int *strip, int strip_size, char *color) {
      |                ~~~~~~~~~~~~~~~~~~~~~~^~
../Core/Src/main.c:274:19: warning: passing argument 1 of 'Led_Strip' from incompatible pointer type [-Wincompatible-pointer-types]
  274 |         Led_Strip(&ws, exitRFID, exitRFIDSize, "green");
      |                   ^~~
      |                   |
      |                   WS28XX_HandleTypeDef **
../Core/Src/main.c:176:38: note: expected 'WS28XX_HandleTypeDef *' but argument is of type 'WS28XX_HandleTypeDef **'
  176 | void Led_Strip(WS28XX_HandleTypeDef *ws, int *strip, int strip_size, char *color) {
      |                ~~~~~~~~~~~~~~~~~~~~~~^~
../Core/Src/main.c: In function 'Ready_State_Animation':
../Core/Src/main.c:289:19: warning: passing argument 1 of 'Led_Strip' from incompatible pointer type [-Wincompatible-pointer-types]
  289 |         Led_Strip(&ws, entryStrip, entryStripSize, "blue");
      |                   ^~~
      |                   |
      |                   WS28XX_HandleTypeDef **
../Core/Src/main.c:176:38: note: expected 'WS28XX_HandleTypeDef *' but argument is of type 'WS28XX_HandleTypeDef **'
  176 | void Led_Strip(WS28XX_HandleTypeDef *ws, int *strip, int strip_size, char *color) {
      |                ~~~~~~~~~~~~~~~~~~~~~~^~
../Core/Src/main.c:290:19: warning: passing argument 1 of 'Led_Strip' from incompatible pointer type [-Wincompatible-pointer-types]
  290 |         Led_Strip(&ws, entryRFID, entryRFIDSize, "blue");
      |                   ^~~
      |                   |
      |                   WS28XX_HandleTypeDef **
../Core/Src/main.c:176:38: note: expected 'WS28XX_HandleTypeDef *' but argument is of type 'WS28XX_HandleTypeDef **'
  176 | void Led_Strip(WS28XX_HandleTypeDef *ws, int *strip, int strip_size, char *color) {
      |                ~~~~~~~~~~~~~~~~~~~~~~^~
../Core/Src/main.c:291:19: warning: passing argument 1 of 'Led_Strip' from incompatible pointer type [-Wincompatible-pointer-types]
  291 |         Led_Strip(&ws, exitStrip, exitStripSize, "blue");
      |                   ^~~
      |                   |
      |                   WS28XX_HandleTypeDef **
../Core/Src/main.c:176:38: note: expected 'WS28XX_HandleTypeDef *' but argument is of type 'WS28XX_HandleTypeDef **'
  176 | void Led_Strip(WS28XX_HandleTypeDef *ws, int *strip, int strip_size, char *color) {
      |                ~~~~~~~~~~~~~~~~~~~~~~^~
../Core/Src/main.c:292:19: warning: passing argument 1 of 'Led_Strip' from incompatible pointer type [-Wincompatible-pointer-types]
  292 |         Led_Strip(&ws, exitRFID, exitRFIDSize, "blue");
      |                   ^~~
      |                   |
      |                   WS28XX_HandleTypeDef **
../Core/Src/main.c:176:38: note: expected 'WS28XX_HandleTypeDef *' but argument is of type 'WS28XX_HandleTypeDef **'
  176 | void Led_Strip(WS28XX_HandleTypeDef *ws, int *strip, int strip_size, char *color) {
      |                ~~~~~~~~~~~~~~~~~~~~~~^~
../Core/Src/main.c: In function 'Access_Denied_Animation':
../Core/Src/main.c:320:19: warning: passing argument 1 of 'Led_Strip' from incompatible pointer type [-Wincompatible-pointer-types]
  320 |         Led_Strip(&ws, entryStrip, entryStripSize, "red");
      |                   ^~~
      |                   |
      |                   WS28XX_HandleTypeDef **
../Core/Src/main.c:176:38: note: expected 'WS28XX_HandleTypeDef *' but argument is of type 'WS28XX_HandleTypeDef **'
  176 | void Led_Strip(WS28XX_HandleTypeDef *ws, int *strip, int strip_size, char *color) {
      |                ~~~~~~~~~~~~~~~~~~~~~~^~
../Core/Src/main.c:321:19: warning: passing argument 1 of 'Led_Strip' from incompatible pointer type [-Wincompatible-pointer-types]
  321 |         Led_Strip(&ws, entryRFID, entryRFIDSize, "red");
      |                   ^~~
      |                   |
      |                   WS28XX_HandleTypeDef **
../Core/Src/main.c:176:38: note: expected 'WS28XX_HandleTypeDef *' but argument is of type 'WS28XX_HandleTypeDef **'
  176 | void Led_Strip(WS28XX_HandleTypeDef *ws, int *strip, int strip_size, char *color) {
      |                ~~~~~~~~~~~~~~~~~~~~~~^~
../Core/Src/main.c:322:19: warning: passing argument 1 of 'Led_Strip' from incompatible pointer type [-Wincompatible-pointer-types]
  322 |         Led_Strip(&ws, exitStrip, exitStripSize, "red");
      |                   ^~~
      |                   |
      |                   WS28XX_HandleTypeDef **
../Core/Src/main.c:176:38: note: expected 'WS28XX_HandleTypeDef *' but argument is of type 'WS28XX_HandleTypeDef **'
  176 | void Led_Strip(WS28XX_HandleTypeDef *ws, int *strip, int strip_size, char *color) {
      |                ~~~~~~~~~~~~~~~~~~~~~~^~
../Core/Src/main.c:323:19: warning: passing argument 1 of 'Led_Strip' from incompatible pointer type [-Wincompatible-pointer-types]
  323 |         Led_Strip(&ws, exitRFID, exitRFIDSize, "red");
      |                   ^~~
      |                   |
      |                   WS28XX_HandleTypeDef **
../Core/Src/main.c:176:38: note: expected 'WS28XX_HandleTypeDef *' but argument is of type 'WS28XX_HandleTypeDef **'
  176 | void Led_Strip(WS28XX_HandleTypeDef *ws, int *strip, int strip_size, char *color) {
      |                ~~~~~~~~~~~~~~~~~~~~~~^~
../Core/Src/main.c: In function 'main':
../Core/Src/main.c:656:32: warning: passing argument 2 of 'HAL_UART_Receive_IT' from incompatible pointer type [-Wincompatible-pointer-types]
  656 |   HAL_UART_Receive_IT(&huart3, &responseData, 2);
      |                                ^~~~~~~~~~~~~
      |                                |
      |                                uint8_t (*)[2] {aka unsigned char (*)[2]}
In file included from ../Core/Inc/stm32f1xx_hal_conf.h:338,
                 from ../Drivers/STM32F1xx_HAL_Driver/Inc/stm32f1xx_hal.h:29,
                 from ../Core/Inc/main.h:30,
                 from ../Core/Src/main.c:20:
../Drivers/STM32F1xx_HAL_Driver/Inc/stm32f1xx_hal_uart.h:752:75: note: expected 'uint8_t *' {aka 'unsigned char *'} but argument is of type 'uint8_t (*)[2]' {aka 'unsigned char (*)[2]'}
  752 | HAL_StatusTypeDef HAL_UART_Receive_IT(UART_HandleTypeDef *huart, uint8_t *pData, uint16_t Size);
      |                                                                  ~~~~~~~~~^~~~~
arm-none-eabi-gcc -o "turnstile_stm_program.elf" @"objects.list"   -mcpu=cortex-m3 -T"/Users/vihaanravishankar/Desktop/Turnstile stuff/turnstile_stm_program/STM32F103RBTX_FLASH.ld" --specs=nosys.specs -Wl,-Map="turnstile_stm_program.map" -Wl,--gc-sections -static --specs=nano.specs -mfloat-abi=soft -mthumb -Wl,--start-group -lc -lm -Wl,--end-group
Finished building target: turnstile_stm_program.elf
 
arm-none-eabi-size  turnstile_stm_program.elf 
arm-none-eabi-objdump -h -S turnstile_stm_program.elf  > "turnstile_stm_program.list"
   text	   data	    bss	    dec	    hex	filename
  25736	   1004	  18236	  44976	   afb0	turnstile_stm_program.elf
Finished building: default.size.stdout
 
Finished building: turnstile_stm_program.list
 
12:32:22 **** Incremental Build of configuration Debug for project uart_test ****
make -j7 all 
arm-none-eabi-size  uart_test.elf 
   text	   data	    bss	    dec	    hex	filename
   9000	     92	   2060	  11152	   2b90	uart_test.elf
Finished building: default.size.stdout
 
