15:28:34 **** Incremental Build of configuration Debug for project turnstile_stm_program ****
make -j7 all 
arm-none-eabi-gcc "../Core/Src/main.c" -mcpu=cortex-m3 -std=gnu11 -g3 -DDEBUG -DUSE_HAL_DRIVER -DSTM32F103xB -c -I../Core/Inc -I../Drivers/STM32F1xx_HAL_Driver/Inc -I../Drivers/STM32F1xx_HAL_Driver/Inc/Legacy -I../Drivers/CMSIS/Device/ST/STM32F1xx/Include -I../Drivers/CMSIS/Include -I../I-CUBE-WS28XX -I../Middlewares/Third_Party/NimaLTD_Driver/WS28XX -O0 -ffunction-sections -fdata-sections -Wall -fstack-usage -fcyclomatic-complexity -MMD -MP -MF"Core/Src/main.d" -MT"Core/Src/main.o" --specs=nano.specs -mfloat-abi=soft -mthumb -o "Core/Src/main.o"
arm-none-eabi-gcc "../Core/Src/system_stm32f1xx.c" -mcpu=cortex-m3 -std=gnu11 -g3 -DDEBUG -DUSE_HAL_DRIVER -DSTM32F103xB -c -I../Core/Inc -I../Drivers/STM32F1xx_HAL_Driver/Inc -I../Drivers/STM32F1xx_HAL_Driver/Inc/Legacy -I../Drivers/CMSIS/Device/ST/STM32F1xx/Include -I../Drivers/CMSIS/Include -I../I-CUBE-WS28XX -I../Middlewares/Third_Party/NimaLTD_Driver/WS28XX -O0 -ffunction-sections -fdata-sections -Wall -fstack-usage -fcyclomatic-complexity -MMD -MP -MF"Core/Src/system_stm32f1xx.d" -MT"Core/Src/system_stm32f1xx.o" --specs=nano.specs -mfloat-abi=soft -mthumb -o "Core/Src/system_stm32f1xx.o"
arm-none-eabi-gcc "../Core/Src/tim.c" -mcpu=cortex-m3 -std=gnu11 -g3 -DDEBUG -DUSE_HAL_DRIVER -DSTM32F103xB -c -I../Core/Inc -I../Drivers/STM32F1xx_HAL_Driver/Inc -I../Drivers/STM32F1xx_HAL_Driver/Inc/Legacy -I../Drivers/CMSIS/Device/ST/STM32F1xx/Include -I../Drivers/CMSIS/Include -I../I-CUBE-WS28XX -I../Middlewares/Third_Party/NimaLTD_Driver/WS28XX -O0 -ffunction-sections -fdata-sections -Wall -fstack-usage -fcyclomatic-complexity -MMD -MP -MF"Core/Src/tim.d" -MT"Core/Src/tim.o" --specs=nano.specs -mfloat-abi=soft -mthumb -o "Core/Src/tim.o"
arm-none-eabi-gcc "../Core/Src/usart.c" -mcpu=cortex-m3 -std=gnu11 -g3 -DDEBUG -DUSE_HAL_DRIVER -DSTM32F103xB -c -I../Core/Inc -I../Drivers/STM32F1xx_HAL_Driver/Inc -I../Drivers/STM32F1xx_HAL_Driver/Inc/Legacy -I../Drivers/CMSIS/Device/ST/STM32F1xx/Include -I../Drivers/CMSIS/Include -I../I-CUBE-WS28XX -I../Middlewares/Third_Party/NimaLTD_Driver/WS28XX -O0 -ffunction-sections -fdata-sections -Wall -fstack-usage -fcyclomatic-complexity -MMD -MP -MF"Core/Src/usart.d" -MT"Core/Src/usart.o" --specs=nano.specs -mfloat-abi=soft -mthumb -o "Core/Src/usart.o"
../Core/Src/main.c: In function 'HAL_GPIO_EXTI_Callback':
../Core/Src/main.c:277:9: warning: implicit declaration of function 'encoder' [-Wimplicit-function-declaration]
  277 |         encoder();
      |         ^~~~~~~
../Core/Src/main.c: At top level:
../Core/Src/main.c:281:6: warning: conflicting types for 'encoder'; have 'void(void)'
  281 | void encoder(void)
      |      ^~~~~~~
../Core/Src/main.c:277:9: note: previous implicit declaration of 'encoder' with type 'void(void)'
  277 |         encoder();
      |         ^~~~~~~
arm-none-eabi-gcc -o "turnstile_stm_program.elf" @"objects.list"   -mcpu=cortex-m3 -T"/Users/vihaanravishankar/Desktop/Turnstile stuff/turnstile_stm_program/STM32F103RBTX_FLASH.ld" --specs=nosys.specs -Wl,-Map="turnstile_stm_program.map" -Wl,--gc-sections -static --specs=nano.specs -mfloat-abi=soft -mthumb -Wl,--start-group -lc -lm -Wl,--end-group
Finished building target: turnstile_stm_program.elf
 
arm-none-eabi-size  turnstile_stm_program.elf 
arm-none-eabi-objdump -h -S turnstile_stm_program.elf  > "turnstile_stm_program.list"
   text	   data	    bss	    dec	    hex	filename
  15576	    308	   9012	  24896	   6140	turnstile_stm_program.elf
Finished building: default.size.stdout
 
Finished building: turnstile_stm_program.list
 
