16:44:13 **** Incremental Build of configuration Debug for project motor2 ****
make -j7 all 
arm-none-eabi-gcc "../Core/Src/main.c" -mcpu=cortex-m3 -std=gnu11 -g3 -DDEBUG -DUSE_HAL_DRIVER -DSTM32F103xB -c -I../Core/Inc -I../Drivers/STM32F1xx_HAL_Driver/Inc -I../Drivers/STM32F1xx_HAL_Driver/Inc/Legacy -I../Drivers/CMSIS/Device/ST/STM32F1xx/Include -I../Drivers/CMSIS/Include -O0 -ffunction-sections -fdata-sections -Wall -fstack-usage -fcyclomatic-complexity -MMD -MP -MF"Core/Src/main.d" -MT"Core/Src/main.o" --specs=nano.specs -mfloat-abi=soft -mthumb -o "Core/Src/main.o"
../Core/Src/main.c: In function 'main':
../Core/Src/main.c:112:19: warning: implicit declaration of function 'quarter_cycle_acw' [-Wimplicit-function-declaration]
  112 |                   quarter_cycle_acw();
      |                   ^~~~~~~~~~~~~~~~~
../Core/Src/main.c: In function 'HAL_GPIO_EXTI_Callback':
../Core/Src/main.c:181:17: warning: implicit declaration of function 'encoder' [-Wimplicit-function-declaration]
  181 |                 encoder();
      |                 ^~~~~~~
../Core/Src/main.c: At top level:
../Core/Src/main.c:185:6: warning: conflicting types for 'encoder'; have 'void(void)'
  185 | void encoder(void)
      |      ^~~~~~~
../Core/Src/main.c:181:17: note: previous implicit declaration of 'encoder' with type 'void(void)'
  181 |                 encoder();
      |                 ^~~~~~~
../Core/Src/main.c:199:6: warning: conflicting types for 'quarter_cycle_acw'; have 'void(void)'
  199 | void quarter_cycle_acw(void)
      |      ^~~~~~~~~~~~~~~~~
../Core/Src/main.c:112:19: note: previous implicit declaration of 'quarter_cycle_acw' with type 'void(void)'
  112 |                   quarter_cycle_acw();
      |                   ^~~~~~~~~~~~~~~~~
arm-none-eabi-gcc -o "motor2.elf" @"objects.list"   -mcpu=cortex-m3 -T"/Users/vihaanravishankar/Desktop/Turnstile stuff/motor2/STM32F103RBTX_FLASH.ld" --specs=nosys.specs -Wl,-Map="motor2.map" -Wl,--gc-sections -static --specs=nano.specs -mfloat-abi=soft -mthumb -Wl,--start-group -lc -lm -Wl,--end-group
Finished building target: motor2.elf
 
arm-none-eabi-size  motor2.elf 
arm-none-eabi-objdump -h -S motor2.elf  > "motor2.list"
   text	   data	    bss	    dec	    hex	filename
   9436	     12	   1716	  11164	   2b9c	motor2.elf
Finished building: default.size.stdout
 
Finished building: motor2.list
 

16:44:14 Build Finished. 0 errors, 4 warnings. (took 862ms)

