16:25:30 **** Incremental Build of configuration Debug for project motor3 ****
make -j7 all 
arm-none-eabi-gcc "../Core/Src/main.c" -mcpu=cortex-m3 -std=gnu11 -g3 -DDEBUG -DUSE_HAL_DRIVER -DSTM32F103xB -c -I../Core/Inc -I../Drivers/STM32F1xx_HAL_Driver/Inc -I../Drivers/STM32F1xx_HAL_Driver/Inc/Legacy -I../Drivers/CMSIS/Device/ST/STM32F1xx/Include -I../Drivers/CMSIS/Include -O0 -ffunction-sections -fdata-sections -Wall -fstack-usage -fcyclomatic-complexity -MMD -MP -MF"Core/Src/main.d" -MT"Core/Src/main.o" --specs=nano.specs -mfloat-abi=soft -mthumb -o "Core/Src/main.o"
arm-none-eabi-gcc -o "motor3.elf" @"objects.list"   -mcpu=cortex-m3 -T"/Users/vihaanravishankar/Desktop/Turnstile stuff/motor3/STM32F103RBTX_FLASH.ld" --specs=nosys.specs -Wl,-Map="motor3.map" -Wl,--gc-sections -static --specs=nano.specs -mfloat-abi=soft -mthumb -Wl,--start-group -lc -lm -Wl,--end-group
Finished building target: motor3.elf
 
arm-none-eabi-size  motor3.elf 
arm-none-eabi-objdump -h -S motor3.elf  > "motor3.list"
   text	   data	    bss	    dec	    hex	filename
   9820	     12	   1724	  11556	   2d24	motor3.elf
Finished building: default.size.stdout
 
Finished building: motor3.list
 

16:25:32 Build Finished. 0 errors, 0 warnings. (took 1s.457ms)

