16:16:10 **** Incremental Build of configuration Debug for project turnstile_reverse_LED_wiring ****
make -j7 all 
arm-none-eabi-gcc "../Core/Src/main.c" -mcpu=cortex-m3 -std=gnu11 -g3 -DDEBUG -DUSE_HAL_DRIVER -DSTM32F103xB -c -I../Core/Inc -I../I-CUBE-WS28XX -I../Drivers/STM32F1xx_HAL_Driver/Inc/Legacy -I../Drivers/STM32F1xx_HAL_Driver/Inc -I../Drivers/CMSIS/Device/ST/STM32F1xx/Include -I../Drivers/CMSIS/Include -I../Middlewares/Third_Party/NimaLTD_Driver/WS28XX -O0 -ffunction-sections -fdata-sections -Wall -fstack-usage -fcyclomatic-complexity -MMD -MP -MF"Core/Src/main.d" -MT"Core/Src/main.o" --specs=nano.specs -mfloat-abi=soft -mthumb -o "Core/Src/main.o"
../Core/Src/main.c: In function 'quarter_cycle_open':
../Core/Src/main.c:322:14: warning: unused variable 'start_time' [-Wunused-variable]
  322 |     uint32_t start_time = HAL_GetTick();  // Record the start time
      |              ^~~~~~~~~~
../Core/Src/main.c: In function 'quarter_cycle_closed':
../Core/Src/main.c:341:14: warning: unused variable 'start_time' [-Wunused-variable]
  341 |     uint32_t start_time = HAL_GetTick();  // Record the start time
      |              ^~~~~~~~~~
../Core/Src/main.c: In function 'main':
../Core/Src/main.c:580:32: warning: pointer targets in passing argument 2 of 'HAL_UART_Receive_IT' differ in signedness [-Wpointer-sign]
  580 |   HAL_UART_Receive_IT(&huart2, responseData, sizeof(responseData));
      |                                ^~~~~~~~~~~~
      |                                |
      |                                char *
In file included from ../Core/Inc/stm32f1xx_hal_conf.h:338,
                 from ../Drivers/STM32F1xx_HAL_Driver/Inc/stm32f1xx_hal.h:29,
                 from ../Core/Inc/main.h:30,
                 from ../Core/Src/main.c:20:
../Drivers/STM32F1xx_HAL_Driver/Inc/stm32f1xx_hal_uart.h:752:75: note: expected 'uint8_t *' {aka 'unsigned char *'} but argument is of type 'char *'
  752 | HAL_StatusTypeDef HAL_UART_Receive_IT(UART_HandleTypeDef *huart, uint8_t *pData, uint16_t Size);
      |                                                                  ~~~~~~~~~^~~~~
../Core/Src/main.c: In function 'HAL_UART_RxCpltCallback':
../Core/Src/main.c:697:38: warning: pointer targets in passing argument 2 of 'HAL_UART_Receive_IT' differ in signedness [-Wpointer-sign]
  697 |         HAL_UART_Receive_IT(&huart2, responseData, sizeof(responseData));
      |                                      ^~~~~~~~~~~~
      |                                      |
      |                                      char *
../Drivers/STM32F1xx_HAL_Driver/Inc/stm32f1xx_hal_uart.h:752:75: note: expected 'uint8_t *' {aka 'unsigned char *'} but argument is of type 'char *'
  752 | HAL_StatusTypeDef HAL_UART_Receive_IT(UART_HandleTypeDef *huart, uint8_t *pData, uint16_t Size);
      |                                                                  ~~~~~~~~~^~~~~
arm-none-eabi-gcc -o "turnstile_reverse_LED_wiring.elf" @"objects.list"   -mcpu=cortex-m3 -T"/Users/vihaanravishankar/Desktop/Turnstile stuff/turnstile_reverse_LED_wiring/STM32F103RBTX_FLASH.ld" --specs=nosys.specs -Wl,-Map="turnstile_reverse_LED_wiring.map" -Wl,--gc-sections -static --specs=nano.specs -mfloat-abi=soft -mthumb -Wl,--start-group -lc -lm -Wl,--end-group
Finished building target: turnstile_reverse_LED_wiring.elf
 
arm-none-eabi-size  turnstile_reverse_LED_wiring.elf 
arm-none-eabi-objdump -h -S turnstile_reverse_LED_wiring.elf  > "turnstile_reverse_LED_wiring.list"
   text	   data	    bss	    dec	    hex	filename
  23928	    396	  18060	  42384	   a590	turnstile_reverse_LED_wiring.elf
Finished building: default.size.stdout
 
Finished building: turnstile_reverse_LED_wiring.list
 

16:16:11 Build Finished. 0 errors, 4 warnings. (took 1s.95ms)

