16:16:13 **** Incremental Build of configuration Debug for project turnstile_stm_program ****
make -j7 all 
arm-none-eabi-gcc "../Core/Src/main.c" -mcpu=cortex-m3 -std=gnu11 -g3 -DDEBUG -DUSE_HAL_DRIVER -DSTM32F103xB -c -I../Core/Inc -I../Drivers/STM32F1xx_HAL_Driver/Inc -I../Drivers/STM32F1xx_HAL_Driver/Inc/Legacy -I../Drivers/CMSIS/Device/ST/STM32F1xx/Include -I../Drivers/CMSIS/Include -I../I-CUBE-WS28XX -I../Middlewares/Third_Party/NimaLTD_Driver/WS28XX -O0 -ffunction-sections -fdata-sections -Wall -fstack-usage -fcyclomatic-complexity -MMD -MP -MF"Core/Src/main.d" -MT"Core/Src/main.o" --specs=nano.specs -mfloat-abi=soft -mthumb -o "Core/Src/main.o"
../Core/Src/main.c: In function 'Clear_All_Animations':
../Core/Src/main.c:231:15: warning: passing argument 1 of 'Led_Strip' from incompatible pointer type [-Wincompatible-pointer-types]
  231 |     Led_Strip(&ws, entryStrip, entryStripSize, "off");
      |               ^~~
      |               |
      |               WS28XX_HandleTypeDef **
../Core/Src/main.c:181:38: note: expected 'WS28XX_HandleTypeDef *' but argument is of type 'WS28XX_HandleTypeDef **'
  181 | void Led_Strip(WS28XX_HandleTypeDef *ws, int *strip, int strip_size, char *color) {
      |                ~~~~~~~~~~~~~~~~~~~~~~^~
../Core/Src/main.c:232:15: warning: passing argument 1 of 'Led_Strip' from incompatible pointer type [-Wincompatible-pointer-types]
  232 |     Led_Strip(&ws, entryRFID, entryRFIDSize, "off");
      |               ^~~
      |               |
      |               WS28XX_HandleTypeDef **
../Core/Src/main.c:181:38: note: expected 'WS28XX_HandleTypeDef *' but argument is of type 'WS28XX_HandleTypeDef **'
  181 | void Led_Strip(WS28XX_HandleTypeDef *ws, int *strip, int strip_size, char *color) {
      |                ~~~~~~~~~~~~~~~~~~~~~~^~
../Core/Src/main.c:233:15: warning: passing argument 1 of 'Led_Strip' from incompatible pointer type [-Wincompatible-pointer-types]
  233 |     Led_Strip(&ws, exitStrip, exitStripSize, "off");
      |               ^~~
      |               |
      |               WS28XX_HandleTypeDef **
../Core/Src/main.c:181:38: note: expected 'WS28XX_HandleTypeDef *' but argument is of type 'WS28XX_HandleTypeDef **'
  181 | void Led_Strip(WS28XX_HandleTypeDef *ws, int *strip, int strip_size, char *color) {
      |                ~~~~~~~~~~~~~~~~~~~~~~^~
../Core/Src/main.c:234:15: warning: passing argument 1 of 'Led_Strip' from incompatible pointer type [-Wincompatible-pointer-types]
  234 |     Led_Strip(&ws, exitRFID, exitRFIDSize, "off");
      |               ^~~
      |               |
      |               WS28XX_HandleTypeDef **
../Core/Src/main.c:181:38: note: expected 'WS28XX_HandleTypeDef *' but argument is of type 'WS28XX_HandleTypeDef **'
  181 | void Led_Strip(WS28XX_HandleTypeDef *ws, int *strip, int strip_size, char *color) {
      |                ~~~~~~~~~~~~~~~~~~~~~~^~
../Core/Src/main.c: In function 'Entry_Granted_Animation':
../Core/Src/main.c:248:19: warning: passing argument 1 of 'Led_Strip' from incompatible pointer type [-Wincompatible-pointer-types]
  248 |         Led_Strip(&ws, entryStrip, entryStripSize, "green");
      |                   ^~~
      |                   |
      |                   WS28XX_HandleTypeDef **
../Core/Src/main.c:181:38: note: expected 'WS28XX_HandleTypeDef *' but argument is of type 'WS28XX_HandleTypeDef **'
  181 | void Led_Strip(WS28XX_HandleTypeDef *ws, int *strip, int strip_size, char *color) {
      |                ~~~~~~~~~~~~~~~~~~~~~~^~
../Core/Src/main.c:249:19: warning: passing argument 1 of 'Led_Strip' from incompatible pointer type [-Wincompatible-pointer-types]
  249 |         Led_Strip(&ws, entryRFID, entryRFIDSize, "green");
      |                   ^~~
      |                   |
      |                   WS28XX_HandleTypeDef **
../Core/Src/main.c:181:38: note: expected 'WS28XX_HandleTypeDef *' but argument is of type 'WS28XX_HandleTypeDef **'
  181 | void Led_Strip(WS28XX_HandleTypeDef *ws, int *strip, int strip_size, char *color) {
      |                ~~~~~~~~~~~~~~~~~~~~~~^~
../Core/Src/main.c:250:19: warning: passing argument 1 of 'Led_Strip' from incompatible pointer type [-Wincompatible-pointer-types]
  250 |         Led_Strip(&ws, exitStrip, exitStripSize, "red");
      |                   ^~~
      |                   |
      |                   WS28XX_HandleTypeDef **
../Core/Src/main.c:181:38: note: expected 'WS28XX_HandleTypeDef *' but argument is of type 'WS28XX_HandleTypeDef **'
  181 | void Led_Strip(WS28XX_HandleTypeDef *ws, int *strip, int strip_size, char *color) {
      |                ~~~~~~~~~~~~~~~~~~~~~~^~
../Core/Src/main.c:251:19: warning: passing argument 1 of 'Led_Strip' from incompatible pointer type [-Wincompatible-pointer-types]
  251 |         Led_Strip(&ws, exitRFID, exitRFIDSize, "red");
      |                   ^~~
      |                   |
      |                   WS28XX_HandleTypeDef **
../Core/Src/main.c:181:38: note: expected 'WS28XX_HandleTypeDef *' but argument is of type 'WS28XX_HandleTypeDef **'
  181 | void Led_Strip(WS28XX_HandleTypeDef *ws, int *strip, int strip_size, char *color) {
      |                ~~~~~~~~~~~~~~~~~~~~~~^~
../Core/Src/main.c: In function 'Exit_Granted_Animation':
../Core/Src/main.c:276:19: warning: passing argument 1 of 'Led_Strip' from incompatible pointer type [-Wincompatible-pointer-types]
  276 |         Led_Strip(&ws, entryStrip, entryStripSize, "red");
      |                   ^~~
      |                   |
      |                   WS28XX_HandleTypeDef **
../Core/Src/main.c:181:38: note: expected 'WS28XX_HandleTypeDef *' but argument is of type 'WS28XX_HandleTypeDef **'
  181 | void Led_Strip(WS28XX_HandleTypeDef *ws, int *strip, int strip_size, char *color) {
      |                ~~~~~~~~~~~~~~~~~~~~~~^~
../Core/Src/main.c:277:19: warning: passing argument 1 of 'Led_Strip' from incompatible pointer type [-Wincompatible-pointer-types]
  277 |         Led_Strip(&ws, entryRFID, entryRFIDSize, "red");
      |                   ^~~
      |                   |
      |                   WS28XX_HandleTypeDef **
../Core/Src/main.c:181:38: note: expected 'WS28XX_HandleTypeDef *' but argument is of type 'WS28XX_HandleTypeDef **'
  181 | void Led_Strip(WS28XX_HandleTypeDef *ws, int *strip, int strip_size, char *color) {
      |                ~~~~~~~~~~~~~~~~~~~~~~^~
../Core/Src/main.c:278:19: warning: passing argument 1 of 'Led_Strip' from incompatible pointer type [-Wincompatible-pointer-types]
  278 |         Led_Strip(&ws, exitStrip, exitStripSize, "green");
      |                   ^~~
      |                   |
      |                   WS28XX_HandleTypeDef **
../Core/Src/main.c:181:38: note: expected 'WS28XX_HandleTypeDef *' but argument is of type 'WS28XX_HandleTypeDef **'
  181 | void Led_Strip(WS28XX_HandleTypeDef *ws, int *strip, int strip_size, char *color) {
      |                ~~~~~~~~~~~~~~~~~~~~~~^~
../Core/Src/main.c:279:19: warning: passing argument 1 of 'Led_Strip' from incompatible pointer type [-Wincompatible-pointer-types]
  279 |         Led_Strip(&ws, exitRFID, exitRFIDSize, "green");
      |                   ^~~
      |                   |
      |                   WS28XX_HandleTypeDef **
../Core/Src/main.c:181:38: note: expected 'WS28XX_HandleTypeDef *' but argument is of type 'WS28XX_HandleTypeDef **'
  181 | void Led_Strip(WS28XX_HandleTypeDef *ws, int *strip, int strip_size, char *color) {
      |                ~~~~~~~~~~~~~~~~~~~~~~^~
../Core/Src/main.c: In function 'Ready_State_Animation':
../Core/Src/main.c:294:19: warning: passing argument 1 of 'Led_Strip' from incompatible pointer type [-Wincompatible-pointer-types]
  294 |         Led_Strip(&ws, entryStrip, entryStripSize, "blue");
      |                   ^~~
      |                   |
      |                   WS28XX_HandleTypeDef **
../Core/Src/main.c:181:38: note: expected 'WS28XX_HandleTypeDef *' but argument is of type 'WS28XX_HandleTypeDef **'
  181 | void Led_Strip(WS28XX_HandleTypeDef *ws, int *strip, int strip_size, char *color) {
      |                ~~~~~~~~~~~~~~~~~~~~~~^~
../Core/Src/main.c:295:19: warning: passing argument 1 of 'Led_Strip' from incompatible pointer type [-Wincompatible-pointer-types]
  295 |         Led_Strip(&ws, entryRFID, entryRFIDSize, "blue");
      |                   ^~~
      |                   |
      |                   WS28XX_HandleTypeDef **
../Core/Src/main.c:181:38: note: expected 'WS28XX_HandleTypeDef *' but argument is of type 'WS28XX_HandleTypeDef **'
  181 | void Led_Strip(WS28XX_HandleTypeDef *ws, int *strip, int strip_size, char *color) {
      |                ~~~~~~~~~~~~~~~~~~~~~~^~
../Core/Src/main.c:296:19: warning: passing argument 1 of 'Led_Strip' from incompatible pointer type [-Wincompatible-pointer-types]
  296 |         Led_Strip(&ws, exitStrip, exitStripSize, "blue");
      |                   ^~~
      |                   |
      |                   WS28XX_HandleTypeDef **
../Core/Src/main.c:181:38: note: expected 'WS28XX_HandleTypeDef *' but argument is of type 'WS28XX_HandleTypeDef **'
  181 | void Led_Strip(WS28XX_HandleTypeDef *ws, int *strip, int strip_size, char *color) {
      |                ~~~~~~~~~~~~~~~~~~~~~~^~
../Core/Src/main.c:297:19: warning: passing argument 1 of 'Led_Strip' from incompatible pointer type [-Wincompatible-pointer-types]
  297 |         Led_Strip(&ws, exitRFID, exitRFIDSize, "blue");
      |                   ^~~
      |                   |
      |                   WS28XX_HandleTypeDef **
../Core/Src/main.c:181:38: note: expected 'WS28XX_HandleTypeDef *' but argument is of type 'WS28XX_HandleTypeDef **'
  181 | void Led_Strip(WS28XX_HandleTypeDef *ws, int *strip, int strip_size, char *color) {
      |                ~~~~~~~~~~~~~~~~~~~~~~^~
../Core/Src/main.c: In function 'Access_Denied_Animation':
../Core/Src/main.c:325:19: warning: passing argument 1 of 'Led_Strip' from incompatible pointer type [-Wincompatible-pointer-types]
  325 |         Led_Strip(&ws, entryStrip, entryStripSize, "red");
      |                   ^~~
      |                   |
      |                   WS28XX_HandleTypeDef **
../Core/Src/main.c:181:38: note: expected 'WS28XX_HandleTypeDef *' but argument is of type 'WS28XX_HandleTypeDef **'
  181 | void Led_Strip(WS28XX_HandleTypeDef *ws, int *strip, int strip_size, char *color) {
      |                ~~~~~~~~~~~~~~~~~~~~~~^~
../Core/Src/main.c:326:19: warning: passing argument 1 of 'Led_Strip' from incompatible pointer type [-Wincompatible-pointer-types]
  326 |         Led_Strip(&ws, entryRFID, entryRFIDSize, "red");
      |                   ^~~
      |                   |
      |                   WS28XX_HandleTypeDef **
../Core/Src/main.c:181:38: note: expected 'WS28XX_HandleTypeDef *' but argument is of type 'WS28XX_HandleTypeDef **'
  181 | void Led_Strip(WS28XX_HandleTypeDef *ws, int *strip, int strip_size, char *color) {
      |                ~~~~~~~~~~~~~~~~~~~~~~^~
../Core/Src/main.c:327:19: warning: passing argument 1 of 'Led_Strip' from incompatible pointer type [-Wincompatible-pointer-types]
  327 |         Led_Strip(&ws, exitStrip, exitStripSize, "red");
      |                   ^~~
      |                   |
      |                   WS28XX_HandleTypeDef **
../Core/Src/main.c:181:38: note: expected 'WS28XX_HandleTypeDef *' but argument is of type 'WS28XX_HandleTypeDef **'
  181 | void Led_Strip(WS28XX_HandleTypeDef *ws, int *strip, int strip_size, char *color) {
      |                ~~~~~~~~~~~~~~~~~~~~~~^~
../Core/Src/main.c:328:19: warning: passing argument 1 of 'Led_Strip' from incompatible pointer type [-Wincompatible-pointer-types]
  328 |         Led_Strip(&ws, exitRFID, exitRFIDSize, "red");
      |                   ^~~
      |                   |
      |                   WS28XX_HandleTypeDef **
../Core/Src/main.c:181:38: note: expected 'WS28XX_HandleTypeDef *' but argument is of type 'WS28XX_HandleTypeDef **'
  181 | void Led_Strip(WS28XX_HandleTypeDef *ws, int *strip, int strip_size, char *color) {
      |                ~~~~~~~~~~~~~~~~~~~~~~^~
../Core/Src/main.c: In function 'quarter_cycle_open':
../Core/Src/main.c:419:14: warning: unused variable 'start_time' [-Wunused-variable]
  419 |     uint32_t start_time = HAL_GetTick();  // Record the start time
      |              ^~~~~~~~~~
../Core/Src/main.c: In function 'quarter_cycle_closed':
../Core/Src/main.c:438:14: warning: unused variable 'start_time' [-Wunused-variable]
  438 |     uint32_t start_time = HAL_GetTick();  // Record the start time
      |              ^~~~~~~~~~
../Core/Src/main.c: In function 'main':
../Core/Src/main.c:669:32: warning: passing argument 2 of 'HAL_UART_Receive_IT' from incompatible pointer type [-Wincompatible-pointer-types]
  669 |   HAL_UART_Receive_IT(&huart2, &responseData, sizeof(responseData));
      |                                ^~~~~~~~~~~~~
      |                                |
      |                                uint8_t (*)[2] {aka unsigned char (*)[2]}
In file included from ../Core/Inc/stm32f1xx_hal_conf.h:338,
                 from ../Drivers/STM32F1xx_HAL_Driver/Inc/stm32f1xx_hal.h:29,
                 from ../Core/Inc/main.h:30,
                 from ../Core/Src/main.c:20:
../Drivers/STM32F1xx_HAL_Driver/Inc/stm32f1xx_hal_uart.h:752:75: note: expected 'uint8_t *' {aka 'unsigned char *'} but argument is of type 'uint8_t (*)[2]' {aka 'unsigned char (*)[2]'}
  752 | HAL_StatusTypeDef HAL_UART_Receive_IT(UART_HandleTypeDef *huart, uint8_t *pData, uint16_t Size);
      |                                                                  ~~~~~~~~~^~~~~
arm-none-eabi-gcc -o "turnstile_stm_program.elf" @"objects.list"   -mcpu=cortex-m3 -T"/Users/vihaanravishankar/Desktop/Turnstile stuff/turnstile_stm_program/STM32F103RBTX_FLASH.ld" --specs=nosys.specs -Wl,-Map="turnstile_stm_program.map" -Wl,--gc-sections -static --specs=nano.specs -mfloat-abi=soft -mthumb -Wl,--start-group -lc -lm -Wl,--end-group
Finished building target: turnstile_stm_program.elf
 
arm-none-eabi-size  turnstile_stm_program.elf 
arm-none-eabi-objdump -h -S turnstile_stm_program.elf  > "turnstile_stm_program.list"
   text	   data	    bss	    dec	    hex	filename
  24996	   1008	  18064	  44068	   ac24	turnstile_stm_program.elf
Finished building: default.size.stdout
 
Finished building: turnstile_stm_program.list
 

16:16:14 Build Finished. 0 errors, 23 warnings. (took 1s.159ms)

